Microchip MPLAB XC8 Compiler V2.32

Linker command line:

-W-3 --edf=C:\Program Files\Microchip\xc8\v2.32\pic\dat\en_msgs.txt -cn \
  -h+dist/default/production\ProjetoFINAL.X.production.sym \
  --cmf=dist/default/production\ProjetoFINAL.X.production.cmf -z -Q16F1827 \
  -oC:\Users\Alunos\AppData\Local\Temp\xcAsefg.4 --defsym=__MPLAB_BUILD=1 \
  -Mdist/default/production/ProjetoFINAL.X.production.map -E1 \
  -ver=XC8 Compiler --acfsm=1493 -ASTACK=020B0h-0216Fh -pstack=STACK \
  -ACODE=00h-07FFhx2 -ASTRCODE=00h-0FFFh -ASTRING=00h-0FFhx16 \
  -ACONST=00h-0FFhx16 -AENTRY=00h-0FFhx16 -ACOMMON=070h-07Fh \
  -ABANK0=020h-06Fh -ABANK1=0A0h-0EFh -ABANK2=0120h-016Fh \
  -ABANK3=01A0h-01EFh -ABANK4=0220h-024Fh -ABIGRAM=02000h-0216Fh \
  -ARAM=020h-06Fh,0A0h-0EFh,0120h-016Fh,01A0h-01EFh,0220h-024Fh \
  -AABS1=020h-07Fh,0A0h-0EFh,0120h-016Fh,01A0h-01EFh,0220h-024Fh \
  -ASFR0=00h-01Fh -ASFR1=080h-09Fh -ASFR2=0100h-011Fh -ASFR3=0180h-019Fh \
  -ASFR4=0200h-021Fh -ASFR5=0280h-02EFh -ASFR6=0300h-036Fh \
  -ASFR7=0380h-03EFh -ASFR8=0400h-046Fh -ASFR9=0480h-04EFh \
  -ASFR10=0500h-056Fh -ASFR11=0580h-05EFh -ASFR12=0600h-066Fh \
  -ASFR13=0680h-06EFh -ASFR14=0700h-076Fh -ASFR15=0780h-07EFh \
  -ASFR16=0800h-086Fh -ASFR17=0880h-08EFh -ASFR18=0900h-096Fh \
  -ASFR19=0980h-09EFh -ASFR20=0A00h-0A6Fh -ASFR21=0A80h-0AEFh \
  -ASFR22=0B00h-0B6Fh -ASFR23=0B80h-0BEFh -ASFR24=0C00h-0C6Fh \
  -ASFR25=0C80h-0CEFh -ASFR26=0D00h-0D6Fh -ASFR27=0D80h-0DEFh \
  -ASFR28=0E00h-0E6Fh -ASFR29=0E80h-0EEFh -ASFR30=0F00h-0F6Fh \
  -ASFR31=0F80h-0FEFh -ACONFIG=08007h-08008h -DCONFIG=2 \
  -AIDLOC=08000h-08003h -DIDLOC=2 -AEEDATA=00h-0FFh/0F000h \
  -peeprom_data=EEDATA -DEEDATA=2 -DCODE=2 -DSTRCODE=2 -DSTRING=2 -DCONST=2 \
  -DENTRY=2 -preset_vec=00h,intentry=04h,init,end_init -ppowerup=CODE \
  -pcinit=CODE -pfunctab=ENTRY -k \
  C:\Users\Alunos\AppData\Local\Temp\xcAsefg.o \
  dist/default/production\ProjetoFINAL.X.production.o 

Object code version is 3.11

Machine type is 16F1827



                Name                               Link     Load   Length Selector   Space Scale
C:\Users\Alunos\AppData\Local\Temp\xcAsefg.o
                end_init                             5E       5E        2        8       0
                reset_vec                             0        0        2        0       0
                config                             8007     8007        2        0       4
                idloc                              8000     8000        4        0       5
dist/default/production\ProjetoFINAL.X.production.o
                cinit                                60       60       21        8       0
                intentry                              4        4       5A        8       0
                eeprom_data                           0     F000       28    1E000       3
                config                             8007     8007        2        0       4
                idloc                              8000     8000        4        0       5
                text69                              C08      C08       11     1810       0
                text68                              C79      C79       17     18F2       0
                text67                              E34      E34       44     1C68       0
                text66                              AD4      AD4        1     15A8       0
                text65                              C63      C63       16     18C6       0
                text64                              AF0      AF0        6     15E0       0
                text63                              AF6      AF6        6     15EC       0
                text62                              C3C      C3C       13     1878       0
                text61                              AFC      AFC        6     15F8       0
                text60                              BBC      BBC        F     1778       0
                text59                              AD5      AD5        1     15AA       0
                text58                              BCB      BCB        F     1796       0
                text57                              B02      B02        6     1604       0
                text56                              AD6      AD6        1     15AC       0
                text55                              BDA      BDA        F     17B4       0
                text54                              C19      C19       11     1832       0
                text53                              AD7      AD7        1     15AE       0
                text52                              C90      C90       17     1920       0
                text51                              B82      B82        A     1704       0
                text50                              AE1      AE1        5     15C2       0
                text49                              AE6      AE6        5     15CC       0
                text48                              D45      D45       2E     1A8A       0
                text47                              E00      E00       34     1C00       0
                text46                              759      759       74        8       0
                text45                              F2E      F2E       60     1E5C       0
                text44                              AD8      AD8        1     15B0       0
                text43                              BE9      BE9        F     17D2       0
                text41                              CDE      CDE       1E     19BC       0
                text40                              BF8      BF8       10     17F0       0
                text39                              AEB      AEB        5     15D6       0
                text38                              E78      E78       57     1CF0       0
                text37                              B21      B21        8     1642       0
                text36                              B31      B31        9     1662       0
                text35                              C2A      C2A       12     1854       0
                text34                              B97      B97        C     172E       0
                text33                              BA3      BA3        C     1746       0
                text32                              B08      B08        6     1610       0
                text31                              B3A      B3A        9     1674       0
                text30                              B43      B43        9     1686       0
                text29                              B4C      B4C        9     1698       0
                text28                              D20      D20       25     1A40       0
                text27                              AD9      AD9        4     15B2       0
                text26                              B1A      B1A        7     1634       0
                text25                              B55      B55        9     16AA       0
                text24                              B5E      B5E        9     16BC       0
                text23                              DD0      DD0       30     1BA0       0
                text22                              B67      B67        9     16CE       0
                text21                              B8C      B8C        B     1718       0
                text20                              B70      B70        9     16E0       0
                text19                              CA7      CA7       1B     194E       0
                text18                              B29      B29        8     1652       0
                text17                              B79      B79        9     16F2       0
                text16                              C4F      C4F       14     189E       0
                text15                              ADD      ADD        4     15BA       0
                text14                              D73      D73       2E     1AE6       0
                text13                              2D8      2D8      1B4        8       0
                text12                              CFC      CFC       24     19F8       0
                text11                               81       81      257        8       0
                text10                              6E4      6E4       75        8       0
                text9                               5B4      5B4       AD        8       0
                text8                               BAF      BAF        D     175E       0
                text7                               ECF      ECF       5F     1D9E       0
                text6                               CC2      CC2       1C     1984       0
                text5                               DA1      DA1       2F     1B42       0
                text4                               661      661       83        8       0
                text3                               B0E      B0E        6     161C       0
                text2                               7CD      7CD       30        8       0
                text1                               F8E      F8E       72     1F1C       0
                maintext                            48C      48C      128        8       0
                cstackBANK0                          20       20       49       20       1
                cstackCOMMON                         70       70        E       70       1
                cstackBANK1                          DA       DA        F       A0       1
                clrtext                             B14      B14        6     1628       0
                bssBANK2                            120      120       10      120       1
                dataBANK1                            E9       E9        2       A0       1
                bssBANK1                             A0       A0       28       A0       1
                bssBANK0                             69       69        3       20       1
                nvBANK1                              C8       C8       12       A0       1
                stringtext1                         7FD      7FD        4      FFA       0
                idataBANK1                            2        2        2        0       0

TOTAL           Name                               Link     Load   Length     Space
        CLASS   STACK          

        CLASS   CODE           
                end_init                             5E       5E        2         0
                cinit                                60       60       21         0
                intentry                              4        4       5A         0
                reset_vec                             0        0        2         0
                text69                              C08      C08       11         0
                text68                              C79      C79       17         0
                text67                              E34      E34       44         0
                text66                              AD4      AD4        1         0
                text65                              C63      C63       16         0
                text64                              AF0      AF0        6         0
                text63                              AF6      AF6        6         0
                text62                              C3C      C3C       13         0
                text61                              AFC      AFC        6         0
                text60                              BBC      BBC        F         0
                text59                              AD5      AD5        1         0
                text58                              BCB      BCB        F         0
                text57                              B02      B02        6         0
                text56                              AD6      AD6        1         0
                text55                              BDA      BDA        F         0
                text54                              C19      C19       11         0
                text53                              AD7      AD7        1         0
                text52                              C90      C90       17         0
                text51                              B82      B82        A         0
                text50                              AE1      AE1        5         0
                text49                              AE6      AE6        5         0
                text48                              D45      D45       2E         0
                text47                              E00      E00       34         0
                text46                              759      759       74         0
                text45                              F2E      F2E       60         0
                text44                              AD8      AD8        1         0
                text43                              BE9      BE9        F         0
                text41                              CDE      CDE       1E         0
                text40                              BF8      BF8       10         0
                text39                              AEB      AEB        5         0
                text38                              E78      E78       57         0
                text37                              B21      B21        8         0
                text36                              B31      B31        9         0
                text35                              C2A      C2A       12         0
                text34                              B97      B97        C         0
                text33                              BA3      BA3        C         0
                text32                              B08      B08        6         0
                text31                              B3A      B3A        9         0
                text30                              B43      B43        9         0
                text29                              B4C      B4C        9         0
                text28                              D20      D20       25         0
                text27                              AD9      AD9        4         0
                text26                              B1A      B1A        7         0
                text25                              B55      B55        9         0
                text24                              B5E      B5E        9         0
                text23                              DD0      DD0       30         0
                text22                              B67      B67        9         0
                text21                              B8C      B8C        B         0
                text20                              B70      B70        9         0
                text19                              CA7      CA7       1B         0
                text18                              B29      B29        8         0
                text17                              B79      B79        9         0
                text16                              C4F      C4F       14         0
                text15                              ADD      ADD        4         0
                text14                              D73      D73       2E         0
                text13                              2D8      2D8      1B4         0
                text12                              CFC      CFC       24         0
                text11                               81       81      257         0
                text10                              6E4      6E4       75         0
                text9                               5B4      5B4       AD         0
                text8                               BAF      BAF        D         0
                text7                               ECF      ECF       5F         0
                text6                               CC2      CC2       1C         0
                text5                               DA1      DA1       2F         0
                text4                               661      661       83         0
                text3                               B0E      B0E        6         0
                text2                               7CD      7CD       30         0
                text1                               F8E      F8E       72         0
                maintext                            48C      48C      128         0
                clrtext                             B14      B14        6         0
                idataBANK1                            2        2        2         0

        CLASS   STRCODE        
                stringtext1                         7FD      7FD        4         0

        CLASS   STRING         

        CLASS   CONST          

        CLASS   ENTRY          

        CLASS   COMMON         
                cstackCOMMON                         70       70        E         1

        CLASS   BANK0          
                cstackBANK0                          20       20       49         1
                bssBANK0                             69       69        3         1

        CLASS   BANK1          
                cstackBANK1                          DA       DA        F         1
                dataBANK1                            E9       E9        2         1
                bssBANK1                             A0       A0       28         1
                nvBANK1                              C8       C8       12         1

        CLASS   BANK2          
                bssBANK2                            120      120       10         1

        CLASS   BANK3          

        CLASS   BANK4          

        CLASS   BIGRAM         

        CLASS   RAM            

        CLASS   ABS1           
                abs_s1                               7E       7E        2         1

        CLASS   SFR0           

        CLASS   SFR1           

        CLASS   SFR2           

        CLASS   SFR3           

        CLASS   SFR4           

        CLASS   SFR5           

        CLASS   SFR6           

        CLASS   SFR7           

        CLASS   SFR8           

        CLASS   SFR9           

        CLASS   SFR10          

        CLASS   SFR11          

        CLASS   SFR12          

        CLASS   SFR13          

        CLASS   SFR14          

        CLASS   SFR15          

        CLASS   SFR16          

        CLASS   SFR17          

        CLASS   SFR18          

        CLASS   SFR19          

        CLASS   SFR20          

        CLASS   SFR21          

        CLASS   SFR22          

        CLASS   SFR23          

        CLASS   SFR24          

        CLASS   SFR25          

        CLASS   SFR26          

        CLASS   SFR27          

        CLASS   SFR28          

        CLASS   SFR29          

        CLASS   SFR30          

        CLASS   SFR31          

        CLASS   CONFIG         
                config                             8007     8007        2         4

        CLASS   IDLOC          
                idloc                              8000     8000        4         5

        CLASS   EEDATA         
                eeprom_data                           0     F000       28         3

        CLASS   BANK31         

        CLASS   BANK30         

        CLASS   BANK29         

        CLASS   BANK28         

        CLASS   BANK27         

        CLASS   BANK26         

        CLASS   BANK25         

        CLASS   BANK24         

        CLASS   BANK23         

        CLASS   BANK22         

        CLASS   BANK21         

        CLASS   BANK20         

        CLASS   BANK19         

        CLASS   BANK18         

        CLASS   BANK17         

        CLASS   BANK16         

        CLASS   BANK15         

        CLASS   BANK14         

        CLASS   BANK13         

        CLASS   BANK12         

        CLASS   BANK11         

        CLASS   BANK10         

        CLASS   BANK9          

        CLASS   BANK8          

        CLASS   BANK7          

        CLASS   BANK6          

        CLASS   BANK5          



SEGMENTS        Name                           Load    Length   Top    Selector   Space  Class     Delta

                reset_vec                      000000  000004  000004         0       0  CODE        2
                intentry                       000004  0007F9  0007FD         8       0  CODE        2
                cstackBANK0                    000020  00004C  00006C        20       1  BANK0       1
                cstackCOMMON                   000070  00000E  00007E        70       1  COMMON      1
                bssBANK1                       0000A0  00004B  0000EB        A0       1  BANK1       1
                bssBANK2                       000120  000010  000130       120       1  BANK2       1
                stringtext1                    0007FD  000004  000801       FFA       0  STRCODE     2
                text66                         000AD4  000001  000AD5      15A8       0  CODE        2
                text59                         000AD5  000001  000AD6      15AA       0  CODE        2
                text56                         000AD6  000001  000AD7      15AC       0  CODE        2
                text53                         000AD7  000001  000AD8      15AE       0  CODE        2
                text44                         000AD8  000001  000AD9      15B0       0  CODE        2
                text27                         000AD9  000004  000ADD      15B2       0  CODE        2
                text15                         000ADD  000004  000AE1      15BA       0  CODE        2
                text50                         000AE1  000005  000AE6      15C2       0  CODE        2
                text49                         000AE6  000005  000AEB      15CC       0  CODE        2
                text39                         000AEB  000005  000AF0      15D6       0  CODE        2
                text64                         000AF0  000006  000AF6      15E0       0  CODE        2
                text63                         000AF6  000006  000AFC      15EC       0  CODE        2
                text61                         000AFC  000006  000B02      15F8       0  CODE        2
                text57                         000B02  000006  000B08      1604       0  CODE        2
                text32                         000B08  000006  000B0E      1610       0  CODE        2
                text3                          000B0E  000006  000B14      161C       0  CODE        2
                clrtext                        000B14  000006  000B1A      1628       0  CODE        2
                text26                         000B1A  000007  000B21      1634       0  CODE        2
                text37                         000B21  000008  000B29      1642       0  CODE        2
                text18                         000B29  000008  000B31      1652       0  CODE        2
                text36                         000B31  000009  000B3A      1662       0  CODE        2
                text31                         000B3A  000009  000B43      1674       0  CODE        2
                text30                         000B43  000009  000B4C      1686       0  CODE        2
                text29                         000B4C  000009  000B55      1698       0  CODE        2
                text25                         000B55  000009  000B5E      16AA       0  CODE        2
                text24                         000B5E  000009  000B67      16BC       0  CODE        2
                text22                         000B67  000009  000B70      16CE       0  CODE        2
                text20                         000B70  000009  000B79      16E0       0  CODE        2
                text17                         000B79  000009  000B82      16F2       0  CODE        2
                text51                         000B82  00000A  000B8C      1704       0  CODE        2
                text21                         000B8C  00000B  000B97      1718       0  CODE        2
                text34                         000B97  00000C  000BA3      172E       0  CODE        2
                text33                         000BA3  00000C  000BAF      1746       0  CODE        2
                text8                          000BAF  00000D  000BBC      175E       0  CODE        2
                text60                         000BBC  00000F  000BCB      1778       0  CODE        2
                text58                         000BCB  00000F  000BDA      1796       0  CODE        2
                text55                         000BDA  00000F  000BE9      17B4       0  CODE        2
                text43                         000BE9  00000F  000BF8      17D2       0  CODE        2
                text40                         000BF8  000010  000C08      17F0       0  CODE        2
                text69                         000C08  000011  000C19      1810       0  CODE        2
                text54                         000C19  000011  000C2A      1832       0  CODE        2
                text35                         000C2A  000012  000C3C      1854       0  CODE        2
                text62                         000C3C  000013  000C4F      1878       0  CODE        2
                text16                         000C4F  000014  000C63      189E       0  CODE        2
                text65                         000C63  000016  000C79      18C6       0  CODE        2
                text68                         000C79  000017  000C90      18F2       0  CODE        2
                text52                         000C90  000017  000CA7      1920       0  CODE        2
                text19                         000CA7  00001B  000CC2      194E       0  CODE        2
                text6                          000CC2  00001C  000CDE      1984       0  CODE        2
                text41                         000CDE  00001E  000CFC      19BC       0  CODE        2
                text12                         000CFC  000024  000D20      19F8       0  CODE        2
                text28                         000D20  000025  000D45      1A40       0  CODE        2
                text48                         000D45  00002E  000D73      1A8A       0  CODE        2
                text14                         000D73  00002E  000DA1      1AE6       0  CODE        2
                text5                          000DA1  00002F  000DD0      1B42       0  CODE        2
                text23                         000DD0  000030  000E00      1BA0       0  CODE        2
                text47                         000E00  000034  000E34      1C00       0  CODE        2
                text67                         000E34  000044  000E78      1C68       0  CODE        2
                text38                         000E78  000057  000ECF      1CF0       0  CODE        2
                text7                          000ECF  00005F  000F2E      1D9E       0  CODE        2
                text45                         000F2E  000060  000F8E      1E5C       0  CODE        2
                text1                          000F8E  000072  001000      1F1C       0  CODE        2
                eeprom_data                    00F000  000028  00F028     1E000       3  EEDATA      2


UNUSED ADDRESS RANGES

        Name                Unused          Largest block    Delta
        BANK0            0006C-0006F               4           1
        BANK1            000EB-000EF               5           1
        BANK2            00130-0016F              40           1
        BANK3            001A0-001EF              50           1
        BANK4            00220-0024F              30           1
        BIGRAM           02000-0216F             170           1
        CODE             00801-00AD3             2D3           2
        CONST            00801-00AD3             100           2
        EEDATA           0F028-0F0FF              D8           2
        ENTRY            00801-00AD3             100           2
        RAM              0006C-0006F               4           1
                         000EB-000EF               5
                         00130-0016F              40
                         001A0-001EF              50
                         00220-0024F              30
        SFR0             00000-0001F              20           1
        SFR1             00080-0009F              20           1
        SFR10            00500-0056F              70           1
        SFR11            00580-005EF              70           1
        SFR12            00600-0066F              70           1
        SFR13            00680-006EF              70           1
        SFR14            00700-0076F              70           1
        SFR15            00780-007EF              70           1
        SFR16            00800-0086F              70           1
        SFR17            00880-008EF              70           1
        SFR18            00900-0096F              70           1
        SFR19            00980-009EF              70           1
        SFR2             00100-0011F              20           1
        SFR20            00A00-00A6F              70           1
        SFR21            00A80-00AEF              70           1
        SFR22            00B00-00B6F              70           1
        SFR23            00B80-00BEF              70           1
        SFR24            00C00-00C6F              70           1
        SFR25            00C80-00CEF              70           1
        SFR26            00D00-00D6F              70           1
        SFR27            00D80-00DEF              70           1
        SFR28            00E00-00E6F              70           1
        SFR29            00E80-00EEF              70           1
        SFR3             00180-0019F              20           1
        SFR30            00F00-00F6F              70           1
        SFR31            00F80-00FEF              70           1
        SFR4             00200-0021F              20           1
        SFR5             00280-002EF              70           1
        SFR6             00300-0036F              70           1
        SFR7             00380-003EF              70           1
        SFR8             00400-0046F              70           1
        SFR9             00480-004EF              70           1
        STACK            020B0-0216F              C0           1
        STRCODE          00801-00AD3             2D3           2
        STRING           00801-00AD3             100           2

                                  Symbol Table

?_ADC_GetConversion                            cstackBANK0  00023
?__Umul8_16                                    cstackBANK0  00023
?___fldiv                                      cstackBANK0  0004F
?___flmul                                      cstackBANK0  00035
?___fltol                                      cstackBANK1  000DA
?___xxtofl                                     cstackBANK0  00027
?i1___fltol                                    cstackCOMMON 00070
ADC_GetConversion@channel                      cstackBANK0  00026
CCP4_CaptureISR@module                         cstackCOMMON 00078
CCP4_SetCallBack@customCallBack                cstackBANK0  00023
DATAEE_ReadByte@bAdd                           cstackBANK0  00023
EUSART_SetErrorHandler@interruptHandler        cstackBANK0  00023
EUSART_SetFramingErrorHandler@interruptHandler cstackBANK0  00023
EUSART_SetOverrunErrorHandler@interruptHandler cstackBANK0  00023
EUSART_Write@txData                            cstackCOMMON 00070
Enc@colect_value                               cstackCOMMON 00074
IOCBF0_SetInterruptHandler@InterruptHandler    cstackBANK0  00023
IOCBF3_SetInterruptHandler@InterruptHandler    cstackBANK0  00023
PWM3_LoadDutyValue@dutyValue                   cstackBANK0  00023
SPI1_Open@spi1UniqueConfiguration              cstackBANK0  00026
SPI1_WriteByte@byte                            cstackBANK0  00023
TMR1_SetInterruptHandler@InterruptHandler      cstackBANK0  00023
TMR1_WriteTimer@timerVal                       cstackCOMMON 00070
TMR4_SetInterruptHandler@InterruptHandler      cstackBANK0  00023
TMR4_WriteTimer@timerVal                       cstackCOMMON 00070
_ADCON0                                        (abs)        0009D
_ADCON0bits                                    (abs)        0009D
_ADCON1                                        (abs)        0009E
_ADC_GetConversion                             text41       00CDE
_ADC_Initialize                                text37       00B21
_ADRESH                                        (abs)        0009C
_ADRESL                                        (abs)        0009B
_ANSELA                                        (abs)        0018C
_ANSELB                                        (abs)        0018D
_APFCON0                                       (abs)        0011D
_APFCON1                                       (abs)        0011E
_BAUDCON                                       (abs)        0019F
_BORCON                                        (abs)        00116
_CCP3CON                                       (abs)        00313
_CCP4CON                                       (abs)        0031A
_CCP4_CallBack                                 nvBANK1      000C8
_CCP4_CaptureISR                               text65       00C63
_CCP4_DefaultCallBack                          text66       00AD4
_CCP4_Initialize                               text35       00C2A
_CCP4_SetCallBack                              text36       00B31
_CCPR3H                                        (abs)        00312
_CCPR3L                                        (abs)        00311
_CCPR4H                                        (abs)        00319
_CCPR4L                                        (abs)        00318
_CCPTMRS0bits                                  (abs)        0029E
_CM1CON0                                       (abs)        00111
_CM1CON1                                       (abs)        00112
_CM2CON0                                       (abs)        00113
_CM2CON1                                       (abs)        00114
_CMOUTbits                                     (abs)        00115
_CMP1_ISR                                      text63       00AF6
_CMP1_Initialize                               text34       00B97
_CMP2_ISR                                      text61       00AFC
_CMP2_Initialize                               text33       00BA3
_DACCON0                                       (abs)        00118
_DACCON1                                       (abs)        00119
_DAC_Initialize                                text32       00B08
_DATAEE_ReadByte                               text8        00BAF
_EEADRH                                        (abs)        00192
_EEADRL                                        (abs)        00191
_EECON1bits                                    (abs)        00195
_EECON2                                        (abs)        00196
_EEDATH                                        (abs)        00194
_EEDATL                                        (abs)        00193
_EUSART_DefaultErrorHandler                    (abs)        00000
_EUSART_DefaultFramingErrorHandler             (abs)        00000
_EUSART_DefaultOverrunErrorHandler             (abs)        00000
_EUSART_ErrorHandler                           nvBANK1      000D0
_EUSART_FramingErrorHandler                    nvBANK1      000D4
_EUSART_Initialize                             text28       00D20
_EUSART_OverrunErrorHandler                    nvBANK1      000D2
_EUSART_Read                                   text40       00BF8
_EUSART_SetErrorHandler                        text31       00B3A
_EUSART_SetFramingErrorHandler                 text30       00B43
_EUSART_SetOverrunErrorHandler                 text29       00B4C
_EUSART_Write                                  text51       00B82
_EUSART_is_rx_ready                            text39       00AEB
_Enc                                           text67       00E34
_FVRCON                                        (abs)        00117
_FVRCONbits                                    (abs)        00117
_FVR_Initialize                                text27       00AD9
_INTCONbits                                    (abs)        0000B
_INTERRUPT_InterruptManager                    intentry     00004
_IOCBF0_DefaultInterruptHandler                text59       00AD5
_IOCBF0_ISR                                    text58       00BCB
_IOCBF0_InterruptHandler                       nvBANK1      000D8
_IOCBF0_SetInterruptHandler                    text25       00B55
_IOCBF3_DefaultInterruptHandler                text56       00AD6
_IOCBF3_ISR                                    text55       00BDA
_IOCBF3_InterruptHandler                       nvBANK1      000D6
_IOCBF3_SetInterruptHandler                    text24       00B5E
_IOCBFbits                                     (abs)        00396
_IOCBNbits                                     (abs)        00395
_IOCBPbits                                     (abs)        00394
_LATA                                          (abs)        0010C
_LATAbits                                      (abs)        0010C
_LATB                                          (abs)        0010D
_LATBbits                                      (abs)        0010D
_LED                                           bssBANK1     000A0
_OPTION_REGbits                                (abs)        00095
_OSCCON                                        (abs)        00099
_OSCILLATOR_Initialize                         text26       00B1A
_OSCTUNE                                       (abs)        00098
_PIE1bits                                      (abs)        00091
_PIE2bits                                      (abs)        00092
_PIE3bits                                      (abs)        00093
_PIN_MANAGER_IOC                               text54       00C19
_PIN_MANAGER_Initialize                        text23       00DD0
_PIR1bits                                      (abs)        00011
_PIR2bits                                      (abs)        00012
_PIR3bits                                      (abs)        00013
_PORTAbits                                     (abs)        0000C
_PR2                                           (abs)        0001B
_PR4                                           (abs)        00416
_PWM3_Initialize                               text22       00B67
_PWM3_LoadDutyValue                            text6        00CC2
_RCREG                                         (abs)        00199
_RCSTA                                         (abs)        0019D
_RCSTAbits                                     (abs)        0019D
_S1                                            text60       00BBC
_S2                                            text57       00B02
_S3                                            text64       00AF0
_S4                                            text62       00C3C
_SPBRGH                                        (abs)        0019C
_SPBRGL                                        (abs)        0019B
_SPI1_Initialize                               text21       00B8C
_SPI1_Open                                     text38       00E78
_SPI1_WriteByte                                text3        00B0E
_SSP1ADD                                       (abs)        00212
_SSP1BUF                                       (abs)        00211
_SSP1CON1                                      (abs)        00215
_SSP1CON1bits                                  (abs)        00215
_SSP1CON2                                      (abs)        00216
_SSP1STAT                                      (abs)        00214
_SYSTEM_Initialize                             text14       00D73
_T1CON                                         (abs)        00018
_T1CONbits                                     (abs)        00018
_T1GCON                                        (abs)        00019
_T1GCONbits                                    (abs)        00019
_T2CON                                         (abs)        0001C
_T2CONbits                                     (abs)        0001C
_T4CON                                         (abs)        00417
_T4CONbits                                     (abs)        00417
_TMR1H                                         (abs)        00017
_TMR1L                                         (abs)        00016
_TMR1_DefaultInterruptHandler                  text53       00AD7
_TMR1_ISR                                      text52       00C90
_TMR1_Initialize                               text19       00CA7
_TMR1_InterruptHandler                         nvBANK1      000CC
_TMR1_SetInterruptHandler                      text20       00B70
_TMR1_WriteTimer                               text69       00C08
_TMR2                                          (abs)        0001A
_TMR2_Initialize                               text18       00B29
_TMR4                                          (abs)        00415
_TMR4_DefaultInterruptHandler                  text44       00AD8
_TMR4_ISR                                      text43       00BE9
_TMR4_Initialize                               text16       00C4F
_TMR4_InterruptHandler                         nvBANK1      000CA
_TMR4_SetInterruptHandler                      text17       00B79
_TMR4_WriteTimer                               text50       00AE1
_TRISA                                         (abs)        0008C
_TRISB                                         (abs)        0008D
_TRISBbits                                     (abs)        0008D
_TXREG                                         (abs)        0019A
_TXSTA                                         (abs)        0019E
_TXSTAbits                                     (abs)        0019E
_WDTCON                                        (abs)        00097
_WDT_Initialize                                text15       00ADD
_WPUA                                          (abs)        0020C
_WPUB                                          (abs)        0020D
__Beeprom_data                                 eeprom_data  0F000
__Habs1                                        abs1         00000
__Hbank0                                       bank0        00000
__Hbank1                                       bank1        00000
__Hbank10                                      bank10       00000
__Hbank11                                      bank11       00000
__Hbank12                                      bank12       00000
__Hbank13                                      bank13       00000
__Hbank14                                      bank14       00000
__Hbank15                                      bank15       00000
__Hbank16                                      bank16       00000
__Hbank17                                      bank17       00000
__Hbank18                                      bank18       00000
__Hbank19                                      bank19       00000
__Hbank2                                       bank2        00000
__Hbank20                                      bank20       00000
__Hbank21                                      bank21       00000
__Hbank22                                      bank22       00000
__Hbank23                                      bank23       00000
__Hbank24                                      bank24       00000
__Hbank25                                      bank25       00000
__Hbank26                                      bank26       00000
__Hbank27                                      bank27       00000
__Hbank28                                      bank28       00000
__Hbank29                                      bank29       00000
__Hbank3                                       bank3        00000
__Hbank30                                      bank30       00000
__Hbank31                                      bank31       00000
__Hbank4                                       bank4        00000
__Hbank5                                       bank5        00000
__Hbank6                                       bank6        00000
__Hbank7                                       bank7        00000
__Hbank8                                       bank8        00000
__Hbank9                                       bank9        00000
__Hbigram                                      bigram       00000
__HbssBANK0                                    bssBANK0     00000
__HbssBANK1                                    bssBANK1     00000
__HbssBANK2                                    bssBANK2     00000
__Hcinit                                       cinit        00081
__Hclrtext                                     clrtext      00000
__Hcode                                        code         00000
__Hcommon                                      common       00000
__Hconfig                                      config       08009
__HcstackBANK0                                 cstackBANK0  00000
__HcstackBANK1                                 cstackBANK1  00000
__HcstackCOMMON                                cstackCOMMON 00000
__HdataBANK1                                   dataBANK1    00000
__Heeprom_data                                 eeprom_data  00028
__Hend_init                                    end_init     00060
__Hfunctab                                     functab      00000
__HidataBANK1                                  idataBANK1   00000
__Hidloc                                       idloc        08004
__Hinit                                        init         0005E
__Hintentry                                    intentry     0005E
__Hmaintext                                    maintext     00000
__HnvBANK1                                     nvBANK1      00000
__Hpowerup                                     powerup      00000
__Hram                                         ram          00000
__Hreset_vec                                   reset_vec    00002
__Hsfr0                                        sfr0         00000
__Hsfr1                                        sfr1         00000
__Hsfr10                                       sfr10        00000
__Hsfr11                                       sfr11        00000
__Hsfr12                                       sfr12        00000
__Hsfr13                                       sfr13        00000
__Hsfr14                                       sfr14        00000
__Hsfr15                                       sfr15        00000
__Hsfr16                                       sfr16        00000
__Hsfr17                                       sfr17        00000
__Hsfr18                                       sfr18        00000
__Hsfr19                                       sfr19        00000
__Hsfr2                                        sfr2         00000
__Hsfr20                                       sfr20        00000
__Hsfr21                                       sfr21        00000
__Hsfr22                                       sfr22        00000
__Hsfr23                                       sfr23        00000
__Hsfr24                                       sfr24        00000
__Hsfr25                                       sfr25        00000
__Hsfr26                                       sfr26        00000
__Hsfr27                                       sfr27        00000
__Hsfr28                                       sfr28        00000
__Hsfr29                                       sfr29        00000
__Hsfr3                                        sfr3         00000
__Hsfr30                                       sfr30        00000
__Hsfr31                                       sfr31        00000
__Hsfr4                                        sfr4         00000
__Hsfr5                                        sfr5         00000
__Hsfr6                                        sfr6         00000
__Hsfr7                                        sfr7         00000
__Hsfr8                                        sfr8         00000
__Hsfr9                                        sfr9         00000
__Hspace_0                                     (abs)        01000
__Hspace_1                                     (abs)        00130
__Hspace_2                                     (abs)        00000
__Hspace_3                                     (abs)        00028
__Hspace_4                                     (abs)        10010
__Hstack                                       stack        00000
__Hstrings                                     strings      00000
__Hstringtext1                                 stringtext1  00000
__Htext                                        text         00000
__Labs1                                        abs1         00000
__Lbank0                                       bank0        00000
__Lbank1                                       bank1        00000
__Lbank10                                      bank10       00000
__Lbank11                                      bank11       00000
__Lbank12                                      bank12       00000
__Lbank13                                      bank13       00000
__Lbank14                                      bank14       00000
__Lbank15                                      bank15       00000
__Lbank16                                      bank16       00000
__Lbank17                                      bank17       00000
__Lbank18                                      bank18       00000
__Lbank19                                      bank19       00000
__Lbank2                                       bank2        00000
__Lbank20                                      bank20       00000
__Lbank21                                      bank21       00000
__Lbank22                                      bank22       00000
__Lbank23                                      bank23       00000
__Lbank24                                      bank24       00000
__Lbank25                                      bank25       00000
__Lbank26                                      bank26       00000
__Lbank27                                      bank27       00000
__Lbank28                                      bank28       00000
__Lbank29                                      bank29       00000
__Lbank3                                       bank3        00000
__Lbank30                                      bank30       00000
__Lbank31                                      bank31       00000
__Lbank4                                       bank4        00000
__Lbank5                                       bank5        00000
__Lbank6                                       bank6        00000
__Lbank7                                       bank7        00000
__Lbank8                                       bank8        00000
__Lbank9                                       bank9        00000
__Lbigram                                      bigram       00000
__LbssBANK0                                    bssBANK0     00000
__LbssBANK1                                    bssBANK1     00000
__LbssBANK2                                    bssBANK2     00000
__Lcinit                                       cinit        00060
__Lclrtext                                     clrtext      00000
__Lcode                                        code         00000
__Lcommon                                      common       00000
__Lconfig                                      config       00000
__LcstackBANK0                                 cstackBANK0  00000
__LcstackBANK1                                 cstackBANK1  00000
__LcstackCOMMON                                cstackCOMMON 00000
__LdataBANK1                                   dataBANK1    00000
__Leeprom_data                                 eeprom_data  00000
__Lend_init                                    end_init     0005E
__Lfunctab                                     functab      00000
__LidataBANK1                                  idataBANK1   00000
__Lidloc                                       idloc        00000
__Linit                                        init         0005E
__Lintentry                                    intentry     00004
__Lmaintext                                    maintext     00000
__LnvBANK1                                     nvBANK1      00000
__Lpowerup                                     powerup      00000
__Lram                                         ram          00000
__Lreset_vec                                   reset_vec    00000
__Lsfr0                                        sfr0         00000
__Lsfr1                                        sfr1         00000
__Lsfr10                                       sfr10        00000
__Lsfr11                                       sfr11        00000
__Lsfr12                                       sfr12        00000
__Lsfr13                                       sfr13        00000
__Lsfr14                                       sfr14        00000
__Lsfr15                                       sfr15        00000
__Lsfr16                                       sfr16        00000
__Lsfr17                                       sfr17        00000
__Lsfr18                                       sfr18        00000
__Lsfr19                                       sfr19        00000
__Lsfr2                                        sfr2         00000
__Lsfr20                                       sfr20        00000
__Lsfr21                                       sfr21        00000
__Lsfr22                                       sfr22        00000
__Lsfr23                                       sfr23        00000
__Lsfr24                                       sfr24        00000
__Lsfr25                                       sfr25        00000
__Lsfr26                                       sfr26        00000
__Lsfr27                                       sfr27        00000
__Lsfr28                                       sfr28        00000
__Lsfr29                                       sfr29        00000
__Lsfr3                                        sfr3         00000
__Lsfr30                                       sfr30        00000
__Lsfr31                                       sfr31        00000
__Lsfr4                                        sfr4         00000
__Lsfr5                                        sfr5         00000
__Lsfr6                                        sfr6         00000
__Lsfr7                                        sfr7         00000
__Lsfr8                                        sfr8         00000
__Lsfr9                                        sfr9         00000
__Lspace_0                                     (abs)        00000
__Lspace_1                                     (abs)        00000
__Lspace_2                                     (abs)        00000
__Lspace_3                                     (abs)        00000
__Lspace_4                                     (abs)        00000
__Lstack                                       stack        00000
__Lstrings                                     strings      00000
__Lstringtext1                                 stringtext1  00000
__Ltext                                        text         00000
__S0                                           (abs)        01000
__S1                                           (abs)        00130
__S2                                           (abs)        00000
__S3                                           (abs)        0F028
__Umul8_16                                     text12       00CFC
__Umul8_16@multiplicand                        cstackBANK0  00023
__Umul8_16@multiplier                          cstackBANK0  0002B
__Umul8_16@product                             cstackBANK0  00027
__Umul8_16@word_mpld                           cstackBANK0  00029
___fldiv                                       text13       002D8
___fldiv@a                                     cstackBANK0  0004F
___fldiv@aexp                                  cstackBANK0  00068
___fldiv@b                                     cstackBANK0  00053
___fldiv@bexp                                  cstackBANK0  00067
___fldiv@grs                                   cstackBANK0  00063
___fldiv@new_exp                               cstackBANK0  00061
___fldiv@rem                                   cstackBANK0  0005C
___fldiv@sign                                  cstackBANK0  00060
___flmul                                       text11       00081
___flmul@a                                     cstackBANK0  00039
___flmul@aexp                                  cstackBANK0  00047
___flmul@b                                     cstackBANK0  00035
___flmul@bexp                                  cstackBANK0  00048
___flmul@grs                                   cstackBANK0  00043
___flmul@prod                                  cstackBANK0  00049
___flmul@sign                                  cstackBANK0  00042
___flmul@temp                                  cstackBANK0  0004D
___fltol                                       text10       006E4
___fltol@exp1                                  cstackBANK1  000E4
___fltol@f1                                    cstackBANK1  000DA
___fltol@sign1                                 cstackBANK1  000E3
___int_sp                                      stack        00000
___latbits                                     (abs)        00001
___sp                                          stack        00000
___stackhi                                     (abs)        0216F
___stacklo                                     (abs)        020B0
___xxtofl                                      text9        005B4
___xxtofl@arg                                  cstackBANK0  00031
___xxtofl@exp                                  cstackBANK0  00030
___xxtofl@sign                                 cstackBANK0  0002F
___xxtofl@val                                  cstackBANK0  00027
__end_of_ADC_GetConversion                     text41       00CFC
__end_of_ADC_Initialize                        text37       00B29
__end_of_CCP4_CaptureISR                       text65       00C79
__end_of_CCP4_DefaultCallBack                  text66       00AD5
__end_of_CCP4_Initialize                       text35       00C3C
__end_of_CCP4_SetCallBack                      text36       00B3A
__end_of_CMP1_ISR                              text63       00AFC
__end_of_CMP1_Initialize                       text34       00BA3
__end_of_CMP2_ISR                              text61       00B02
__end_of_CMP2_Initialize                       text33       00BAF
__end_of_DAC_Initialize                        text32       00B0E
__end_of_DATAEE_ReadByte                       text8        00BBC
__end_of_EUSART_Initialize                     text28       00D45
__end_of_EUSART_Read                           text40       00C08
__end_of_EUSART_SetErrorHandler                text31       00B43
__end_of_EUSART_SetFramingErrorHandler         text30       00B4C
__end_of_EUSART_SetOverrunErrorHandler         text29       00B55
__end_of_EUSART_Write                          text51       00B8C
__end_of_EUSART_is_rx_ready                    text39       00AF0
__end_of_Enc                                   text67       00E78
__end_of_FVR_Initialize                        text27       00ADD
__end_of_INTERRUPT_InterruptManager            intentry     0005E
__end_of_IOCBF0_DefaultInterruptHandler        text59       00AD6
__end_of_IOCBF0_ISR                            text58       00BDA
__end_of_IOCBF0_SetInterruptHandler            text25       00B5E
__end_of_IOCBF3_DefaultInterruptHandler        text56       00AD7
__end_of_IOCBF3_ISR                            text55       00BE9
__end_of_IOCBF3_SetInterruptHandler            text24       00B67
__end_of_OSCILLATOR_Initialize                 text26       00B21
__end_of_PIN_MANAGER_IOC                       text54       00C2A
__end_of_PIN_MANAGER_Initialize                text23       00E00
__end_of_PWM3_Initialize                       text22       00B70
__end_of_PWM3_LoadDutyValue                    text6        00CDE
__end_of_S1                                    text60       00BCB
__end_of_S2                                    text57       00B08
__end_of_S3                                    text64       00AF6
__end_of_S4                                    text62       00C4F
__end_of_SPI1_Initialize                       text21       00B97
__end_of_SPI1_Open                             text38       00ECF
__end_of_SPI1_WriteByte                        text3        00B14
__end_of_SYSTEM_Initialize                     text14       00DA1
__end_of_TMR1_DefaultInterruptHandler          text53       00AD8
__end_of_TMR1_ISR                              text52       00CA7
__end_of_TMR1_Initialize                       text19       00CC2
__end_of_TMR1_SetInterruptHandler              text20       00B79
__end_of_TMR1_WriteTimer                       text69       00C19
__end_of_TMR2_Initialize                       text18       00B31
__end_of_TMR4_DefaultInterruptHandler          text44       00AD9
__end_of_TMR4_ISR                              text43       00BF8
__end_of_TMR4_Initialize                       text16       00C63
__end_of_TMR4_SetInterruptHandler              text17       00B82
__end_of_TMR4_WriteTimer                       text50       00AE6
__end_of_WDT_Initialize                        text15       00AE1
__end_of__Umul8_16                             text12       00D20
__end_of___fldiv                               text13       0048C
__end_of___flmul                               text11       002D8
__end_of___fltol                               text10       00759
__end_of___xxtofl                              text9        00661
__end_of__initialization                       cinit        0007D
__end_of_andar                                 text7        00F2E
__end_of_comm                                  text45       00F8E
__end_of_controle                              text4        006E4
__end_of_deslocamento                          text5        00DD0
__end_of_initMAX7219                           text1        01000
__end_of_leds                                  text47       00E34
__end_of_main                                  maintext     005B4
__end_of_spi1_configuration                    stringtext1  00801
__end_of_txMAX7219                             text2        007FD
__end_ofi1_PWM3_LoadDutyValue                  text68       00C90
__end_ofi1_SPI1_WriteByte                      text49       00AEB
__end_ofi1___fltol                             text46       007CD
__end_ofi1_txMAX7219                           text48       00D73
__initialization                               cinit        00060
__pbssBANK0                                    bssBANK0     00069
__pbssBANK1                                    bssBANK1     000A0
__pbssBANK2                                    bssBANK2     00120
__pcstackBANK0                                 cstackBANK0  00020
__pcstackBANK1                                 cstackBANK1  000DA
__pcstackCOMMON                                cstackCOMMON 00070
__pdataBANK1                                   dataBANK1    000E9
__pidataBANK1                                  idataBANK1   00002
__pintentry                                    intentry     00004
__pmaintext                                    maintext     0048C
__pnvBANK1                                     nvBANK1      000C8
__pstringtext1                                 stringtext1  007FD
__ptext1                                       text1        00F8E
__ptext10                                      text10       006E4
__ptext11                                      text11       00081
__ptext12                                      text12       00CFC
__ptext13                                      text13       002D8
__ptext14                                      text14       00D73
__ptext15                                      text15       00ADD
__ptext16                                      text16       00C4F
__ptext17                                      text17       00B79
__ptext18                                      text18       00B29
__ptext19                                      text19       00CA7
__ptext2                                       text2        007CD
__ptext20                                      text20       00B70
__ptext21                                      text21       00B8C
__ptext22                                      text22       00B67
__ptext23                                      text23       00DD0
__ptext24                                      text24       00B5E
__ptext25                                      text25       00B55
__ptext26                                      text26       00B1A
__ptext27                                      text27       00AD9
__ptext28                                      text28       00D20
__ptext29                                      text29       00B4C
__ptext3                                       text3        00B0E
__ptext30                                      text30       00B43
__ptext31                                      text31       00B3A
__ptext32                                      text32       00B08
__ptext33                                      text33       00BA3
__ptext34                                      text34       00B97
__ptext35                                      text35       00C2A
__ptext36                                      text36       00B31
__ptext37                                      text37       00B21
__ptext38                                      text38       00E78
__ptext39                                      text39       00AEB
__ptext4                                       text4        00661
__ptext40                                      text40       00BF8
__ptext41                                      text41       00CDE
__ptext43                                      text43       00BE9
__ptext44                                      text44       00AD8
__ptext45                                      text45       00F2E
__ptext46                                      text46       00759
__ptext47                                      text47       00E00
__ptext48                                      text48       00D45
__ptext49                                      text49       00AE6
__ptext5                                       text5        00DA1
__ptext50                                      text50       00AE1
__ptext51                                      text51       00B82
__ptext52                                      text52       00C90
__ptext53                                      text53       00AD7
__ptext54                                      text54       00C19
__ptext55                                      text55       00BDA
__ptext56                                      text56       00AD6
__ptext57                                      text57       00B02
__ptext58                                      text58       00BCB
__ptext59                                      text59       00AD5
__ptext6                                       text6        00CC2
__ptext60                                      text60       00BBC
__ptext61                                      text61       00AFC
__ptext62                                      text62       00C3C
__ptext63                                      text63       00AF6
__ptext64                                      text64       00AF0
__ptext65                                      text65       00C63
__ptext66                                      text66       00AD4
__ptext67                                      text67       00E34
__ptext68                                      text68       00C79
__ptext69                                      text69       00C08
__ptext7                                       text7        00ECF
__ptext8                                       text8        00BAF
__ptext9                                       text9        005B4
__size_of_ADC_GetConversion                    (abs)        00000
__size_of_ADC_Initialize                       (abs)        00000
__size_of_CCP4_CaptureISR                      (abs)        00000
__size_of_CCP4_DefaultCallBack                 (abs)        00000
__size_of_CCP4_Initialize                      (abs)        00000
__size_of_CCP4_SetCallBack                     (abs)        00000
__size_of_CMP1_ISR                             (abs)        00000
__size_of_CMP1_Initialize                      (abs)        00000
__size_of_CMP2_ISR                             (abs)        00000
__size_of_CMP2_Initialize                      (abs)        00000
__size_of_DAC_Initialize                       (abs)        00000
__size_of_DATAEE_ReadByte                      (abs)        00000
__size_of_EUSART_Initialize                    (abs)        00000
__size_of_EUSART_Read                          (abs)        00000
__size_of_EUSART_SetErrorHandler               (abs)        00000
__size_of_EUSART_SetFramingErrorHandler        (abs)        00000
__size_of_EUSART_SetOverrunErrorHandler        (abs)        00000
__size_of_EUSART_Write                         (abs)        00000
__size_of_EUSART_is_rx_ready                   (abs)        00000
__size_of_Enc                                  (abs)        00000
__size_of_FVR_Initialize                       (abs)        00000
__size_of_INTERRUPT_InterruptManager           (abs)        00000
__size_of_IOCBF0_DefaultInterruptHandler       (abs)        00000
__size_of_IOCBF0_ISR                           (abs)        00000
__size_of_IOCBF0_SetInterruptHandler           (abs)        00000
__size_of_IOCBF3_DefaultInterruptHandler       (abs)        00000
__size_of_IOCBF3_ISR                           (abs)        00000
__size_of_IOCBF3_SetInterruptHandler           (abs)        00000
__size_of_OSCILLATOR_Initialize                (abs)        00000
__size_of_PIN_MANAGER_IOC                      (abs)        00000
__size_of_PIN_MANAGER_Initialize               (abs)        00000
__size_of_PWM3_Initialize                      (abs)        00000
__size_of_PWM3_LoadDutyValue                   (abs)        00000
__size_of_S1                                   (abs)        00000
__size_of_S2                                   (abs)        00000
__size_of_S3                                   (abs)        00000
__size_of_S4                                   (abs)        00000
__size_of_SPI1_Initialize                      (abs)        00000
__size_of_SPI1_Open                            (abs)        00000
__size_of_SPI1_WriteByte                       (abs)        00000
__size_of_SYSTEM_Initialize                    (abs)        00000
__size_of_TMR1_DefaultInterruptHandler         (abs)        00000
__size_of_TMR1_ISR                             (abs)        00000
__size_of_TMR1_Initialize                      (abs)        00000
__size_of_TMR1_SetInterruptHandler             (abs)        00000
__size_of_TMR1_WriteTimer                      (abs)        00000
__size_of_TMR2_Initialize                      (abs)        00000
__size_of_TMR4_DefaultInterruptHandler         (abs)        00000
__size_of_TMR4_ISR                             (abs)        00000
__size_of_TMR4_Initialize                      (abs)        00000
__size_of_TMR4_SetInterruptHandler             (abs)        00000
__size_of_TMR4_WriteTimer                      (abs)        00000
__size_of_WDT_Initialize                       (abs)        00000
__size_of__Umul8_16                            (abs)        00000
__size_of___fldiv                              (abs)        00000
__size_of___flmul                              (abs)        00000
__size_of___fltol                              (abs)        00000
__size_of___xxtofl                             (abs)        00000
__size_of_andar                                (abs)        00000
__size_of_comm                                 (abs)        00000
__size_of_controle                             (abs)        00000
__size_of_deslocamento                         (abs)        00000
__size_of_initMAX7219                          (abs)        00000
__size_of_leds                                 (abs)        00000
__size_of_main                                 (abs)        00000
__size_of_txMAX7219                            (abs)        00000
__size_ofi1_PWM3_LoadDutyValue                 (abs)        00000
__size_ofi1_SPI1_WriteByte                     (abs)        00000
__size_ofi1___fltol                            (abs)        00000
__size_ofi1_txMAX7219                          (abs)        00000
_andar                                         text7        00ECF
_colect_value                                  bssBANK1     000BE
_comm                                          text45       00F2E
_controle                                      text4        00661
_deslocamento                                  text5        00DA1
_eusartRxLastError                             bssBANK1     000B9
_initMAX7219                                   text1        00F8E
_leds                                          text47       00E00
_main                                          maintext     0048C
_matrix                                        bssBANK2     00120
_motor                                         bssBANK1     000C2
_pos_atual                                     bssBANK0     00069
_pos_final                                     bssBANK1     000B4
_position                                      bssBANK1     000BA
_pulsos                                        bssBANK1     000C0
_rxByte                                        bssBANK0     0006B
_speed                                         bssBANK1     000C4
_spi1_configuration                            stringtext1  007FD
_temp                                          bssBANK1     000C6
_timer1ReloadVal                               nvBANK1      000CE
_txByte                                        bssBANK1     000A8
_txMAX7219                                     text2        007CD
_u                                             bssBANK1     000B2
andar@i                                        cstackBANK0  00026
andar@i_1609                                   cstackBANK0  00028
btemp                                          (abs)        0007E
clear_ram0                                     clrtext      00B14
comm@i                                         cstackCOMMON 0007C
end_of_initialization                          cinit        0007D
i1PWM3_LoadDutyValue@dutyValue                 cstackCOMMON 00070
i1SPI1_WriteByte@byte                          cstackCOMMON 00070
i1_PWM3_LoadDutyValue                          text68       00C79
i1_SPI1_WriteByte                              text49       00AE6
i1___fltol                                     text46       00759
i1___fltol@exp1                                cstackCOMMON 0007A
i1___fltol@f1                                  cstackCOMMON 00070
i1___fltol@sign1                               cstackCOMMON 00079
i1_txMAX7219                                   text48       00D45
i1txMAX7219@addr0                              cstackCOMMON 00074
i1txMAX7219@addr1                              cstackCOMMON 00072
i1txMAX7219@dat0                               cstackCOMMON 00071
i1txMAX7219@dat1                               cstackCOMMON 00073
int$flags                                      (abs)        0007E
intlevel0                                      functab      00000
intlevel1                                      functab      00000
intlevel2                                      functab      00000
intlevel3                                      functab      00000
intlevel4                                      functab      00000
intlevel5                                      functab      00000
leds@i                                         cstackCOMMON 0007A
reset_vec                                      reset_vec    00000
start                                          init         0005E
start_initialization                           cinit        00060
txMAX7219@addr0                                cstackBANK0  00027
txMAX7219@addr1                                cstackBANK0  00025
txMAX7219@dat0                                 cstackBANK0  00024
txMAX7219@dat1                                 cstackBANK0  00026
wtemp0                                         (abs)        0007E


MODULE INFORMATION

Module		Function		Class		Link	Load	Size
mcc_generated_files/cmp1.c
		_CMP1_Initialize		CODE           	0B97	0000	12

mcc_generated_files/cmp1.c estimated size: 12

mcc_generated_files/fvr.c
		_FVR_Initialize		CODE           	0AD9	0000	4

mcc_generated_files/fvr.c estimated size: 4

mcc_generated_files/tmr4.c
		_TMR4_ISR      		CODE           	0BE9	0000	15
		_TMR4_Initialize		CODE           	0C4F	0000	20
		_TMR4_SetInterruptHandler		CODE           	0B79	0000	9
		_TMR4_DefaultInterruptHandler		CODE           	0AD8	0000	1
		_TMR4_WriteTimer		CODE           	0AE1	0000	5

mcc_generated_files/tmr4.c estimated size: 50

ledMatrix.c
		_initMAX7219   		CODE           	0F8E	0000	114
		_txMAX7219     		CODE           	07CD	0000	48

ledMatrix.c estimated size: 162

mcc_generated_files/tmr2.c
		_TMR2_Initialize		CODE           	0B29	0000	8

mcc_generated_files/tmr2.c estimated size: 8

mcc_generated_files/interrupt_manager.c
		_INTERRUPT_InterruptManager		CODE           	0004	0000	90

mcc_generated_files/interrupt_manager.c estimated size: 90

mcc_generated_files/pin_manager.c
		_IOCBF3_DefaultInterruptHandler		CODE           	0AD6	0000	1
		_IOCBF0_ISR    		CODE           	0BCB	0000	15
		_PIN_MANAGER_Initialize		CODE           	0DD0	0000	48
		_IOCBF3_ISR    		CODE           	0BDA	0000	15
		_IOCBF0_SetInterruptHandler		CODE           	0B55	0000	9
		_IOCBF3_SetInterruptHandler		CODE           	0B5E	0000	9
		_PIN_MANAGER_IOC		CODE           	0C19	0000	17
		_IOCBF0_DefaultInterruptHandler		CODE           	0AD5	0000	1

mcc_generated_files/pin_manager.c estimated size: 115

mcc_generated_files/spi1.c
		_SPI1_WriteByte		CODE           	0B0E	0000	6
		_SPI1_Open     		CODE           	0E78	0000	87
		_SPI1_Initialize		CODE           	0B8C	0000	11

mcc_generated_files/spi1.c estimated size: 104

mcc_generated_files/ccp4.c
		_CCP4_SetCallBack		CODE           	0B31	0000	9
		_CCP4_CaptureISR		CODE           	0C63	0000	22
		_CCP4_DefaultCallBack		CODE           	0AD4	0000	1
		_CCP4_Initialize		CODE           	0C2A	0000	18

mcc_generated_files/ccp4.c estimated size: 50

mcc_generated_files/adc.c
		_ADC_Initialize		CODE           	0B21	0000	8
		_ADC_GetConversion		CODE           	0CDE	0000	30

mcc_generated_files/adc.c estimated size: 38

mcc_generated_files/cmp2.c
		_CMP2_Initialize		CODE           	0BA3	0000	12

mcc_generated_files/cmp2.c estimated size: 12

shared
		i1_SPI1_WriteByte		CODE           	0AE6	0000	5
		i1_txMAX7219   		CODE           	0D45	0000	46
		i1___fltol     		CODE           	0759	0000	116
		__initialization		CODE           	0060	0000	29
		_spi1_configuration		STRCODE        	07FD	0000	4
		i1_PWM3_LoadDutyValue		CODE           	0C79	0000	23

shared estimated size: 223

C:\Program Files\Microchip\xc8\v2.32\pic\sources\c99\common\sprcmul.c
		___flmul       		CODE           	0081	0000	599

C:\Program Files\Microchip\xc8\v2.32\pic\sources\c99\common\sprcmul.c estimated size: 599

mcc_generated_files/mcc.c
		_WDT_Initialize		CODE           	0ADD	0000	4
		_OSCILLATOR_Initialize		CODE           	0B1A	0000	7
		_SYSTEM_Initialize		CODE           	0D73	0000	46

mcc_generated_files/mcc.c estimated size: 57

C:\Program Files\Microchip\xc8\v2.32\pic\sources\c99\common\sprcdiv.c
		___fldiv       		CODE           	02D8	0000	436

C:\Program Files\Microchip\xc8\v2.32\pic\sources\c99\common\sprcdiv.c estimated size: 436

mcc_generated_files/pwm3.c
		_PWM3_Initialize		CODE           	0B67	0000	9
		_PWM3_LoadDutyValue		CODE           	0CC2	0000	28

mcc_generated_files/pwm3.c estimated size: 37

C:\Program Files\Microchip\xc8\v2.32\pic\sources\c99\common\Umul8_16.c
		__Umul8_16     		CODE           	0CFC	0000	36

C:\Program Files\Microchip\xc8\v2.32\pic\sources\c99\common\Umul8_16.c estimated size: 36

mcc_generated_files/tmr1.c
		_TMR1_Initialize		CODE           	0CA7	0000	27
		_TMR1_SetInterruptHandler		CODE           	0B70	0000	9
		_TMR1_DefaultInterruptHandler		CODE           	0AD7	0000	1
		_TMR1_WriteTimer		CODE           	0C08	0000	17
		_TMR1_ISR      		CODE           	0C90	0000	23

mcc_generated_files/tmr1.c estimated size: 77

C:\Program Files\Microchip\xc8\v2.32\pic\sources\c99\common\fltol.c
		___fltol       		CODE           	06E4	0000	117

C:\Program Files\Microchip\xc8\v2.32\pic\sources\c99\common\fltol.c estimated size: 117

mcc_generated_files/memory.c
		_DATAEE_ReadByte		CODE           	0BAF	0000	13

mcc_generated_files/memory.c estimated size: 13

C:\Program Files\Microchip\xc8\v2.32\pic\sources\c99\common\xxtofl.c
		___xxtofl      		CODE           	05B4	0000	173

C:\Program Files\Microchip\xc8\v2.32\pic\sources\c99\common\xxtofl.c estimated size: 173

mcc_generated_files/eusart.c
		_EUSART_Read   		CODE           	0BF8	0000	16
		_EUSART_Write  		CODE           	0B82	0000	10
		_EUSART_Initialize		CODE           	0D20	0000	37
		_EUSART_SetFramingErrorHandler		CODE           	0B43	0000	9
		_EUSART_SetErrorHandler		CODE           	0B3A	0000	9
		_EUSART_SetOverrunErrorHandler		CODE           	0B4C	0000	9
		_EUSART_is_rx_ready		CODE           	0AEB	0000	5

mcc_generated_files/eusart.c estimated size: 95

mcc_generated_files/dac.c
		_DAC_Initialize		CODE           	0B08	0000	6

mcc_generated_files/dac.c estimated size: 6

main.c
		_S1            		CODE           	0BBC	0000	15
		_S2            		CODE           	0B02	0000	6
		_S3            		CODE           	0AF0	0000	6
		_S4            		CODE           	0C3C	0000	19
		_main          		CODE           	048C	0000	296
		_controle      		CODE           	0661	0000	131
		_Enc           		CODE           	0E34	0000	68
		_deslocamento  		CODE           	0DA1	0000	47
		_comm          		CODE           	0F2E	0000	96
		_leds          		CODE           	0E00	0000	52
		_CMP1_ISR      		CODE           	0AF6	0000	6
		_andar         		CODE           	0ECF	0000	95
		_CMP2_ISR      		CODE           	0AFC	0000	6

main.c estimated size: 843

