Microchip MPLAB XC8 Compiler V2.32

Linker command line:

-W-3 --edf=C:\Program Files\Microchip\xc8\v2.32\pic\dat\en_msgs.txt -cn \
  -h+dist/default/debug\ProjetoFINAL.X.debug.sym \
  --cmf=dist/default/debug\ProjetoFINAL.X.debug.cmf -z -Q16F1827 \
  -oC:\Users\Alunos\AppData\Local\Temp\xcAses0.4 --defsym=__MPLAB_BUILD=1 \
  -Mdist/default/debug/ProjetoFINAL.X.debug.map -E1 -ver=XC8 Compiler \
  --acfsm=1493 -ASTACK=020CEh-0215Fh -pstack=STACK -ACODE=00h-07FFhx2 \
  -ASTRCODE=00h-0FFFh -ASTRING=00h-0FFhx16 -ACONST=00h-0FFhx16 \
  -AENTRY=00h-0FFhx16 -ACOMMON=070h-07Fh -ABANK0=020h-06Fh \
  -ABANK1=0A0h-0EFh -ABANK2=0120h-016Fh -ABANK3=01A0h-01EFh \
  -ABANK4=0220h-023Fh -ABIGRAM=02000h-0215Fh \
  -ARAM=020h-06Fh,0A0h-0EFh,0120h-016Fh,01A0h-01EFh,0220h-023Fh \
  -AABS1=020h-07Fh,0A0h-0EFh,0120h-016Fh,01A0h-01EFh,0220h-024Fh \
  -ASFR0=00h-01Fh -ASFR1=080h-09Fh -ASFR2=0100h-011Fh -ASFR3=0180h-019Fh \
  -ASFR4=0200h-021Fh -ASFR5=0280h-02EFh -ASFR6=0300h-036Fh \
  -ASFR7=0380h-03EFh -ASFR8=0400h-046Fh -ASFR9=0480h-04EFh \
  -ASFR10=0500h-056Fh -ASFR11=0580h-05EFh -ASFR12=0600h-066Fh \
  -ASFR13=0680h-06EFh -ASFR14=0700h-076Fh -ASFR15=0780h-07EFh \
  -ASFR16=0800h-086Fh -ASFR17=0880h-08EFh -ASFR18=0900h-096Fh \
  -ASFR19=0980h-09EFh -ASFR20=0A00h-0A6Fh -ASFR21=0A80h-0AEFh \
  -ASFR22=0B00h-0B6Fh -ASFR23=0B80h-0BEFh -ASFR24=0C00h-0C6Fh \
  -ASFR25=0C80h-0CEFh -ASFR26=0D00h-0D6Fh -ASFR27=0D80h-0DEFh \
  -ASFR28=0E00h-0E6Fh -ASFR29=0E80h-0EEFh -ASFR30=0F00h-0F6Fh \
  -ASFR31=0F80h-0FEFh -ACONFIG=08007h-08008h -DCONFIG=2 \
  -AIDLOC=08000h-08003h -DIDLOC=2 -AEEDATA=00h-0FFh/0F000h \
  -peeprom_data=EEDATA -DEEDATA=2 -DCODE=2 -DSTRCODE=2 -DSTRING=2 -DCONST=2 \
  -DENTRY=2 -preset_vec=00h,intentry=04h,init,end_init -ppowerup=CODE \
  -pcinit=CODE -pfunctab=ENTRY -k \
  C:\Users\Alunos\AppData\Local\Temp\xcAses0.o \
  dist/default/debug\ProjetoFINAL.X.debug.o 

Object code version is 3.11

Machine type is 16F1827



                Name                               Link     Load   Length Selector   Space Scale
C:\Users\Alunos\AppData\Local\Temp\xcAses0.o
                end_init                             80       80        2        8       0
                reset_vec                             0        0        3        0       0
                config                             8007     8007        2        0       4
                idloc                              8000     8000        4        0       5
dist/default/debug\ProjetoFINAL.X.debug.o
                cinit                                82       82       20        8       0
                intentry                              4        4       7C        8       0
                eeprom_data                           0     F000       28    1E000       3
                config                             8007     8007        2        0       4
                idloc                              8000     8000        4        0       5
                text77                              A0D      A0D       11     141A       0
                text76                              A57      A57       17     14AE       0
                text75                              C93      C93       44     1926       0
                text74                              8D0      8D0        1     11A0       0
                text73                              A41      A41       16     1482       0
                text72                              746      746       A5        8       0
                text71                              927      927        9     124E       0
                text70                              8EC      8EC        6     11D8       0
                text69                              9A5      9A5        A     134A       0
                text68                              8F2      8F2        6     11E4       0
                text67                              ABA      ABA       1C     1574       0
                text66                              8D7      8D7        4     11AE       0
                text65                              8D1      8D1        1     11A2       0
                text64                              8DB      8DB        4     11B6       0
                text63                              C56      C56       3D     18AC       0
                text62                              B2C      B2C       21     1658       0
                text61                              8F8      8F8        6     11F0       0
                text60                              8D2      8D2        1     11A4       0
                text59                              9E0      9E0        F     13C0       0
                text58                              930      930        9     1260       0
                text57                              8D3      8D3        1     11A6       0
                text56                              9EF      9EF        F     13DE       0
                text55                              A1E      A1E       11     143C       0
                text54                              8D4      8D4        1     11A8       0
                text53                              A6E      A6E       17     14DC       0
                text52                              B71      B71       28     16E2       0
                text51                              8E7      8E7        5     11CE       0
                text50                              A85      A85       1A     150A       0
                text49                              BF4      BF4       30     17E8       0
                text48                              F06      F06       74     1E0C       0
                text47                              D1E      D1E       51     1A3C       0
                text46                                3        3        1        0       0
                text45                              9FE      9FE        F     13FC       0
                text43                              B0E      B0E       1E     161C       0
                text42                              B99      B99       2D     1732       0
                text41                              939      939        9     1272       0
                text40                              D6F      D6F       57     1ADE       0
                text39                              917      917        8     122E       0
                text38                              942      942        9     1284       0
                text37                              A2F      A2F       12     145E       0
                text36                              9AF      9AF        C     135E       0
                text35                              9BB      9BB        C     1376       0
                text34                              8FE      8FE        6     11FC       0
                text33                              94B      94B        9     1296       0
                text32                              954      954        9     12A8       0
                text31                              95D      95D        9     12BA       0
                text30                              966      966        9     12CC       0
                text29                              96F      96F        9     12DE       0
                text28                              CD7      CD7       47     19AE       0
                text27                              8DF      8DF        4     11BE       0
                text26                              910      910        7     1220       0
                text25                              978      978        9     12F0       0
                text24                              981      981        9     1302       0
                text23                              C24      C24       32     1848       0
                text22                              98A      98A        9     1314       0
                text21                              9C7      9C7        C     138E       0
                text20                              993      993        9     1326       0
                text19                              A9F      A9F       1B     153E       0
                text18                              91F      91F        8     123E       0
                text17                              99C      99C        9     1338       0
                text16                              7EB      7EB       14        8       0
                text15                              8E3      8E3        4     11C6       0
                text14                              BC6      BC6       2E     178C       0
                text13                              2F9      2F9      1B4        8       0
                text12                              B4D      B4D       24     169A       0
                text11                               A2       A2      257        8       0
                text10                              F7A      F7A       86     1EF4       0
                text9                               699      699       AD        8       0
                text8                               9D3      9D3        D     13A6       0
                text7                               DC6      DC6       5E     1B8C       0
                text6                               AD6      AD6       1C     15AC       0
                text5                               5E4      5E4       B5        8       0
                text4                               E24      E24       70     1C48       0
                text3                               904      904        6     1208       0
                text2                               AF2      AF2       1C     15E4       0
                text1                               E94      E94       72     1D28       0
                maintext                            4AD      4AD      137        8       0
                cstackBANK0                          20       20       4C       20       1
                cstackCOMMON                         70       70        E       70       1
                cstackBANK1                          E5       E5        7       A0       1
                cstackBANK2                         14A      14A        4      120       1
                clrtext                             90A      90A        6     1214       0
                bssBANK2                            120      120       20      120       1
                dataBANK1                            EC       EC        2       A0       1
                bssBANK1                             A0       A0       38       A0       1
                bssBANK0                             6C       6C        2       20       1
                nvBANK2                             140      140        A      120       1
                nvBANK1                              D8       D8        D       A0       1
                stringtext1                         7FF      7FF        4      FFE       0
                idataBANK1                          8D5      8D5        2     11AA       0

TOTAL           Name                               Link     Load   Length     Space
        CLASS   STACK          

        CLASS   CODE           
                end_init                             80       80        2         0
                cinit                                82       82       20         0
                intentry                              4        4       7C         0
                reset_vec                             0        0        3         0
                text77                              A0D      A0D       11         0
                text76                              A57      A57       17         0
                text75                              C93      C93       44         0
                text74                              8D0      8D0        1         0
                text73                              A41      A41       16         0
                text72                              746      746       A5         0
                text71                              927      927        9         0
                text70                              8EC      8EC        6         0
                text69                              9A5      9A5        A         0
                text68                              8F2      8F2        6         0
                text67                              ABA      ABA       1C         0
                text66                              8D7      8D7        4         0
                text65                              8D1      8D1        1         0
                text64                              8DB      8DB        4         0
                text63                              C56      C56       3D         0
                text62                              B2C      B2C       21         0
                text61                              8F8      8F8        6         0
                text60                              8D2      8D2        1         0
                text59                              9E0      9E0        F         0
                text58                              930      930        9         0
                text57                              8D3      8D3        1         0
                text56                              9EF      9EF        F         0
                text55                              A1E      A1E       11         0
                text54                              8D4      8D4        1         0
                text53                              A6E      A6E       17         0
                text52                              B71      B71       28         0
                text51                              8E7      8E7        5         0
                text50                              A85      A85       1A         0
                text49                              BF4      BF4       30         0
                text48                              F06      F06       74         0
                text47                              D1E      D1E       51         0
                text46                                3        3        1         0
                text45                              9FE      9FE        F         0
                text43                              B0E      B0E       1E         0
                text42                              B99      B99       2D         0
                text41                              939      939        9         0
                text40                              D6F      D6F       57         0
                text39                              917      917        8         0
                text38                              942      942        9         0
                text37                              A2F      A2F       12         0
                text36                              9AF      9AF        C         0
                text35                              9BB      9BB        C         0
                text34                              8FE      8FE        6         0
                text33                              94B      94B        9         0
                text32                              954      954        9         0
                text31                              95D      95D        9         0
                text30                              966      966        9         0
                text29                              96F      96F        9         0
                text28                              CD7      CD7       47         0
                text27                              8DF      8DF        4         0
                text26                              910      910        7         0
                text25                              978      978        9         0
                text24                              981      981        9         0
                text23                              C24      C24       32         0
                text22                              98A      98A        9         0
                text21                              9C7      9C7        C         0
                text20                              993      993        9         0
                text19                              A9F      A9F       1B         0
                text18                              91F      91F        8         0
                text17                              99C      99C        9         0
                text16                              7EB      7EB       14         0
                text15                              8E3      8E3        4         0
                text14                              BC6      BC6       2E         0
                text13                              2F9      2F9      1B4         0
                text12                              B4D      B4D       24         0
                text11                               A2       A2      257         0
                text10                              F7A      F7A       86         0
                text9                               699      699       AD         0
                text8                               9D3      9D3        D         0
                text7                               DC6      DC6       5E         0
                text6                               AD6      AD6       1C         0
                text5                               5E4      5E4       B5         0
                text4                               E24      E24       70         0
                text3                               904      904        6         0
                text2                               AF2      AF2       1C         0
                text1                               E94      E94       72         0
                maintext                            4AD      4AD      137         0
                clrtext                             90A      90A        6         0
                idataBANK1                          8D5      8D5        2         0

        CLASS   STRCODE        
                stringtext1                         7FF      7FF        4         0

        CLASS   STRING         

        CLASS   CONST          

        CLASS   ENTRY          

        CLASS   COMMON         
                cstackCOMMON                         70       70        E         1

        CLASS   BANK0          
                cstackBANK0                          20       20       4C         1
                bssBANK0                             6C       6C        2         1

        CLASS   BANK1          
                cstackBANK1                          E5       E5        7         1
                dataBANK1                            EC       EC        2         1
                bssBANK1                             A0       A0       38         1
                nvBANK1                              D8       D8        D         1

        CLASS   BANK2          
                cstackBANK2                         14A      14A        4         1
                bssBANK2                            120      120       20         1
                nvBANK2                             140      140        A         1

        CLASS   BANK3          

        CLASS   BANK4          

        CLASS   BIGRAM         

        CLASS   RAM            

        CLASS   ABS1           
                abs_s1                               7E       7E        2         1

        CLASS   SFR0           

        CLASS   SFR1           

        CLASS   SFR2           

        CLASS   SFR3           

        CLASS   SFR4           

        CLASS   SFR5           

        CLASS   SFR6           

        CLASS   SFR7           

        CLASS   SFR8           

        CLASS   SFR9           

        CLASS   SFR10          

        CLASS   SFR11          

        CLASS   SFR12          

        CLASS   SFR13          

        CLASS   SFR14          

        CLASS   SFR15          

        CLASS   SFR16          

        CLASS   SFR17          

        CLASS   SFR18          

        CLASS   SFR19          

        CLASS   SFR20          

        CLASS   SFR21          

        CLASS   SFR22          

        CLASS   SFR23          

        CLASS   SFR24          

        CLASS   SFR25          

        CLASS   SFR26          

        CLASS   SFR27          

        CLASS   SFR28          

        CLASS   SFR29          

        CLASS   SFR30          

        CLASS   SFR31          

        CLASS   CONFIG         
                config                             8007     8007        2         4

        CLASS   IDLOC          
                idloc                              8000     8000        4         5

        CLASS   EEDATA         
                eeprom_data                           0     F000       28         3

        CLASS   BANK31         

        CLASS   BANK30         

        CLASS   BANK29         

        CLASS   BANK28         

        CLASS   BANK27         

        CLASS   BANK26         

        CLASS   BANK25         

        CLASS   BANK24         

        CLASS   BANK23         

        CLASS   BANK22         

        CLASS   BANK21         

        CLASS   BANK20         

        CLASS   BANK19         

        CLASS   BANK18         

        CLASS   BANK17         

        CLASS   BANK16         

        CLASS   BANK15         

        CLASS   BANK14         

        CLASS   BANK13         

        CLASS   BANK12         

        CLASS   BANK11         

        CLASS   BANK10         

        CLASS   BANK9          

        CLASS   BANK8          

        CLASS   BANK7          

        CLASS   BANK6          

        CLASS   BANK5          



SEGMENTS        Name                           Load    Length   Top    Selector   Space  Class     Delta

                reset_vec                      000000  000004  000004         0       0  CODE        2
                intentry                       000004  0007FB  0007FF         8       0  CODE        2
                cstackBANK0                    000020  00004E  00006E        20       1  BANK0       1
                cstackCOMMON                   000070  00000E  00007E        70       1  COMMON      1
                bssBANK1                       0000A0  00004E  0000EE        A0       1  BANK1       1
                bssBANK2                       000120  00002E  00014E       120       1  BANK2       1
                stringtext1                    0007FF  000004  000803       FFE       0  STRCODE     2
                text74                         0008D0  000001  0008D1      11A0       0  CODE        2
                text65                         0008D1  000001  0008D2      11A2       0  CODE        2
                text60                         0008D2  000001  0008D3      11A4       0  CODE        2
                text57                         0008D3  000001  0008D4      11A6       0  CODE        2
                text54                         0008D4  000001  0008D5      11A8       0  CODE        2
                idataBANK1                     0008D5  000002  0008D7      11AA       0  CODE        2
                text66                         0008D7  000004  0008DB      11AE       0  CODE        2
                text64                         0008DB  000004  0008DF      11B6       0  CODE        2
                text27                         0008DF  000004  0008E3      11BE       0  CODE        2
                text15                         0008E3  000004  0008E7      11C6       0  CODE        2
                text51                         0008E7  000005  0008EC      11CE       0  CODE        2
                text70                         0008EC  000006  0008F2      11D8       0  CODE        2
                text68                         0008F2  000006  0008F8      11E4       0  CODE        2
                text61                         0008F8  000006  0008FE      11F0       0  CODE        2
                text34                         0008FE  000006  000904      11FC       0  CODE        2
                text3                          000904  000006  00090A      1208       0  CODE        2
                clrtext                        00090A  000006  000910      1214       0  CODE        2
                text26                         000910  000007  000917      1220       0  CODE        2
                text39                         000917  000008  00091F      122E       0  CODE        2
                text18                         00091F  000008  000927      123E       0  CODE        2
                text71                         000927  000009  000930      124E       0  CODE        2
                text58                         000930  000009  000939      1260       0  CODE        2
                text41                         000939  000009  000942      1272       0  CODE        2
                text38                         000942  000009  00094B      1284       0  CODE        2
                text33                         00094B  000009  000954      1296       0  CODE        2
                text32                         000954  000009  00095D      12A8       0  CODE        2
                text31                         00095D  000009  000966      12BA       0  CODE        2
                text30                         000966  000009  00096F      12CC       0  CODE        2
                text29                         00096F  000009  000978      12DE       0  CODE        2
                text25                         000978  000009  000981      12F0       0  CODE        2
                text24                         000981  000009  00098A      1302       0  CODE        2
                text22                         00098A  000009  000993      1314       0  CODE        2
                text20                         000993  000009  00099C      1326       0  CODE        2
                text17                         00099C  000009  0009A5      1338       0  CODE        2
                text69                         0009A5  00000A  0009AF      134A       0  CODE        2
                text36                         0009AF  00000C  0009BB      135E       0  CODE        2
                text35                         0009BB  00000C  0009C7      1376       0  CODE        2
                text21                         0009C7  00000C  0009D3      138E       0  CODE        2
                text8                          0009D3  00000D  0009E0      13A6       0  CODE        2
                text59                         0009E0  00000F  0009EF      13C0       0  CODE        2
                text56                         0009EF  00000F  0009FE      13DE       0  CODE        2
                text45                         0009FE  00000F  000A0D      13FC       0  CODE        2
                text77                         000A0D  000011  000A1E      141A       0  CODE        2
                text55                         000A1E  000011  000A2F      143C       0  CODE        2
                text37                         000A2F  000012  000A41      145E       0  CODE        2
                text73                         000A41  000016  000A57      1482       0  CODE        2
                text76                         000A57  000017  000A6E      14AE       0  CODE        2
                text53                         000A6E  000017  000A85      14DC       0  CODE        2
                text50                         000A85  00001A  000A9F      150A       0  CODE        2
                text19                         000A9F  00001B  000ABA      153E       0  CODE        2
                text67                         000ABA  00001C  000AD6      1574       0  CODE        2
                text6                          000AD6  00001C  000AF2      15AC       0  CODE        2
                text2                          000AF2  00001C  000B0E      15E4       0  CODE        2
                text43                         000B0E  00001E  000B2C      161C       0  CODE        2
                text62                         000B2C  000021  000B4D      1658       0  CODE        2
                text12                         000B4D  000024  000B71      169A       0  CODE        2
                text52                         000B71  000028  000B99      16E2       0  CODE        2
                text42                         000B99  00002D  000BC6      1732       0  CODE        2
                text14                         000BC6  00002E  000BF4      178C       0  CODE        2
                text49                         000BF4  000030  000C24      17E8       0  CODE        2
                text23                         000C24  000032  000C56      1848       0  CODE        2
                text63                         000C56  00003D  000C93      18AC       0  CODE        2
                text75                         000C93  000044  000CD7      1926       0  CODE        2
                text28                         000CD7  000047  000D1E      19AE       0  CODE        2
                text47                         000D1E  000051  000D6F      1A3C       0  CODE        2
                text40                         000D6F  000057  000DC6      1ADE       0  CODE        2
                text7                          000DC6  00005E  000E24      1B8C       0  CODE        2
                text4                          000E24  000070  000E94      1C48       0  CODE        2
                text1                          000E94  000072  000F06      1D28       0  CODE        2
                text48                         000F06  000074  000F7A      1E0C       0  CODE        2
                text10                         000F7A  000086  001000      1EF4       0  CODE        2
                eeprom_data                    00F000  000028  00F028     1E000       3  EEDATA      2


UNUSED ADDRESS RANGES

        Name                Unused          Largest block    Delta
        BANK0            0006E-0006F               2           1
        BANK1            000EE-000EF               2           1
        BANK2            0014E-0016F              22           1
        BANK3            001A0-001EF              50           1
        BANK4            00220-0023F              20           1
        BIGRAM           02000-0215F             160           1
        CODE             00803-008CF              CD           2
        CONST            00803-008CF              CD           2
        EEDATA           0F028-0F0FF              D8           2
        ENTRY            00803-008CF              CD           2
        RAM              0006E-0006F               2           1
                         000EE-000EF               2
                         0014E-0016F              22
                         001A0-001EF              50
                         00220-0023F              20
        SFR0             00000-0001F              20           1
        SFR1             00080-0009F              20           1
        SFR10            00500-0056F              70           1
        SFR11            00580-005EF              70           1
        SFR12            00600-0066F              70           1
        SFR13            00680-006EF              70           1
        SFR14            00700-0076F              70           1
        SFR15            00780-007EF              70           1
        SFR16            00800-0086F              70           1
        SFR17            00880-008EF              70           1
        SFR18            00900-0096F              70           1
        SFR19            00980-009EF              70           1
        SFR2             00100-0011F              20           1
        SFR20            00A00-00A6F              70           1
        SFR21            00A80-00AEF              70           1
        SFR22            00B00-00B6F              70           1
        SFR23            00B80-00BEF              70           1
        SFR24            00C00-00C6F              70           1
        SFR25            00C80-00CEF              70           1
        SFR26            00D00-00D6F              70           1
        SFR27            00D80-00DEF              70           1
        SFR28            00E00-00E6F              70           1
        SFR29            00E80-00EEF              70           1
        SFR3             00180-0019F              20           1
        SFR30            00F00-00F6F              70           1
        SFR31            00F80-00FEF              70           1
        SFR4             00200-0021F              20           1
        SFR5             00280-002EF              70           1
        SFR6             00300-0036F              70           1
        SFR7             00380-003EF              70           1
        SFR8             00400-0046F              70           1
        SFR9             00480-004EF              70           1
        STACK            020CE-0215F              92           1
        STRCODE          00803-008CF              CD           2
        STRING           00803-008CF              CD           2

                                  Symbol Table

?_ADC_GetConversion                            cstackBANK0  00022
?__Umul8_16                                    cstackBANK0  00022
?___fldiv                                      cstackBANK0  0004E
?___flmul                                      cstackBANK0  00034
?___fltol                                      cstackBANK0  00068
?___xxtofl                                     cstackBANK0  00026
?i1___fltol                                    cstackCOMMON 00070
ADC_GetConversion@channel                      cstackBANK0  00025
CCP4_CaptureISR@module                         cstackCOMMON 00078
CCP4_SetCallBack@customCallBack                cstackBANK0  00022
DATAEE_ReadByte@bAdd                           cstackBANK0  00022
EUSART_Read@readValue                          cstackBANK0  00023
EUSART_SetErrorHandler@interruptHandler        cstackBANK0  00022
EUSART_SetFramingErrorHandler@interruptHandler cstackBANK0  00022
EUSART_SetOverrunErrorHandler@interruptHandler cstackBANK0  00022
EUSART_SetRxInterruptHandler@interruptHandler  cstackBANK0  00022
EUSART_SetTxInterruptHandler@interruptHandler  cstackBANK0  00022
EUSART_Write@txData                            cstackCOMMON 00071
Enc@colect_value                               cstackCOMMON 00074
IOCBF0_SetInterruptHandler@InterruptHandler    cstackBANK0  00022
IOCBF3_SetInterruptHandler@InterruptHandler    cstackBANK0  00022
PWM3_LoadDutyValue@dutyValue                   cstackBANK0  00022
SPI1_Open@spi1UniqueConfiguration              cstackBANK0  00025
SPI1_WriteByte@byte                            cstackBANK0  00022
TMR1_SetInterruptHandler@InterruptHandler      cstackBANK0  00022
TMR1_WriteTimer@timerVal                       cstackCOMMON 00070
TMR4_SetInterruptHandler@InterruptHandler      cstackBANK0  00022
_ADCON0                                        (abs)        0009D
_ADCON0bits                                    (abs)        0009D
_ADCON1                                        (abs)        0009E
_ADC_GetConversion                             text43       00B0E
_ADC_Initialize                                text39       00917
_ADRESH                                        (abs)        0009C
_ADRESL                                        (abs)        0009B
_ANSELA                                        (abs)        0018C
_ANSELB                                        (abs)        0018D
_APFCON0                                       (abs)        0011D
_APFCON1                                       (abs)        0011E
_BAUDCON                                       (abs)        0019F
_BORCON                                        (abs)        00116
_CCP3CON                                       (abs)        00313
_CCP4CON                                       (abs)        0031A
_CCP4_CallBack                                 nvBANK2      00140
_CCP4_CaptureISR                               text73       00A41
_CCP4_DefaultCallBack                          text74       008D0
_CCP4_Initialize                               text37       00A2F
_CCP4_SetCallBack                              text38       00942
_CCPR3H                                        (abs)        00312
_CCPR3L                                        (abs)        00311
_CCPR4H                                        (abs)        00319
_CCPR4L                                        (abs)        00318
_CCPTMRS0bits                                  (abs)        0029E
_CM1CON0                                       (abs)        00111
_CM1CON1                                       (abs)        00112
_CM2CON0                                       (abs)        00113
_CM2CON1                                       (abs)        00114
_CMOUTbits                                     (abs)        00115
_CMP1_ISR                                      text70       008EC
_CMP1_Initialize                               text36       009AF
_CMP2_ISR                                      text68       008F2
_CMP2_Initialize                               text35       009BB
_DACCON0                                       (abs)        00118
_DACCON1                                       (abs)        00119
_DAC_Initialize                                text34       008FE
_DATAEE_ReadByte                               text8        009D3
_EEADRH                                        (abs)        00192
_EEADRL                                        (abs)        00191
_EECON1bits                                    (abs)        00195
_EECON2                                        (abs)        00196
_EEDATH                                        (abs)        00194
_EEDATL                                        (abs)        00193
_EUSART_DefaultErrorHandler                    text66       008D7
_EUSART_DefaultFramingErrorHandler             text65       008D1
_EUSART_DefaultOverrunErrorHandler             text64       008DB
_EUSART_ErrorHandler                           nvBANK2      00142
_EUSART_FramingErrorHandler                    nvBANK2      00146
_EUSART_Initialize                             text28       00CD7
_EUSART_OverrunErrorHandler                    nvBANK2      00144
_EUSART_Read                                   text42       00B99
_EUSART_Receive_ISR                            text63       00C56
_EUSART_RxDataHandler                          text67       00ABA
_EUSART_RxDefaultInterruptHandler              nvBANK2      00148
_EUSART_SetErrorHandler                        text33       0094B
_EUSART_SetFramingErrorHandler                 text32       00954
_EUSART_SetOverrunErrorHandler                 text31       0095D
_EUSART_SetRxInterruptHandler                  text30       00966
_EUSART_SetTxInterruptHandler                  text29       0096F
_EUSART_Transmit_ISR                           text62       00B2C
_EUSART_TxDefaultInterruptHandler              nvBANK1      000DE
_EUSART_Write                                  text52       00B71
_EUSART_is_rx_ready                            text41       00939
_Enc                                           text75       00C93
_FVRCON                                        (abs)        00117
_FVRCONbits                                    (abs)        00117
_FVR_Initialize                                text27       008DF
_INTCONbits                                    (abs)        0000B
_INTERRUPT_InterruptManager                    intentry     00004
_IOCBF0_DefaultInterruptHandler                text60       008D2
_IOCBF0_ISR                                    text59       009E0
_IOCBF0_InterruptHandler                       nvBANK1      000E2
_IOCBF0_SetInterruptHandler                    text25       00978
_IOCBF3_DefaultInterruptHandler                text57       008D3
_IOCBF3_ISR                                    text56       009EF
_IOCBF3_InterruptHandler                       nvBANK1      000E0
_IOCBF3_SetInterruptHandler                    text24       00981
_IOCBFbits                                     (abs)        00396
_IOCBNbits                                     (abs)        00395
_IOCBPbits                                     (abs)        00394
_LATA                                          (abs)        0010C
_LATAbits                                      (abs)        0010C
_LATB                                          (abs)        0010D
_LATBbits                                      (abs)        0010D
_LED                                           bssBANK2     00130
_OPTION_REGbits                                (abs)        00095
_OSCCON                                        (abs)        00099
_OSCILLATOR_Initialize                         text26       00910
_OSCTUNE                                       (abs)        00098
_PIE1bits                                      (abs)        00091
_PIE2bits                                      (abs)        00092
_PIE3bits                                      (abs)        00093
_PIN_MANAGER_IOC                               text55       00A1E
_PIN_MANAGER_Initialize                        text23       00C24
_PIR1bits                                      (abs)        00011
_PIR2bits                                      (abs)        00012
_PIR3bits                                      (abs)        00013
_PORTAbits                                     (abs)        0000C
_PR2                                           (abs)        0001B
_PR4                                           (abs)        00416
_PWM3_Initialize                               text22       0098A
_PWM3_LoadDutyValue                            text6        00AD6
_RCREG                                         (abs)        00199
_RCSTA                                         (abs)        0019D
_RCSTAbits                                     (abs)        0019D
_S1                                            text61       008F8
_S2                                            text58       00930
_S3                                            text71       00927
_S4                                            text69       009A5
_SPBRGH                                        (abs)        0019C
_SPBRGL                                        (abs)        0019B
_SPI1_Initialize                               text21       009C7
_SPI1_Open                                     text40       00D6F
_SPI1_WriteByte                                text3        00904
_SSP1ADD                                       (abs)        00212
_SSP1BUF                                       (abs)        00211
_SSP1CON1                                      (abs)        00215
_SSP1CON1bits                                  (abs)        00215
_SSP1CON2                                      (abs)        00216
_SSP1STAT                                      (abs)        00214
_SYSTEM_Initialize                             text14       00BC6
_T1CON                                         (abs)        00018
_T1CONbits                                     (abs)        00018
_T1GCON                                        (abs)        00019
_T1GCONbits                                    (abs)        00019
_T2CON                                         (abs)        0001C
_T2CONbits                                     (abs)        0001C
_T4CON                                         (abs)        00417
_T4CONbits                                     (abs)        00417
_TMR1H                                         (abs)        00017
_TMR1L                                         (abs)        00016
_TMR1_DefaultInterruptHandler                  text54       008D4
_TMR1_ISR                                      text53       00A6E
_TMR1_Initialize                               text19       00A9F
_TMR1_InterruptHandler                         nvBANK1      000DA
_TMR1_SetInterruptHandler                      text20       00993
_TMR1_WriteTimer                               text77       00A0D
_TMR2                                          (abs)        0001A
_TMR2_Initialize                               text18       0091F
_TMR4                                          (abs)        00415
_TMR4_DefaultInterruptHandler                  text46       00003
_TMR4_ISR                                      text45       009FE
_TMR4_Initialize                               text16       007EB
_TMR4_InterruptHandler                         nvBANK1      000D8
_TMR4_SetInterruptHandler                      text17       0099C
_TRISA                                         (abs)        0008C
_TRISB                                         (abs)        0008D
_TRISBbits                                     (abs)        0008D
_TXREG                                         (abs)        0019A
_TXSTA                                         (abs)        0019E
_TXSTAbits                                     (abs)        0019E
_WDTCON                                        (abs)        00097
_WDT_Initialize                                text15       008E3
_WPUA                                          (abs)        0020C
_WPUB                                          (abs)        0020D
__Beeprom_data                                 eeprom_data  0F000
__Habs1                                        abs1         00000
__Hbank0                                       bank0        00000
__Hbank1                                       bank1        00000
__Hbank10                                      bank10       00000
__Hbank11                                      bank11       00000
__Hbank12                                      bank12       00000
__Hbank13                                      bank13       00000
__Hbank14                                      bank14       00000
__Hbank15                                      bank15       00000
__Hbank16                                      bank16       00000
__Hbank17                                      bank17       00000
__Hbank18                                      bank18       00000
__Hbank19                                      bank19       00000
__Hbank2                                       bank2        00000
__Hbank20                                      bank20       00000
__Hbank21                                      bank21       00000
__Hbank22                                      bank22       00000
__Hbank23                                      bank23       00000
__Hbank24                                      bank24       00000
__Hbank25                                      bank25       00000
__Hbank26                                      bank26       00000
__Hbank27                                      bank27       00000
__Hbank28                                      bank28       00000
__Hbank29                                      bank29       00000
__Hbank3                                       bank3        00000
__Hbank30                                      bank30       00000
__Hbank31                                      bank31       00000
__Hbank4                                       bank4        00000
__Hbank5                                       bank5        00000
__Hbank6                                       bank6        00000
__Hbank7                                       bank7        00000
__Hbank8                                       bank8        00000
__Hbank9                                       bank9        00000
__Hbigram                                      bigram       00000
__HbssBANK0                                    bssBANK0     00000
__HbssBANK1                                    bssBANK1     00000
__HbssBANK2                                    bssBANK2     00000
__Hcinit                                       cinit        000A2
__Hclrtext                                     clrtext      00000
__Hcode                                        code         00000
__Hcommon                                      common       00000
__Hconfig                                      config       08009
__HcstackBANK0                                 cstackBANK0  00000
__HcstackBANK1                                 cstackBANK1  00000
__HcstackBANK2                                 cstackBANK2  00000
__HcstackCOMMON                                cstackCOMMON 00000
__HdataBANK1                                   dataBANK1    00000
__Heeprom_data                                 eeprom_data  00028
__Hend_init                                    end_init     00082
__Hfunctab                                     functab      00000
__HidataBANK1                                  idataBANK1   00000
__Hidloc                                       idloc        08004
__Hinit                                        init         00080
__Hintentry                                    intentry     00080
__Hmaintext                                    maintext     00000
__HnvBANK1                                     nvBANK1      00000
__HnvBANK2                                     nvBANK2      00000
__Hpowerup                                     powerup      00000
__Hram                                         ram          00000
__Hreset_vec                                   reset_vec    00003
__Hsfr0                                        sfr0         00000
__Hsfr1                                        sfr1         00000
__Hsfr10                                       sfr10        00000
__Hsfr11                                       sfr11        00000
__Hsfr12                                       sfr12        00000
__Hsfr13                                       sfr13        00000
__Hsfr14                                       sfr14        00000
__Hsfr15                                       sfr15        00000
__Hsfr16                                       sfr16        00000
__Hsfr17                                       sfr17        00000
__Hsfr18                                       sfr18        00000
__Hsfr19                                       sfr19        00000
__Hsfr2                                        sfr2         00000
__Hsfr20                                       sfr20        00000
__Hsfr21                                       sfr21        00000
__Hsfr22                                       sfr22        00000
__Hsfr23                                       sfr23        00000
__Hsfr24                                       sfr24        00000
__Hsfr25                                       sfr25        00000
__Hsfr26                                       sfr26        00000
__Hsfr27                                       sfr27        00000
__Hsfr28                                       sfr28        00000
__Hsfr29                                       sfr29        00000
__Hsfr3                                        sfr3         00000
__Hsfr30                                       sfr30        00000
__Hsfr31                                       sfr31        00000
__Hsfr4                                        sfr4         00000
__Hsfr5                                        sfr5         00000
__Hsfr6                                        sfr6         00000
__Hsfr7                                        sfr7         00000
__Hsfr8                                        sfr8         00000
__Hsfr9                                        sfr9         00000
__Hspace_0                                     (abs)        01000
__Hspace_1                                     (abs)        0014E
__Hspace_2                                     (abs)        00000
__Hspace_3                                     (abs)        00028
__Hspace_4                                     (abs)        10010
__Hstack                                       stack        00000
__Hstrings                                     strings      00000
__Hstringtext1                                 stringtext1  00000
__Htext                                        text         00000
__Labs1                                        abs1         00000
__Lbank0                                       bank0        00000
__Lbank1                                       bank1        00000
__Lbank10                                      bank10       00000
__Lbank11                                      bank11       00000
__Lbank12                                      bank12       00000
__Lbank13                                      bank13       00000
__Lbank14                                      bank14       00000
__Lbank15                                      bank15       00000
__Lbank16                                      bank16       00000
__Lbank17                                      bank17       00000
__Lbank18                                      bank18       00000
__Lbank19                                      bank19       00000
__Lbank2                                       bank2        00000
__Lbank20                                      bank20       00000
__Lbank21                                      bank21       00000
__Lbank22                                      bank22       00000
__Lbank23                                      bank23       00000
__Lbank24                                      bank24       00000
__Lbank25                                      bank25       00000
__Lbank26                                      bank26       00000
__Lbank27                                      bank27       00000
__Lbank28                                      bank28       00000
__Lbank29                                      bank29       00000
__Lbank3                                       bank3        00000
__Lbank30                                      bank30       00000
__Lbank31                                      bank31       00000
__Lbank4                                       bank4        00000
__Lbank5                                       bank5        00000
__Lbank6                                       bank6        00000
__Lbank7                                       bank7        00000
__Lbank8                                       bank8        00000
__Lbank9                                       bank9        00000
__Lbigram                                      bigram       00000
__LbssBANK0                                    bssBANK0     00000
__LbssBANK1                                    bssBANK1     00000
__LbssBANK2                                    bssBANK2     00000
__Lcinit                                       cinit        00082
__Lclrtext                                     clrtext      00000
__Lcode                                        code         00000
__Lcommon                                      common       00000
__Lconfig                                      config       00000
__LcstackBANK0                                 cstackBANK0  00000
__LcstackBANK1                                 cstackBANK1  00000
__LcstackBANK2                                 cstackBANK2  00000
__LcstackCOMMON                                cstackCOMMON 00000
__LdataBANK1                                   dataBANK1    00000
__Leeprom_data                                 eeprom_data  00000
__Lend_init                                    end_init     00080
__Lfunctab                                     functab      00000
__LidataBANK1                                  idataBANK1   00000
__Lidloc                                       idloc        00000
__Linit                                        init         00080
__Lintentry                                    intentry     00004
__Lmaintext                                    maintext     00000
__LnvBANK1                                     nvBANK1      00000
__LnvBANK2                                     nvBANK2      00000
__Lpowerup                                     powerup      00000
__Lram                                         ram          00000
__Lreset_vec                                   reset_vec    00000
__Lsfr0                                        sfr0         00000
__Lsfr1                                        sfr1         00000
__Lsfr10                                       sfr10        00000
__Lsfr11                                       sfr11        00000
__Lsfr12                                       sfr12        00000
__Lsfr13                                       sfr13        00000
__Lsfr14                                       sfr14        00000
__Lsfr15                                       sfr15        00000
__Lsfr16                                       sfr16        00000
__Lsfr17                                       sfr17        00000
__Lsfr18                                       sfr18        00000
__Lsfr19                                       sfr19        00000
__Lsfr2                                        sfr2         00000
__Lsfr20                                       sfr20        00000
__Lsfr21                                       sfr21        00000
__Lsfr22                                       sfr22        00000
__Lsfr23                                       sfr23        00000
__Lsfr24                                       sfr24        00000
__Lsfr25                                       sfr25        00000
__Lsfr26                                       sfr26        00000
__Lsfr27                                       sfr27        00000
__Lsfr28                                       sfr28        00000
__Lsfr29                                       sfr29        00000
__Lsfr3                                        sfr3         00000
__Lsfr30                                       sfr30        00000
__Lsfr31                                       sfr31        00000
__Lsfr4                                        sfr4         00000
__Lsfr5                                        sfr5         00000
__Lsfr6                                        sfr6         00000
__Lsfr7                                        sfr7         00000
__Lsfr8                                        sfr8         00000
__Lsfr9                                        sfr9         00000
__Lspace_0                                     (abs)        00000
__Lspace_1                                     (abs)        00000
__Lspace_2                                     (abs)        00000
__Lspace_3                                     (abs)        00000
__Lspace_4                                     (abs)        00000
__Lstack                                       stack        00000
__Lstrings                                     strings      00000
__Lstringtext1                                 stringtext1  00000
__Ltext                                        text         00000
__S0                                           (abs)        01000
__S1                                           (abs)        0014E
__S2                                           (abs)        00000
__S3                                           (abs)        0F028
__Umul8_16                                     text12       00B4D
__Umul8_16@multiplicand                        cstackBANK0  00022
__Umul8_16@multiplier                          cstackBANK0  0002A
__Umul8_16@product                             cstackBANK0  00026
__Umul8_16@word_mpld                           cstackBANK0  00028
___fldiv                                       text13       002F9
___fldiv@a                                     cstackBANK0  0004E
___fldiv@aexp                                  cstackBANK0  00067
___fldiv@b                                     cstackBANK0  00052
___fldiv@bexp                                  cstackBANK0  00066
___fldiv@grs                                   cstackBANK0  00062
___fldiv@new_exp                               cstackBANK0  00060
___fldiv@rem                                   cstackBANK0  0005B
___fldiv@sign                                  cstackBANK0  0005F
___flmul                                       text11       000A2
___flmul@a                                     cstackBANK0  00038
___flmul@aexp                                  cstackBANK0  00046
___flmul@b                                     cstackBANK0  00034
___flmul@bexp                                  cstackBANK0  00047
___flmul@grs                                   cstackBANK0  00042
___flmul@prod                                  cstackBANK0  00048
___flmul@sign                                  cstackBANK0  00041
___flmul@temp                                  cstackBANK0  0004C
___fltol                                       text10       00F7A
___fltol@exp1                                  cstackBANK1  000EB
___fltol@f1                                    cstackBANK0  00068
___fltol@sign1                                 cstackBANK1  000EA
___int_sp                                      stack        00000
___latbits                                     (abs)        00001
___sp                                          stack        00000
___stackhi                                     (abs)        0215F
___stacklo                                     (abs)        020CE
___xxtofl                                      text9        00699
___xxtofl@arg                                  cstackBANK0  00030
___xxtofl@exp                                  cstackBANK0  0002F
___xxtofl@sign                                 cstackBANK0  0002E
___xxtofl@val                                  cstackBANK0  00026
__end_of_ADC_GetConversion                     text43       00B2C
__end_of_ADC_Initialize                        text39       0091F
__end_of_CCP4_CaptureISR                       text73       00A57
__end_of_CCP4_DefaultCallBack                  text74       008D1
__end_of_CCP4_Initialize                       text37       00A41
__end_of_CCP4_SetCallBack                      text38       0094B
__end_of_CMP1_ISR                              text70       008F2
__end_of_CMP1_Initialize                       text36       009BB
__end_of_CMP2_ISR                              text68       008F8
__end_of_CMP2_Initialize                       text35       009C7
__end_of_DAC_Initialize                        text34       00904
__end_of_DATAEE_ReadByte                       text8        009E0
__end_of_EUSART_DefaultErrorHandler            text66       008DB
__end_of_EUSART_DefaultFramingErrorHandler     text65       008D2
__end_of_EUSART_DefaultOverrunErrorHandler     text64       008DF
__end_of_EUSART_Initialize                     text28       00D1E
__end_of_EUSART_Read                           text42       00BC6
__end_of_EUSART_Receive_ISR                    text63       00C93
__end_of_EUSART_RxDataHandler                  text67       00AD6
__end_of_EUSART_SetErrorHandler                text33       00954
__end_of_EUSART_SetFramingErrorHandler         text32       0095D
__end_of_EUSART_SetOverrunErrorHandler         text31       00966
__end_of_EUSART_SetRxInterruptHandler          text30       0096F
__end_of_EUSART_SetTxInterruptHandler          text29       00978
__end_of_EUSART_Transmit_ISR                   text62       00B4D
__end_of_EUSART_Write                          text52       00B99
__end_of_EUSART_is_rx_ready                    text41       00942
__end_of_Enc                                   text75       00CD7
__end_of_FVR_Initialize                        text27       008E3
__end_of_INTERRUPT_InterruptManager            intentry     00080
__end_of_IOCBF0_DefaultInterruptHandler        text60       008D3
__end_of_IOCBF0_ISR                            text59       009EF
__end_of_IOCBF0_SetInterruptHandler            text25       00981
__end_of_IOCBF3_DefaultInterruptHandler        text57       008D4
__end_of_IOCBF3_ISR                            text56       009FE
__end_of_IOCBF3_SetInterruptHandler            text24       0098A
__end_of_OSCILLATOR_Initialize                 text26       00917
__end_of_PIN_MANAGER_IOC                       text55       00A2F
__end_of_PIN_MANAGER_Initialize                text23       00C56
__end_of_PWM3_Initialize                       text22       00993
__end_of_PWM3_LoadDutyValue                    text6        00AF2
__end_of_S1                                    text61       008FE
__end_of_S2                                    text58       00939
__end_of_S3                                    text71       00930
__end_of_S4                                    text69       009AF
__end_of_SPI1_Initialize                       text21       009D3
__end_of_SPI1_Open                             text40       00DC6
__end_of_SPI1_WriteByte                        text3        0090A
__end_of_SYSTEM_Initialize                     text14       00BF4
__end_of_TMR1_DefaultInterruptHandler          text54       008D5
__end_of_TMR1_ISR                              text53       00A85
__end_of_TMR1_Initialize                       text19       00ABA
__end_of_TMR1_SetInterruptHandler              text20       0099C
__end_of_TMR1_WriteTimer                       text77       00A1E
__end_of_TMR2_Initialize                       text18       00927
__end_of_TMR4_DefaultInterruptHandler          text46       00004
__end_of_TMR4_ISR                              text45       00A0D
__end_of_TMR4_Initialize                       text16       007FF
__end_of_TMR4_SetInterruptHandler              text17       009A5
__end_of_WDT_Initialize                        text15       008E7
__end_of__Umul8_16                             text12       00B71
__end_of___fldiv                               text13       004AD
__end_of___flmul                               text11       002F9
__end_of___fltol                               text10       01000
__end_of___xxtofl                              text9        00746
__end_of__initialization                       cinit        0009E
__end_of_andar                                 text7        00E24
__end_of_comm                                  text47       00D6F
__end_of_controle                              text4        00E94
__end_of_deslocamento                          text5        00699
__end_of_initMAX7219                           text1        00F06
__end_of_leds                                  text49       00C24
__end_of_main                                  maintext     005E4
__end_of_spi1_configuration                    stringtext1  00803
__end_of_txMAX7219                             text2        00B0E
__end_ofi1_PWM3_LoadDutyValue                  text76       00A6E
__end_ofi1_SPI1_WriteByte                      text51       008EC
__end_ofi1___fltol                             text48       00F7A
__end_ofi1_deslocamento                        text72       007EB
__end_ofi1_txMAX7219                           text50       00A9F
__initialization                               cinit        00082
__pbssBANK0                                    bssBANK0     0006C
__pbssBANK1                                    bssBANK1     000A0
__pbssBANK2                                    bssBANK2     00120
__pcstackBANK0                                 cstackBANK0  00020
__pcstackBANK1                                 cstackBANK1  000E5
__pcstackBANK2                                 cstackBANK2  0014A
__pcstackCOMMON                                cstackCOMMON 00070
__pdataBANK1                                   dataBANK1    000EC
__pidataBANK1                                  idataBANK1   008D5
__pintentry                                    intentry     00004
__pmaintext                                    maintext     004AD
__pnvBANK1                                     nvBANK1      000D8
__pnvBANK2                                     nvBANK2      00140
__pstringtext1                                 stringtext1  007FF
__ptext1                                       text1        00E94
__ptext10                                      text10       00F7A
__ptext11                                      text11       000A2
__ptext12                                      text12       00B4D
__ptext13                                      text13       002F9
__ptext14                                      text14       00BC6
__ptext15                                      text15       008E3
__ptext16                                      text16       007EB
__ptext17                                      text17       0099C
__ptext18                                      text18       0091F
__ptext19                                      text19       00A9F
__ptext2                                       text2        00AF2
__ptext20                                      text20       00993
__ptext21                                      text21       009C7
__ptext22                                      text22       0098A
__ptext23                                      text23       00C24
__ptext24                                      text24       00981
__ptext25                                      text25       00978
__ptext26                                      text26       00910
__ptext27                                      text27       008DF
__ptext28                                      text28       00CD7
__ptext29                                      text29       0096F
__ptext3                                       text3        00904
__ptext30                                      text30       00966
__ptext31                                      text31       0095D
__ptext32                                      text32       00954
__ptext33                                      text33       0094B
__ptext34                                      text34       008FE
__ptext35                                      text35       009BB
__ptext36                                      text36       009AF
__ptext37                                      text37       00A2F
__ptext38                                      text38       00942
__ptext39                                      text39       00917
__ptext4                                       text4        00E24
__ptext40                                      text40       00D6F
__ptext41                                      text41       00939
__ptext42                                      text42       00B99
__ptext43                                      text43       00B0E
__ptext45                                      text45       009FE
__ptext46                                      text46       00003
__ptext47                                      text47       00D1E
__ptext48                                      text48       00F06
__ptext49                                      text49       00BF4
__ptext5                                       text5        005E4
__ptext50                                      text50       00A85
__ptext51                                      text51       008E7
__ptext52                                      text52       00B71
__ptext53                                      text53       00A6E
__ptext54                                      text54       008D4
__ptext55                                      text55       00A1E
__ptext56                                      text56       009EF
__ptext57                                      text57       008D3
__ptext58                                      text58       00930
__ptext59                                      text59       009E0
__ptext6                                       text6        00AD6
__ptext60                                      text60       008D2
__ptext61                                      text61       008F8
__ptext62                                      text62       00B2C
__ptext63                                      text63       00C56
__ptext64                                      text64       008DB
__ptext65                                      text65       008D1
__ptext66                                      text66       008D7
__ptext67                                      text67       00ABA
__ptext68                                      text68       008F2
__ptext69                                      text69       009A5
__ptext7                                       text7        00DC6
__ptext70                                      text70       008EC
__ptext71                                      text71       00927
__ptext72                                      text72       00746
__ptext73                                      text73       00A41
__ptext74                                      text74       008D0
__ptext75                                      text75       00C93
__ptext76                                      text76       00A57
__ptext77                                      text77       00A0D
__ptext8                                       text8        009D3
__ptext9                                       text9        00699
__size_of_ADC_GetConversion                    (abs)        00000
__size_of_ADC_Initialize                       (abs)        00000
__size_of_CCP4_CaptureISR                      (abs)        00000
__size_of_CCP4_DefaultCallBack                 (abs)        00000
__size_of_CCP4_Initialize                      (abs)        00000
__size_of_CCP4_SetCallBack                     (abs)        00000
__size_of_CMP1_ISR                             (abs)        00000
__size_of_CMP1_Initialize                      (abs)        00000
__size_of_CMP2_ISR                             (abs)        00000
__size_of_CMP2_Initialize                      (abs)        00000
__size_of_DAC_Initialize                       (abs)        00000
__size_of_DATAEE_ReadByte                      (abs)        00000
__size_of_EUSART_DefaultErrorHandler           (abs)        00000
__size_of_EUSART_DefaultFramingErrorHandler    (abs)        00000
__size_of_EUSART_DefaultOverrunErrorHandler    (abs)        00000
__size_of_EUSART_Initialize                    (abs)        00000
__size_of_EUSART_Read                          (abs)        00000
__size_of_EUSART_Receive_ISR                   (abs)        00000
__size_of_EUSART_RxDataHandler                 (abs)        00000
__size_of_EUSART_SetErrorHandler               (abs)        00000
__size_of_EUSART_SetFramingErrorHandler        (abs)        00000
__size_of_EUSART_SetOverrunErrorHandler        (abs)        00000
__size_of_EUSART_SetRxInterruptHandler         (abs)        00000
__size_of_EUSART_SetTxInterruptHandler         (abs)        00000
__size_of_EUSART_Transmit_ISR                  (abs)        00000
__size_of_EUSART_Write                         (abs)        00000
__size_of_EUSART_is_rx_ready                   (abs)        00000
__size_of_Enc                                  (abs)        00000
__size_of_FVR_Initialize                       (abs)        00000
__size_of_INTERRUPT_InterruptManager           (abs)        00000
__size_of_IOCBF0_DefaultInterruptHandler       (abs)        00000
__size_of_IOCBF0_ISR                           (abs)        00000
__size_of_IOCBF0_SetInterruptHandler           (abs)        00000
__size_of_IOCBF3_DefaultInterruptHandler       (abs)        00000
__size_of_IOCBF3_ISR                           (abs)        00000
__size_of_IOCBF3_SetInterruptHandler           (abs)        00000
__size_of_OSCILLATOR_Initialize                (abs)        00000
__size_of_PIN_MANAGER_IOC                      (abs)        00000
__size_of_PIN_MANAGER_Initialize               (abs)        00000
__size_of_PWM3_Initialize                      (abs)        00000
__size_of_PWM3_LoadDutyValue                   (abs)        00000
__size_of_S1                                   (abs)        00000
__size_of_S2                                   (abs)        00000
__size_of_S3                                   (abs)        00000
__size_of_S4                                   (abs)        00000
__size_of_SPI1_Initialize                      (abs)        00000
__size_of_SPI1_Open                            (abs)        00000
__size_of_SPI1_WriteByte                       (abs)        00000
__size_of_SYSTEM_Initialize                    (abs)        00000
__size_of_TMR1_DefaultInterruptHandler         (abs)        00000
__size_of_TMR1_ISR                             (abs)        00000
__size_of_TMR1_Initialize                      (abs)        00000
__size_of_TMR1_SetInterruptHandler             (abs)        00000
__size_of_TMR1_WriteTimer                      (abs)        00000
__size_of_TMR2_Initialize                      (abs)        00000
__size_of_TMR4_DefaultInterruptHandler         (abs)        00000
__size_of_TMR4_ISR                             (abs)        00000
__size_of_TMR4_Initialize                      (abs)        00000
__size_of_TMR4_SetInterruptHandler             (abs)        00000
__size_of_WDT_Initialize                       (abs)        00000
__size_of__Umul8_16                            (abs)        00000
__size_of___fldiv                              (abs)        00000
__size_of___flmul                              (abs)        00000
__size_of___fltol                              (abs)        00000
__size_of___xxtofl                             (abs)        00000
__size_of_andar                                (abs)        00000
__size_of_comm                                 (abs)        00000
__size_of_controle                             (abs)        00000
__size_of_deslocamento                         (abs)        00000
__size_of_initMAX7219                          (abs)        00000
__size_of_leds                                 (abs)        00000
__size_of_main                                 (abs)        00000
__size_of_txMAX7219                            (abs)        00000
__size_ofi1_PWM3_LoadDutyValue                 (abs)        00000
__size_ofi1_SPI1_WriteByte                     (abs)        00000
__size_ofi1___fltol                            (abs)        00000
__size_ofi1_deslocamento                       (abs)        00000
__size_ofi1_txMAX7219                          (abs)        00000
_andar                                         text7        00DC6
_colect_value                                  bssBANK1     000D0
_comm                                          text47       00D1E
_controle                                      text4        00E24
_deslocamento                                  text5        005E4
_eusartRxBuffer                                bssBANK2     00138
_eusartRxCount                                 bssBANK1     000C9
_eusartRxHead                                  bssBANK0     0006D
_eusartRxLastError                             bssBANK1     000C8
_eusartRxStatusBuffer                          bssBANK1     000A0
_eusartRxTail                                  bssBANK0     0006C
_eusartTxBuffer                                bssBANK1     000A8
_eusartTxBufferRemaining                       nvBANK1      000E4
_eusartTxHead                                  bssBANK1     000CB
_eusartTxTail                                  bssBANK1     000CA
_initMAX7219                                   text1        00E94
_leds                                          text49       00BF4
_main                                          maintext     004AD
_matrix                                        bssBANK2     00120
_motor                                         bssBANK1     000D4
_pos_atual                                     bssBANK1     000BF
_pos_final                                     bssBANK1     000C1
_position                                      bssBANK1     000CC
_pulsos                                        bssBANK1     000D2
_rxByte                                        bssBANK1     000B4
_speed                                         bssBANK1     000D6
_spi1_configuration                            stringtext1  007FF
_temp                                          bssBANK1     000C3
_timer1ReloadVal                               nvBANK1      000DC
_txByte                                        bssBANK1     000B0
_txMAX7219                                     text2        00AF2
_u                                             bssBANK1     000BD
andar@i                                        cstackBANK0  00025
andar@i_1663                                   cstackBANK0  00027
btemp                                          (abs)        0007E
clear_ram0                                     clrtext      0090A
comm@i                                         cstackBANK0  00020
end_of_initialization                          cinit        0009E
i1PWM3_LoadDutyValue@dutyValue                 cstackCOMMON 00070
i1SPI1_WriteByte@byte                          cstackCOMMON 00070
i1_PWM3_LoadDutyValue                          text76       00A57
i1_SPI1_WriteByte                              text51       008E7
i1___fltol                                     text48       00F06
i1___fltol@exp1                                cstackCOMMON 0007A
i1___fltol@f1                                  cstackCOMMON 00070
i1___fltol@sign1                               cstackCOMMON 00079
i1_deslocamento                                text72       00746
i1_txMAX7219                                   text50       00A85
i1txMAX7219@addr0                              cstackCOMMON 00074
i1txMAX7219@addr1                              cstackCOMMON 00072
i1txMAX7219@dat0                               cstackCOMMON 00071
i1txMAX7219@dat1                               cstackCOMMON 00073
int$flags                                      (abs)        0007E
intlevel0                                      functab      00000
intlevel1                                      functab      00000
intlevel2                                      functab      00000
intlevel3                                      functab      00000
intlevel4                                      functab      00000
intlevel5                                      functab      00000
leds@i                                         cstackCOMMON 00078
reset_vec                                      reset_vec    00000
start                                          init         00080
start_initialization                           cinit        00082
txMAX7219@addr0                                cstackBANK0  00026
txMAX7219@addr1                                cstackBANK0  00024
txMAX7219@dat0                                 cstackBANK0  00023
txMAX7219@dat1                                 cstackBANK0  00025
wtemp0                                         (abs)        0007E


MODULE INFORMATION

Module		Function		Class		Link	Load	Size
mcc_generated_files/cmp1.c
		_CMP1_Initialize		CODE           	09AF	0000	12

mcc_generated_files/cmp1.c estimated size: 12

mcc_generated_files/fvr.c
		_FVR_Initialize		CODE           	08DF	0000	4

mcc_generated_files/fvr.c estimated size: 4

mcc_generated_files/tmr4.c
		_TMR4_ISR      		CODE           	09FE	0000	15
		_TMR4_Initialize		CODE           	07EB	0000	20
		_TMR4_SetInterruptHandler		CODE           	099C	0000	9
		_TMR4_DefaultInterruptHandler		CODE           	0003	0000	1

mcc_generated_files/tmr4.c estimated size: 45

ledMatrix.c
		_initMAX7219   		CODE           	0E94	0000	114
		_txMAX7219     		CODE           	0AF2	0000	28

ledMatrix.c estimated size: 142

mcc_generated_files/tmr2.c
		_TMR2_Initialize		CODE           	091F	0000	8

mcc_generated_files/tmr2.c estimated size: 8

mcc_generated_files/interrupt_manager.c
		_INTERRUPT_InterruptManager		CODE           	0004	0000	124

mcc_generated_files/interrupt_manager.c estimated size: 124

mcc_generated_files/pin_manager.c
		_IOCBF3_DefaultInterruptHandler		CODE           	08D3	0000	1
		_IOCBF0_ISR    		CODE           	09E0	0000	15
		_PIN_MANAGER_Initialize		CODE           	0C24	0000	50
		_IOCBF3_ISR    		CODE           	09EF	0000	15
		_IOCBF0_SetInterruptHandler		CODE           	0978	0000	9
		_IOCBF3_SetInterruptHandler		CODE           	0981	0000	9
		_PIN_MANAGER_IOC		CODE           	0A1E	0000	17
		_IOCBF0_DefaultInterruptHandler		CODE           	08D2	0000	1

mcc_generated_files/pin_manager.c estimated size: 117

mcc_generated_files/spi1.c
		_SPI1_WriteByte		CODE           	0904	0000	6
		_SPI1_Open     		CODE           	0D6F	0000	87
		_SPI1_Initialize		CODE           	09C7	0000	12

mcc_generated_files/spi1.c estimated size: 105

mcc_generated_files/ccp4.c
		_CCP4_SetCallBack		CODE           	0942	0000	9
		_CCP4_CaptureISR		CODE           	0A41	0000	22
		_CCP4_DefaultCallBack		CODE           	08D0	0000	1
		_CCP4_Initialize		CODE           	0A2F	0000	18

mcc_generated_files/ccp4.c estimated size: 50

mcc_generated_files/adc.c
		_ADC_Initialize		CODE           	0917	0000	8
		_ADC_GetConversion		CODE           	0B0E	0000	30

mcc_generated_files/adc.c estimated size: 38

mcc_generated_files/cmp2.c
		_CMP2_Initialize		CODE           	09BB	0000	12

mcc_generated_files/cmp2.c estimated size: 12

shared
		i1_SPI1_WriteByte		CODE           	08E7	0000	5
		i1_txMAX7219   		CODE           	0A85	0000	26
		i1_deslocamento		CODE           	0746	0000	165
		i1___fltol     		CODE           	0F06	0000	116
		__initialization		CODE           	0082	0000	28
		_spi1_configuration		STRCODE        	07FF	0000	4
		i1_PWM3_LoadDutyValue		CODE           	0A57	0000	23

shared estimated size: 367

C:\Program Files\Microchip\xc8\v2.32\pic\sources\c99\common\sprcmul.c
		___flmul       		CODE           	00A2	0000	599

C:\Program Files\Microchip\xc8\v2.32\pic\sources\c99\common\sprcmul.c estimated size: 599

mcc_generated_files/mcc.c
		_WDT_Initialize		CODE           	08E3	0000	4
		_OSCILLATOR_Initialize		CODE           	0910	0000	7
		_SYSTEM_Initialize		CODE           	0BC6	0000	46

mcc_generated_files/mcc.c estimated size: 57

C:\Program Files\Microchip\xc8\v2.32\pic\sources\c99\common\sprcdiv.c
		___fldiv       		CODE           	02F9	0000	436

C:\Program Files\Microchip\xc8\v2.32\pic\sources\c99\common\sprcdiv.c estimated size: 436

mcc_generated_files/pwm3.c
		_PWM3_Initialize		CODE           	098A	0000	9
		_PWM3_LoadDutyValue		CODE           	0AD6	0000	28

mcc_generated_files/pwm3.c estimated size: 37

C:\Program Files\Microchip\xc8\v2.32\pic\sources\c99\common\Umul8_16.c
		__Umul8_16     		CODE           	0B4D	0000	36

C:\Program Files\Microchip\xc8\v2.32\pic\sources\c99\common\Umul8_16.c estimated size: 36

mcc_generated_files/tmr1.c
		_TMR1_Initialize		CODE           	0A9F	0000	27
		_TMR1_SetInterruptHandler		CODE           	0993	0000	9
		_TMR1_DefaultInterruptHandler		CODE           	08D4	0000	1
		_TMR1_WriteTimer		CODE           	0A0D	0000	17
		_TMR1_ISR      		CODE           	0A6E	0000	23

mcc_generated_files/tmr1.c estimated size: 77

C:\Program Files\Microchip\xc8\v2.32\pic\sources\c99\common\fltol.c
		___fltol       		CODE           	0F7A	0000	134

C:\Program Files\Microchip\xc8\v2.32\pic\sources\c99\common\fltol.c estimated size: 134

mcc_generated_files/memory.c
		_DATAEE_ReadByte		CODE           	09D3	0000	13

mcc_generated_files/memory.c estimated size: 13

C:\Program Files\Microchip\xc8\v2.32\pic\sources\c99\common\xxtofl.c
		___xxtofl      		CODE           	0699	0000	173

C:\Program Files\Microchip\xc8\v2.32\pic\sources\c99\common\xxtofl.c estimated size: 173

mcc_generated_files/eusart.c
		_EUSART_SetRxInterruptHandler		CODE           	0966	0000	9
		_EUSART_SetTxInterruptHandler		CODE           	096F	0000	9
		_EUSART_Read   		CODE           	0B99	0000	45
		_EUSART_DefaultOverrunErrorHandler		CODE           	08DB	0000	4
		_EUSART_Write  		CODE           	0B71	0000	40
		_EUSART_DefaultErrorHandler		CODE           	08D7	0000	4
		_EUSART_Transmit_ISR		CODE           	0B2C	0000	33
		_EUSART_Initialize		CODE           	0CD7	0000	71
		_EUSART_SetFramingErrorHandler		CODE           	0954	0000	9
		_EUSART_SetErrorHandler		CODE           	094B	0000	9
		_EUSART_SetOverrunErrorHandler		CODE           	095D	0000	9
		_EUSART_Receive_ISR		CODE           	0C56	0000	61
		_EUSART_RxDataHandler		CODE           	0ABA	0000	28
		_EUSART_DefaultFramingErrorHandler		CODE           	08D1	0000	1
		_EUSART_is_rx_ready		CODE           	0939	0000	9

mcc_generated_files/eusart.c estimated size: 341

mcc_generated_files/dac.c
		_DAC_Initialize		CODE           	08FE	0000	6

mcc_generated_files/dac.c estimated size: 6

main.c
		_S1            		CODE           	08F8	0000	6
		_S2            		CODE           	0930	0000	9
		_S3            		CODE           	0927	0000	9
		_S4            		CODE           	09A5	0000	10
		_main          		CODE           	04AD	0000	311
		_controle      		CODE           	0E24	0000	112
		_Enc           		CODE           	0C93	0000	68
		_deslocamento  		CODE           	05E4	0000	181
		_comm          		CODE           	0D1E	0000	81
		_leds          		CODE           	0BF4	0000	48
		_CMP1_ISR      		CODE           	08EC	0000	6
		_andar         		CODE           	0DC6	0000	94
		_CMP2_ISR      		CODE           	08F2	0000	6

main.c estimated size: 941

