Microchip MPLAB XC8 Compiler V2.32

Linker command line:

-W-3 --edf=C:\Program Files\Microchip\xc8\v2.32\pic\dat\en_msgs.txt -cn \
  -h+dist/default/production\ProjetoFINAL.X.production.sym \
  --cmf=dist/default/production\ProjetoFINAL.X.production.cmf -z -Q16F1827 \
  -oC:\Users\Alunos\AppData\Local\Temp\xcAs8p0.6 --defsym=__MPLAB_BUILD=1 \
  -Mdist/default/production/ProjetoFINAL.X.production.map -E1 \
  -ver=XC8 Compiler --acfsm=1493 -ASTACK=020CEh-0216Fh -pstack=STACK \
  -ACODE=00h-07FFhx2 -ASTRCODE=00h-0FFFh -ASTRING=00h-0FFhx16 \
  -ACONST=00h-0FFhx16 -AENTRY=00h-0FFhx16 -ACOMMON=070h-07Fh \
  -ABANK0=020h-06Fh -ABANK1=0A0h-0EFh -ABANK2=0120h-016Fh \
  -ABANK3=01A0h-01EFh -ABANK4=0220h-024Fh -ABIGRAM=02000h-0216Fh \
  -ARAM=020h-06Fh,0A0h-0EFh,0120h-016Fh,01A0h-01EFh,0220h-024Fh \
  -AABS1=020h-07Fh,0A0h-0EFh,0120h-016Fh,01A0h-01EFh,0220h-024Fh \
  -ASFR0=00h-01Fh -ASFR1=080h-09Fh -ASFR2=0100h-011Fh -ASFR3=0180h-019Fh \
  -ASFR4=0200h-021Fh -ASFR5=0280h-02EFh -ASFR6=0300h-036Fh \
  -ASFR7=0380h-03EFh -ASFR8=0400h-046Fh -ASFR9=0480h-04EFh \
  -ASFR10=0500h-056Fh -ASFR11=0580h-05EFh -ASFR12=0600h-066Fh \
  -ASFR13=0680h-06EFh -ASFR14=0700h-076Fh -ASFR15=0780h-07EFh \
  -ASFR16=0800h-086Fh -ASFR17=0880h-08EFh -ASFR18=0900h-096Fh \
  -ASFR19=0980h-09EFh -ASFR20=0A00h-0A6Fh -ASFR21=0A80h-0AEFh \
  -ASFR22=0B00h-0B6Fh -ASFR23=0B80h-0BEFh -ASFR24=0C00h-0C6Fh \
  -ASFR25=0C80h-0CEFh -ASFR26=0D00h-0D6Fh -ASFR27=0D80h-0DEFh \
  -ASFR28=0E00h-0E6Fh -ASFR29=0E80h-0EEFh -ASFR30=0F00h-0F6Fh \
  -ASFR31=0F80h-0FEFh -ACONFIG=08007h-08008h -DCONFIG=2 \
  -AIDLOC=08000h-08003h -DIDLOC=2 -AEEDATA=00h-0FFh/0F000h \
  -peeprom_data=EEDATA -DEEDATA=2 -DCODE=2 -DSTRCODE=2 -DSTRING=2 -DCONST=2 \
  -DENTRY=2 -preset_vec=00h,intentry=04h,init,end_init -ppowerup=CODE \
  -pcinit=CODE -pfunctab=ENTRY -k \
  C:\Users\Alunos\AppData\Local\Temp\xcAs8p0.o \
  dist/default/production\ProjetoFINAL.X.production.o 

Object code version is 3.11

Machine type is 16F1827



                Name                               Link     Load   Length Selector   Space Scale
C:\Users\Alunos\AppData\Local\Temp\xcAs8p0.o
                end_init                             80       80        2        8       0
                reset_vec                             0        0        2        0       0
                config                             8007     8007        2        0       4
                idloc                              8000     8000        4        0       5
dist/default/production\ProjetoFINAL.X.production.o
                cinit                                82       82       21        8       0
                intentry                              4        4       7C        8       0
                eeprom_data                           0     F000       28    1E000       3
                config                             8007     8007        2        0       4
                idloc                              8000     8000        4        0       5
                text74                              A52      A52       11     14A4       0
                text73                              AD8      AD8       17     15B0       0
                text72                              CF9      CF9       44     19F2       0
                text71                              92E      92E        1     125C       0
                text70                              AAC      AAC       16     1558       0
                text69                              738      738       AB        8       0
                text68                              97E      97E        9     12FC       0
                text67                              949      949        6     1292       0
                text66                              AC2      AC2       16     1584       0
                text65                              94F      94F        6     129E       0
                text64                              B21      B21       1C     1642       0
                text63                              934      934        4     1268       0
                text62                              92F      92F        1     125E       0
                text61                              938      938        4     1270       0
                text60                              B5B      B5B       21     16B6       0
                text59                              A74      A74       12     14E8       0
                text58                              930      930        1     1260       0
                text57                              A16      A16        F     142C       0
                text56                              987      987        9     130E       0
                text55                              931      931        1     1262       0
                text54                              A25      A25        F     144A       0
                text53                              A63      A63       11     14C6       0
                text52                              932      932        1     1264       0
                text51                              AEF      AEF       17     15DE       0
                text50                              BA0      BA0       28     1740       0
                text49                              944      944        5     1288       0
                text48                              BC8      BC8       2E     1790       0
                text47                              C86      C86       36     190C       0
                text46                              F17      F17       74     1E2E       0
                text45                              DDB      DDB       5C     1BB6       0
                text44                              933      933        1     1266       0
                text43                              A34      A34        F     1468       0
                text42                              A43      A43        F     1486       0
                text41                              CBC      CBC       3D     1978       0
                text39                              B3D      B3D       1E     167A       0
                text38                              D84      D84       57     1B08       0
                text37                              96E      96E        8     12DC       0
                text36                              990      990        9     1320       0
                text35                              A86      A86       12     150C       0
                text34                              9FE      9FE        C     13FC       0
                text33                              A0A      A0A        C     1414       0
                text32                              955      955        6     12AA       0
                text31                              999      999        9     1332       0
                text30                              9A2      9A2        9     1344       0
                text29                              9AB      9AB        9     1356       0
                text28                              9B4      9B4        9     1368       0
                text27                              9BD      9BD        9     137A       0
                text26                              D3D      D3D       47     1A7A       0
                text25                              93C      93C        4     1278       0
                text24                              967      967        7     12CE       0
                text23                              9C6      9C6        9     138C       0
                text22                              9CF      9CF        9     139E       0
                text21                              C54      C54       32     18A8       0
                text20                              9D8      9D8        9     13B0       0
                text19                              9F3      9F3        B     13E6       0
                text18                              9E1      9E1        9     13C2       0
                text17                              B06      B06       1B     160C       0
                text16                              976      976        8     12EC       0
                text15                              9EA      9EA        9     13D4       0
                text14                              A98      A98       14     1530       0
                text13                              940      940        4     1280       0
                text12                              BF6      BF6       2E     17EC       0
                text11                              2FA      2FA      1B4        8       0
                text10                              B7C      B7C       24     16F8       0
                text9                                A3       A3      257        8       0
                text8                               F8B      F8B       75     1F16       0
                text7                               68B      68B       AD        8       0
                text6                               7E3      7E3       1C        8       0
                text5                               5D6      5D6       B5        8       0
                text4                               E37      E37       6E     1C6E       0
                text3                               95B      95B        6     12B6       0
                text2                               C24      C24       30     1848       0
                text1                               EA5      EA5       72     1D4A       0
                maintext                            4AE      4AE      128        8       0
                cstackBANK0                          20       20       49       20       1
                cstackCOMMON                         70       70        E       70       1
                cstackBANK1                          E2       E2        B       A0       1
                cstackBANK2                         14A      14A        4      120       1
                clrtext                             961      961        6     12C2       0
                bssBANK2                            120      120       20      120       1
                dataBANK1                            ED       ED        2       A0       1
                bssBANK1                             A0       A0       35       A0       1
                bssBANK0                             69       69        3       20       1
                nvBANK2                             140      140        A      120       1
                nvBANK1                              D5       D5        D       A0       1
                stringtext1                         7FF      7FF        4      FFE       0
                idataBANK1                            2        2        2        0       0

TOTAL           Name                               Link     Load   Length     Space
        CLASS   STACK          

        CLASS   CODE           
                end_init                             80       80        2         0
                cinit                                82       82       21         0
                intentry                              4        4       7C         0
                reset_vec                             0        0        2         0
                text74                              A52      A52       11         0
                text73                              AD8      AD8       17         0
                text72                              CF9      CF9       44         0
                text71                              92E      92E        1         0
                text70                              AAC      AAC       16         0
                text69                              738      738       AB         0
                text68                              97E      97E        9         0
                text67                              949      949        6         0
                text66                              AC2      AC2       16         0
                text65                              94F      94F        6         0
                text64                              B21      B21       1C         0
                text63                              934      934        4         0
                text62                              92F      92F        1         0
                text61                              938      938        4         0
                text60                              B5B      B5B       21         0
                text59                              A74      A74       12         0
                text58                              930      930        1         0
                text57                              A16      A16        F         0
                text56                              987      987        9         0
                text55                              931      931        1         0
                text54                              A25      A25        F         0
                text53                              A63      A63       11         0
                text52                              932      932        1         0
                text51                              AEF      AEF       17         0
                text50                              BA0      BA0       28         0
                text49                              944      944        5         0
                text48                              BC8      BC8       2E         0
                text47                              C86      C86       36         0
                text46                              F17      F17       74         0
                text45                              DDB      DDB       5C         0
                text44                              933      933        1         0
                text43                              A34      A34        F         0
                text42                              A43      A43        F         0
                text41                              CBC      CBC       3D         0
                text39                              B3D      B3D       1E         0
                text38                              D84      D84       57         0
                text37                              96E      96E        8         0
                text36                              990      990        9         0
                text35                              A86      A86       12         0
                text34                              9FE      9FE        C         0
                text33                              A0A      A0A        C         0
                text32                              955      955        6         0
                text31                              999      999        9         0
                text30                              9A2      9A2        9         0
                text29                              9AB      9AB        9         0
                text28                              9B4      9B4        9         0
                text27                              9BD      9BD        9         0
                text26                              D3D      D3D       47         0
                text25                              93C      93C        4         0
                text24                              967      967        7         0
                text23                              9C6      9C6        9         0
                text22                              9CF      9CF        9         0
                text21                              C54      C54       32         0
                text20                              9D8      9D8        9         0
                text19                              9F3      9F3        B         0
                text18                              9E1      9E1        9         0
                text17                              B06      B06       1B         0
                text16                              976      976        8         0
                text15                              9EA      9EA        9         0
                text14                              A98      A98       14         0
                text13                              940      940        4         0
                text12                              BF6      BF6       2E         0
                text11                              2FA      2FA      1B4         0
                text10                              B7C      B7C       24         0
                text9                                A3       A3      257         0
                text8                               F8B      F8B       75         0
                text7                               68B      68B       AD         0
                text6                               7E3      7E3       1C         0
                text5                               5D6      5D6       B5         0
                text4                               E37      E37       6E         0
                text3                               95B      95B        6         0
                text2                               C24      C24       30         0
                text1                               EA5      EA5       72         0
                maintext                            4AE      4AE      128         0
                clrtext                             961      961        6         0
                idataBANK1                            2        2        2         0

        CLASS   STRCODE        
                stringtext1                         7FF      7FF        4         0

        CLASS   STRING         

        CLASS   CONST          

        CLASS   ENTRY          

        CLASS   COMMON         
                cstackCOMMON                         70       70        E         1

        CLASS   BANK0          
                cstackBANK0                          20       20       49         1
                bssBANK0                             69       69        3         1

        CLASS   BANK1          
                cstackBANK1                          E2       E2        B         1
                dataBANK1                            ED       ED        2         1
                bssBANK1                             A0       A0       35         1
                nvBANK1                              D5       D5        D         1

        CLASS   BANK2          
                cstackBANK2                         14A      14A        4         1
                bssBANK2                            120      120       20         1
                nvBANK2                             140      140        A         1

        CLASS   BANK3          

        CLASS   BANK4          

        CLASS   BIGRAM         

        CLASS   RAM            

        CLASS   ABS1           
                abs_s1                               7E       7E        2         1

        CLASS   SFR0           

        CLASS   SFR1           

        CLASS   SFR2           

        CLASS   SFR3           

        CLASS   SFR4           

        CLASS   SFR5           

        CLASS   SFR6           

        CLASS   SFR7           

        CLASS   SFR8           

        CLASS   SFR9           

        CLASS   SFR10          

        CLASS   SFR11          

        CLASS   SFR12          

        CLASS   SFR13          

        CLASS   SFR14          

        CLASS   SFR15          

        CLASS   SFR16          

        CLASS   SFR17          

        CLASS   SFR18          

        CLASS   SFR19          

        CLASS   SFR20          

        CLASS   SFR21          

        CLASS   SFR22          

        CLASS   SFR23          

        CLASS   SFR24          

        CLASS   SFR25          

        CLASS   SFR26          

        CLASS   SFR27          

        CLASS   SFR28          

        CLASS   SFR29          

        CLASS   SFR30          

        CLASS   SFR31          

        CLASS   CONFIG         
                config                             8007     8007        2         4

        CLASS   IDLOC          
                idloc                              8000     8000        4         5

        CLASS   EEDATA         
                eeprom_data                           0     F000       28         3

        CLASS   BANK31         

        CLASS   BANK30         

        CLASS   BANK29         

        CLASS   BANK28         

        CLASS   BANK27         

        CLASS   BANK26         

        CLASS   BANK25         

        CLASS   BANK24         

        CLASS   BANK23         

        CLASS   BANK22         

        CLASS   BANK21         

        CLASS   BANK20         

        CLASS   BANK19         

        CLASS   BANK18         

        CLASS   BANK17         

        CLASS   BANK16         

        CLASS   BANK15         

        CLASS   BANK14         

        CLASS   BANK13         

        CLASS   BANK12         

        CLASS   BANK11         

        CLASS   BANK10         

        CLASS   BANK9          

        CLASS   BANK8          

        CLASS   BANK7          

        CLASS   BANK6          

        CLASS   BANK5          



SEGMENTS        Name                           Load    Length   Top    Selector   Space  Class     Delta

                reset_vec                      000000  000004  000004         0       0  CODE        2
                intentry                       000004  0007FB  0007FF         8       0  CODE        2
                cstackBANK0                    000020  00004C  00006C        20       1  BANK0       1
                cstackCOMMON                   000070  00000E  00007E        70       1  COMMON      1
                bssBANK1                       0000A0  00004F  0000EF        A0       1  BANK1       1
                bssBANK2                       000120  00002E  00014E       120       1  BANK2       1
                stringtext1                    0007FF  000004  000803       FFE       0  STRCODE     2
                text71                         00092E  000001  00092F      125C       0  CODE        2
                text62                         00092F  000001  000930      125E       0  CODE        2
                text58                         000930  000001  000931      1260       0  CODE        2
                text55                         000931  000001  000932      1262       0  CODE        2
                text52                         000932  000001  000933      1264       0  CODE        2
                text44                         000933  000001  000934      1266       0  CODE        2
                text63                         000934  000004  000938      1268       0  CODE        2
                text61                         000938  000004  00093C      1270       0  CODE        2
                text25                         00093C  000004  000940      1278       0  CODE        2
                text13                         000940  000004  000944      1280       0  CODE        2
                text49                         000944  000005  000949      1288       0  CODE        2
                text67                         000949  000006  00094F      1292       0  CODE        2
                text65                         00094F  000006  000955      129E       0  CODE        2
                text32                         000955  000006  00095B      12AA       0  CODE        2
                text3                          00095B  000006  000961      12B6       0  CODE        2
                clrtext                        000961  000006  000967      12C2       0  CODE        2
                text24                         000967  000007  00096E      12CE       0  CODE        2
                text37                         00096E  000008  000976      12DC       0  CODE        2
                text16                         000976  000008  00097E      12EC       0  CODE        2
                text68                         00097E  000009  000987      12FC       0  CODE        2
                text56                         000987  000009  000990      130E       0  CODE        2
                text36                         000990  000009  000999      1320       0  CODE        2
                text31                         000999  000009  0009A2      1332       0  CODE        2
                text30                         0009A2  000009  0009AB      1344       0  CODE        2
                text29                         0009AB  000009  0009B4      1356       0  CODE        2
                text28                         0009B4  000009  0009BD      1368       0  CODE        2
                text27                         0009BD  000009  0009C6      137A       0  CODE        2
                text23                         0009C6  000009  0009CF      138C       0  CODE        2
                text22                         0009CF  000009  0009D8      139E       0  CODE        2
                text20                         0009D8  000009  0009E1      13B0       0  CODE        2
                text18                         0009E1  000009  0009EA      13C2       0  CODE        2
                text15                         0009EA  000009  0009F3      13D4       0  CODE        2
                text19                         0009F3  00000B  0009FE      13E6       0  CODE        2
                text34                         0009FE  00000C  000A0A      13FC       0  CODE        2
                text33                         000A0A  00000C  000A16      1414       0  CODE        2
                text57                         000A16  00000F  000A25      142C       0  CODE        2
                text54                         000A25  00000F  000A34      144A       0  CODE        2
                text43                         000A34  00000F  000A43      1468       0  CODE        2
                text42                         000A43  00000F  000A52      1486       0  CODE        2
                text74                         000A52  000011  000A63      14A4       0  CODE        2
                text53                         000A63  000011  000A74      14C6       0  CODE        2
                text59                         000A74  000012  000A86      14E8       0  CODE        2
                text35                         000A86  000012  000A98      150C       0  CODE        2
                text14                         000A98  000014  000AAC      1530       0  CODE        2
                text70                         000AAC  000016  000AC2      1558       0  CODE        2
                text66                         000AC2  000016  000AD8      1584       0  CODE        2
                text73                         000AD8  000017  000AEF      15B0       0  CODE        2
                text51                         000AEF  000017  000B06      15DE       0  CODE        2
                text17                         000B06  00001B  000B21      160C       0  CODE        2
                text64                         000B21  00001C  000B3D      1642       0  CODE        2
                text39                         000B3D  00001E  000B5B      167A       0  CODE        2
                text60                         000B5B  000021  000B7C      16B6       0  CODE        2
                text10                         000B7C  000024  000BA0      16F8       0  CODE        2
                text50                         000BA0  000028  000BC8      1740       0  CODE        2
                text48                         000BC8  00002E  000BF6      1790       0  CODE        2
                text12                         000BF6  00002E  000C24      17EC       0  CODE        2
                text2                          000C24  000030  000C54      1848       0  CODE        2
                text21                         000C54  000032  000C86      18A8       0  CODE        2
                text47                         000C86  000036  000CBC      190C       0  CODE        2
                text41                         000CBC  00003D  000CF9      1978       0  CODE        2
                text72                         000CF9  000044  000D3D      19F2       0  CODE        2
                text26                         000D3D  000047  000D84      1A7A       0  CODE        2
                text38                         000D84  000057  000DDB      1B08       0  CODE        2
                text45                         000DDB  00005C  000E37      1BB6       0  CODE        2
                text4                          000E37  00006E  000EA5      1C6E       0  CODE        2
                text1                          000EA5  000072  000F17      1D4A       0  CODE        2
                text46                         000F17  000074  000F8B      1E2E       0  CODE        2
                text8                          000F8B  000075  001000      1F16       0  CODE        2
                eeprom_data                    00F000  000028  00F028     1E000       3  EEDATA      2


UNUSED ADDRESS RANGES

        Name                Unused          Largest block    Delta
        BANK0            0006C-0006F               4           1
        BANK1            000EF-000EF               1           1
        BANK2            0014E-0016F              22           1
        BANK3            001A0-001EF              50           1
        BANK4            00220-0024F              30           1
        BIGRAM           02000-0216F             170           1
        CODE             00803-0092D             12B           2
        CONST            00803-0092D              FD           2
        EEDATA           0F028-0F0FF              D8           2
        ENTRY            00803-0092D              FD           2
        RAM              0006C-0006F               4           1
                         000EF-000EF               1
                         0014E-0016F              22
                         001A0-001EF              50
                         00220-0024F              30
        SFR0             00000-0001F              20           1
        SFR1             00080-0009F              20           1
        SFR10            00500-0056F              70           1
        SFR11            00580-005EF              70           1
        SFR12            00600-0066F              70           1
        SFR13            00680-006EF              70           1
        SFR14            00700-0076F              70           1
        SFR15            00780-007EF              70           1
        SFR16            00800-0086F              70           1
        SFR17            00880-008EF              70           1
        SFR18            00900-0096F              70           1
        SFR19            00980-009EF              70           1
        SFR2             00100-0011F              20           1
        SFR20            00A00-00A6F              70           1
        SFR21            00A80-00AEF              70           1
        SFR22            00B00-00B6F              70           1
        SFR23            00B80-00BEF              70           1
        SFR24            00C00-00C6F              70           1
        SFR25            00C80-00CEF              70           1
        SFR26            00D00-00D6F              70           1
        SFR27            00D80-00DEF              70           1
        SFR28            00E00-00E6F              70           1
        SFR29            00E80-00EEF              70           1
        SFR3             00180-0019F              20           1
        SFR30            00F00-00F6F              70           1
        SFR31            00F80-00FEF              70           1
        SFR4             00200-0021F              20           1
        SFR5             00280-002EF              70           1
        SFR6             00300-0036F              70           1
        SFR7             00380-003EF              70           1
        SFR8             00400-0046F              70           1
        SFR9             00480-004EF              70           1
        STACK            020CE-0216F              A2           1
        STRCODE          00803-0092D             12B           2
        STRING           00803-0092D              FD           2

                                  Symbol Table

?_ADC_GetConversion                            cstackBANK0  00023
?__Umul8_16                                    cstackBANK0  00023
?___fldiv                                      cstackBANK0  0004F
?___flmul                                      cstackBANK0  00035
?___fltol                                      cstackBANK1  000E2
?___xxtofl                                     cstackBANK0  00027
?i1___fltol                                    cstackCOMMON 00070
ADC_GetConversion@channel                      cstackBANK0  00026
CCP4_CaptureISR@module                         cstackCOMMON 00078
CCP4_SetCallBack@customCallBack                cstackBANK0  00023
EUSART_SetErrorHandler@interruptHandler        cstackBANK0  00023
EUSART_SetFramingErrorHandler@interruptHandler cstackBANK0  00023
EUSART_SetOverrunErrorHandler@interruptHandler cstackBANK0  00023
EUSART_SetRxInterruptHandler@interruptHandler  cstackBANK0  00023
EUSART_SetTxInterruptHandler@interruptHandler  cstackBANK0  00023
EUSART_Write@txData                            cstackCOMMON 00071
Enc@colect_value                               cstackCOMMON 00074
IOCBF0_SetInterruptHandler@InterruptHandler    cstackBANK0  00023
IOCBF3_SetInterruptHandler@InterruptHandler    cstackBANK0  00023
PWM3_LoadDutyValue@dutyValue                   cstackBANK0  00023
SPI1_Open@spi1UniqueConfiguration              cstackBANK0  00026
SPI1_WriteByte@byte                            cstackBANK0  00023
TMR1_SetInterruptHandler@InterruptHandler      cstackBANK0  00023
TMR1_WriteTimer@timerVal                       cstackCOMMON 00070
TMR4_SetInterruptHandler@InterruptHandler      cstackBANK0  00023
_ADCON0                                        (abs)        0009D
_ADCON0bits                                    (abs)        0009D
_ADCON1                                        (abs)        0009E
_ADC_GetConversion                             text39       00B3D
_ADC_Initialize                                text37       0096E
_ADRESH                                        (abs)        0009C
_ADRESL                                        (abs)        0009B
_ANSELA                                        (abs)        0018C
_ANSELB                                        (abs)        0018D
_APFCON0                                       (abs)        0011D
_APFCON1                                       (abs)        0011E
_BAUDCON                                       (abs)        0019F
_BORCON                                        (abs)        00116
_CCP3CON                                       (abs)        00313
_CCP4CON                                       (abs)        0031A
_CCP4_CallBack                                 nvBANK2      00140
_CCP4_CaptureISR                               text70       00AAC
_CCP4_DefaultCallBack                          text71       0092E
_CCP4_Initialize                               text35       00A86
_CCP4_SetCallBack                              text36       00990
_CCPR3H                                        (abs)        00312
_CCPR3L                                        (abs)        00311
_CCPR4H                                        (abs)        00319
_CCPR4L                                        (abs)        00318
_CCPTMRS0bits                                  (abs)        0029E
_CM1CON0                                       (abs)        00111
_CM1CON1                                       (abs)        00112
_CM2CON0                                       (abs)        00113
_CM2CON1                                       (abs)        00114
_CMOUTbits                                     (abs)        00115
_CMP1_ISR                                      text67       00949
_CMP1_Initialize                               text34       009FE
_CMP2_ISR                                      text65       0094F
_CMP2_Initialize                               text33       00A0A
_DACCON0                                       (abs)        00118
_DACCON1                                       (abs)        00119
_DAC_Initialize                                text32       00955
_EEADRH                                        (abs)        00192
_EEADRL                                        (abs)        00191
_EECON1bits                                    (abs)        00195
_EECON2                                        (abs)        00196
_EEDATH                                        (abs)        00194
_EEDATL                                        (abs)        00193
_EUSART_DefaultErrorHandler                    text63       00934
_EUSART_DefaultFramingErrorHandler             text62       0092F
_EUSART_DefaultOverrunErrorHandler             text61       00938
_EUSART_ErrorHandler                           nvBANK2      00142
_EUSART_FramingErrorHandler                    nvBANK2      00146
_EUSART_Initialize                             text26       00D3D
_EUSART_OverrunErrorHandler                    nvBANK2      00144
_EUSART_Receive_ISR                            text41       00CBC
_EUSART_RxDataHandler                          text64       00B21
_EUSART_RxDefaultInterruptHandler              nvBANK2      00148
_EUSART_SetErrorHandler                        text31       00999
_EUSART_SetFramingErrorHandler                 text30       009A2
_EUSART_SetOverrunErrorHandler                 text29       009AB
_EUSART_SetRxInterruptHandler                  text28       009B4
_EUSART_SetTxInterruptHandler                  text27       009BD
_EUSART_Transmit_ISR                           text60       00B5B
_EUSART_TxDefaultInterruptHandler              nvBANK1      000DB
_EUSART_Write                                  text50       00BA0
_Enc                                           text72       00CF9
_FVRCON                                        (abs)        00117
_FVRCONbits                                    (abs)        00117
_FVR_Initialize                                text25       0093C
_INTCONbits                                    (abs)        0000B
_INTERRUPT_InterruptManager                    intentry     00004
_IOCBF0_DefaultInterruptHandler                text58       00930
_IOCBF0_ISR                                    text57       00A16
_IOCBF0_InterruptHandler                       nvBANK1      000DF
_IOCBF0_SetInterruptHandler                    text23       009C6
_IOCBF3_DefaultInterruptHandler                text55       00931
_IOCBF3_ISR                                    text54       00A25
_IOCBF3_InterruptHandler                       nvBANK1      000DD
_IOCBF3_SetInterruptHandler                    text22       009CF
_IOCBFbits                                     (abs)        00396
_IOCBNbits                                     (abs)        00395
_IOCBPbits                                     (abs)        00394
_LATA                                          (abs)        0010C
_LATAbits                                      (abs)        0010C
_LATB                                          (abs)        0010D
_LATBbits                                      (abs)        0010D
_LED                                           bssBANK2     00130
_OPTION_REGbits                                (abs)        00095
_OSCCON                                        (abs)        00099
_OSCILLATOR_Initialize                         text24       00967
_OSCTUNE                                       (abs)        00098
_PIE1bits                                      (abs)        00091
_PIE2bits                                      (abs)        00092
_PIE3bits                                      (abs)        00093
_PIN_MANAGER_IOC                               text53       00A63
_PIN_MANAGER_Initialize                        text21       00C54
_PIR1bits                                      (abs)        00011
_PIR2bits                                      (abs)        00012
_PIR3bits                                      (abs)        00013
_PORTAbits                                     (abs)        0000C
_PR2                                           (abs)        0001B
_PR4                                           (abs)        00416
_PWM3_Initialize                               text20       009D8
_PWM3_LoadDutyValue                            text6        007E3
_RCREG                                         (abs)        00199
_RCSTA                                         (abs)        0019D
_RCSTAbits                                     (abs)        0019D
_S1                                            text59       00A74
_S2                                            text56       00987
_S3                                            text68       0097E
_S4                                            text66       00AC2
_SPBRGH                                        (abs)        0019C
_SPBRGL                                        (abs)        0019B
_SPI1_Initialize                               text19       009F3
_SPI1_Open                                     text38       00D84
_SPI1_WriteByte                                text3        0095B
_SSP1ADD                                       (abs)        00212
_SSP1BUF                                       (abs)        00211
_SSP1CON1                                      (abs)        00215
_SSP1CON1bits                                  (abs)        00215
_SSP1CON2                                      (abs)        00216
_SSP1STAT                                      (abs)        00214
_SYSTEM_Initialize                             text12       00BF6
_T1CON                                         (abs)        00018
_T1CONbits                                     (abs)        00018
_T1GCON                                        (abs)        00019
_T1GCONbits                                    (abs)        00019
_T2CON                                         (abs)        0001C
_T2CONbits                                     (abs)        0001C
_T4CON                                         (abs)        00417
_T4CONbits                                     (abs)        00417
_TMR1H                                         (abs)        00017
_TMR1L                                         (abs)        00016
_TMR1_DefaultInterruptHandler                  text52       00932
_TMR1_ISR                                      text51       00AEF
_TMR1_Initialize                               text17       00B06
_TMR1_InterruptHandler                         nvBANK1      000D7
_TMR1_SetInterruptHandler                      text18       009E1
_TMR1_WriteTimer                               text74       00A52
_TMR2                                          (abs)        0001A
_TMR2_Initialize                               text16       00976
_TMR4                                          (abs)        00415
_TMR4_DefaultInterruptHandler                  text44       00933
_TMR4_ISR                                      text43       00A34
_TMR4_Initialize                               text14       00A98
_TMR4_InterruptHandler                         nvBANK1      000D5
_TMR4_SetInterruptHandler                      text15       009EA
_TRISA                                         (abs)        0008C
_TRISB                                         (abs)        0008D
_TRISBbits                                     (abs)        0008D
_TXREG                                         (abs)        0019A
_TXSTA                                         (abs)        0019E
_TXSTAbits                                     (abs)        0019E
_WDTCON                                        (abs)        00097
_WDT_Initialize                                text13       00940
_WPUA                                          (abs)        0020C
_WPUB                                          (abs)        0020D
__Beeprom_data                                 eeprom_data  0F000
__Habs1                                        abs1         00000
__Hbank0                                       bank0        00000
__Hbank1                                       bank1        00000
__Hbank10                                      bank10       00000
__Hbank11                                      bank11       00000
__Hbank12                                      bank12       00000
__Hbank13                                      bank13       00000
__Hbank14                                      bank14       00000
__Hbank15                                      bank15       00000
__Hbank16                                      bank16       00000
__Hbank17                                      bank17       00000
__Hbank18                                      bank18       00000
__Hbank19                                      bank19       00000
__Hbank2                                       bank2        00000
__Hbank20                                      bank20       00000
__Hbank21                                      bank21       00000
__Hbank22                                      bank22       00000
__Hbank23                                      bank23       00000
__Hbank24                                      bank24       00000
__Hbank25                                      bank25       00000
__Hbank26                                      bank26       00000
__Hbank27                                      bank27       00000
__Hbank28                                      bank28       00000
__Hbank29                                      bank29       00000
__Hbank3                                       bank3        00000
__Hbank30                                      bank30       00000
__Hbank31                                      bank31       00000
__Hbank4                                       bank4        00000
__Hbank5                                       bank5        00000
__Hbank6                                       bank6        00000
__Hbank7                                       bank7        00000
__Hbank8                                       bank8        00000
__Hbank9                                       bank9        00000
__Hbigram                                      bigram       00000
__HbssBANK0                                    bssBANK0     00000
__HbssBANK1                                    bssBANK1     00000
__HbssBANK2                                    bssBANK2     00000
__Hcinit                                       cinit        000A3
__Hclrtext                                     clrtext      00000
__Hcode                                        code         00000
__Hcommon                                      common       00000
__Hconfig                                      config       08009
__HcstackBANK0                                 cstackBANK0  00000
__HcstackBANK1                                 cstackBANK1  00000
__HcstackBANK2                                 cstackBANK2  00000
__HcstackCOMMON                                cstackCOMMON 00000
__HdataBANK1                                   dataBANK1    00000
__Heeprom_data                                 eeprom_data  00028
__Hend_init                                    end_init     00082
__Hfunctab                                     functab      00000
__HidataBANK1                                  idataBANK1   00000
__Hidloc                                       idloc        08004
__Hinit                                        init         00080
__Hintentry                                    intentry     00080
__Hmaintext                                    maintext     00000
__HnvBANK1                                     nvBANK1      00000
__HnvBANK2                                     nvBANK2      00000
__Hpowerup                                     powerup      00000
__Hram                                         ram          00000
__Hreset_vec                                   reset_vec    00002
__Hsfr0                                        sfr0         00000
__Hsfr1                                        sfr1         00000
__Hsfr10                                       sfr10        00000
__Hsfr11                                       sfr11        00000
__Hsfr12                                       sfr12        00000
__Hsfr13                                       sfr13        00000
__Hsfr14                                       sfr14        00000
__Hsfr15                                       sfr15        00000
__Hsfr16                                       sfr16        00000
__Hsfr17                                       sfr17        00000
__Hsfr18                                       sfr18        00000
__Hsfr19                                       sfr19        00000
__Hsfr2                                        sfr2         00000
__Hsfr20                                       sfr20        00000
__Hsfr21                                       sfr21        00000
__Hsfr22                                       sfr22        00000
__Hsfr23                                       sfr23        00000
__Hsfr24                                       sfr24        00000
__Hsfr25                                       sfr25        00000
__Hsfr26                                       sfr26        00000
__Hsfr27                                       sfr27        00000
__Hsfr28                                       sfr28        00000
__Hsfr29                                       sfr29        00000
__Hsfr3                                        sfr3         00000
__Hsfr30                                       sfr30        00000
__Hsfr31                                       sfr31        00000
__Hsfr4                                        sfr4         00000
__Hsfr5                                        sfr5         00000
__Hsfr6                                        sfr6         00000
__Hsfr7                                        sfr7         00000
__Hsfr8                                        sfr8         00000
__Hsfr9                                        sfr9         00000
__Hspace_0                                     (abs)        01000
__Hspace_1                                     (abs)        0014E
__Hspace_2                                     (abs)        00000
__Hspace_3                                     (abs)        00028
__Hspace_4                                     (abs)        10010
__Hstack                                       stack        00000
__Hstrings                                     strings      00000
__Hstringtext1                                 stringtext1  00000
__Htext                                        text         00000
__Labs1                                        abs1         00000
__Lbank0                                       bank0        00000
__Lbank1                                       bank1        00000
__Lbank10                                      bank10       00000
__Lbank11                                      bank11       00000
__Lbank12                                      bank12       00000
__Lbank13                                      bank13       00000
__Lbank14                                      bank14       00000
__Lbank15                                      bank15       00000
__Lbank16                                      bank16       00000
__Lbank17                                      bank17       00000
__Lbank18                                      bank18       00000
__Lbank19                                      bank19       00000
__Lbank2                                       bank2        00000
__Lbank20                                      bank20       00000
__Lbank21                                      bank21       00000
__Lbank22                                      bank22       00000
__Lbank23                                      bank23       00000
__Lbank24                                      bank24       00000
__Lbank25                                      bank25       00000
__Lbank26                                      bank26       00000
__Lbank27                                      bank27       00000
__Lbank28                                      bank28       00000
__Lbank29                                      bank29       00000
__Lbank3                                       bank3        00000
__Lbank30                                      bank30       00000
__Lbank31                                      bank31       00000
__Lbank4                                       bank4        00000
__Lbank5                                       bank5        00000
__Lbank6                                       bank6        00000
__Lbank7                                       bank7        00000
__Lbank8                                       bank8        00000
__Lbank9                                       bank9        00000
__Lbigram                                      bigram       00000
__LbssBANK0                                    bssBANK0     00000
__LbssBANK1                                    bssBANK1     00000
__LbssBANK2                                    bssBANK2     00000
__Lcinit                                       cinit        00082
__Lclrtext                                     clrtext      00000
__Lcode                                        code         00000
__Lcommon                                      common       00000
__Lconfig                                      config       00000
__LcstackBANK0                                 cstackBANK0  00000
__LcstackBANK1                                 cstackBANK1  00000
__LcstackBANK2                                 cstackBANK2  00000
__LcstackCOMMON                                cstackCOMMON 00000
__LdataBANK1                                   dataBANK1    00000
__Leeprom_data                                 eeprom_data  00000
__Lend_init                                    end_init     00080
__Lfunctab                                     functab      00000
__LidataBANK1                                  idataBANK1   00000
__Lidloc                                       idloc        00000
__Linit                                        init         00080
__Lintentry                                    intentry     00004
__Lmaintext                                    maintext     00000
__LnvBANK1                                     nvBANK1      00000
__LnvBANK2                                     nvBANK2      00000
__Lpowerup                                     powerup      00000
__Lram                                         ram          00000
__Lreset_vec                                   reset_vec    00000
__Lsfr0                                        sfr0         00000
__Lsfr1                                        sfr1         00000
__Lsfr10                                       sfr10        00000
__Lsfr11                                       sfr11        00000
__Lsfr12                                       sfr12        00000
__Lsfr13                                       sfr13        00000
__Lsfr14                                       sfr14        00000
__Lsfr15                                       sfr15        00000
__Lsfr16                                       sfr16        00000
__Lsfr17                                       sfr17        00000
__Lsfr18                                       sfr18        00000
__Lsfr19                                       sfr19        00000
__Lsfr2                                        sfr2         00000
__Lsfr20                                       sfr20        00000
__Lsfr21                                       sfr21        00000
__Lsfr22                                       sfr22        00000
__Lsfr23                                       sfr23        00000
__Lsfr24                                       sfr24        00000
__Lsfr25                                       sfr25        00000
__Lsfr26                                       sfr26        00000
__Lsfr27                                       sfr27        00000
__Lsfr28                                       sfr28        00000
__Lsfr29                                       sfr29        00000
__Lsfr3                                        sfr3         00000
__Lsfr30                                       sfr30        00000
__Lsfr31                                       sfr31        00000
__Lsfr4                                        sfr4         00000
__Lsfr5                                        sfr5         00000
__Lsfr6                                        sfr6         00000
__Lsfr7                                        sfr7         00000
__Lsfr8                                        sfr8         00000
__Lsfr9                                        sfr9         00000
__Lspace_0                                     (abs)        00000
__Lspace_1                                     (abs)        00000
__Lspace_2                                     (abs)        00000
__Lspace_3                                     (abs)        00000
__Lspace_4                                     (abs)        00000
__Lstack                                       stack        00000
__Lstrings                                     strings      00000
__Lstringtext1                                 stringtext1  00000
__Ltext                                        text         00000
__S0                                           (abs)        01000
__S1                                           (abs)        0014E
__S2                                           (abs)        00000
__S3                                           (abs)        0F028
__Umul8_16                                     text10       00B7C
__Umul8_16@multiplicand                        cstackBANK0  00023
__Umul8_16@multiplier                          cstackBANK0  0002B
__Umul8_16@product                             cstackBANK0  00027
__Umul8_16@word_mpld                           cstackBANK0  00029
___fldiv                                       text11       002FA
___fldiv@a                                     cstackBANK0  0004F
___fldiv@aexp                                  cstackBANK0  00068
___fldiv@b                                     cstackBANK0  00053
___fldiv@bexp                                  cstackBANK0  00067
___fldiv@grs                                   cstackBANK0  00063
___fldiv@new_exp                               cstackBANK0  00061
___fldiv@rem                                   cstackBANK0  0005C
___fldiv@sign                                  cstackBANK0  00060
___flmul                                       text9        000A3
___flmul@a                                     cstackBANK0  00039
___flmul@aexp                                  cstackBANK0  00047
___flmul@b                                     cstackBANK0  00035
___flmul@bexp                                  cstackBANK0  00048
___flmul@grs                                   cstackBANK0  00043
___flmul@prod                                  cstackBANK0  00049
___flmul@sign                                  cstackBANK0  00042
___flmul@temp                                  cstackBANK0  0004D
___fltol                                       text8        00F8B
___fltol@exp1                                  cstackBANK1  000EC
___fltol@f1                                    cstackBANK1  000E2
___fltol@sign1                                 cstackBANK1  000EB
___int_sp                                      stack        00000
___latbits                                     (abs)        00001
___sp                                          stack        00000
___stackhi                                     (abs)        0216F
___stacklo                                     (abs)        020CE
___xxtofl                                      text7        0068B
___xxtofl@arg                                  cstackBANK0  00031
___xxtofl@exp                                  cstackBANK0  00030
___xxtofl@sign                                 cstackBANK0  0002F
___xxtofl@val                                  cstackBANK0  00027
__end_of_ADC_GetConversion                     text39       00B5B
__end_of_ADC_Initialize                        text37       00976
__end_of_CCP4_CaptureISR                       text70       00AC2
__end_of_CCP4_DefaultCallBack                  text71       0092F
__end_of_CCP4_Initialize                       text35       00A98
__end_of_CCP4_SetCallBack                      text36       00999
__end_of_CMP1_ISR                              text67       0094F
__end_of_CMP1_Initialize                       text34       00A0A
__end_of_CMP2_ISR                              text65       00955
__end_of_CMP2_Initialize                       text33       00A16
__end_of_DAC_Initialize                        text32       0095B
__end_of_EUSART_DefaultErrorHandler            text63       00938
__end_of_EUSART_DefaultFramingErrorHandler     text62       00930
__end_of_EUSART_DefaultOverrunErrorHandler     text61       0093C
__end_of_EUSART_Initialize                     text26       00D84
__end_of_EUSART_Receive_ISR                    text41       00CF9
__end_of_EUSART_RxDataHandler                  text64       00B3D
__end_of_EUSART_SetErrorHandler                text31       009A2
__end_of_EUSART_SetFramingErrorHandler         text30       009AB
__end_of_EUSART_SetOverrunErrorHandler         text29       009B4
__end_of_EUSART_SetRxInterruptHandler          text28       009BD
__end_of_EUSART_SetTxInterruptHandler          text27       009C6
__end_of_EUSART_Transmit_ISR                   text60       00B7C
__end_of_EUSART_Write                          text50       00BC8
__end_of_Enc                                   text72       00D3D
__end_of_FVR_Initialize                        text25       00940
__end_of_INTERRUPT_InterruptManager            intentry     00080
__end_of_IOCBF0_DefaultInterruptHandler        text58       00931
__end_of_IOCBF0_ISR                            text57       00A25
__end_of_IOCBF0_SetInterruptHandler            text23       009CF
__end_of_IOCBF3_DefaultInterruptHandler        text55       00932
__end_of_IOCBF3_ISR                            text54       00A34
__end_of_IOCBF3_SetInterruptHandler            text22       009D8
__end_of_OSCILLATOR_Initialize                 text24       0096E
__end_of_PIN_MANAGER_IOC                       text53       00A74
__end_of_PIN_MANAGER_Initialize                text21       00C86
__end_of_PWM3_Initialize                       text20       009E1
__end_of_PWM3_LoadDutyValue                    text6        007FF
__end_of_S1                                    text59       00A86
__end_of_S2                                    text56       00990
__end_of_S3                                    text68       00987
__end_of_S4                                    text66       00AD8
__end_of_SPI1_Initialize                       text19       009FE
__end_of_SPI1_Open                             text38       00DDB
__end_of_SPI1_WriteByte                        text3        00961
__end_of_SYSTEM_Initialize                     text12       00C24
__end_of_TMR1_DefaultInterruptHandler          text52       00933
__end_of_TMR1_ISR                              text51       00B06
__end_of_TMR1_Initialize                       text17       00B21
__end_of_TMR1_SetInterruptHandler              text18       009EA
__end_of_TMR1_WriteTimer                       text74       00A63
__end_of_TMR2_Initialize                       text16       0097E
__end_of_TMR4_DefaultInterruptHandler          text44       00934
__end_of_TMR4_ISR                              text43       00A43
__end_of_TMR4_Initialize                       text14       00AAC
__end_of_TMR4_SetInterruptHandler              text15       009F3
__end_of_WDT_Initialize                        text13       00944
__end_of__Umul8_16                             text10       00BA0
__end_of___fldiv                               text11       004AE
__end_of___flmul                               text9        002FA
__end_of___fltol                               text8        01000
__end_of___xxtofl                              text7        00738
__end_of__initialization                       cinit        0009F
__end_of_comm                                  text45       00E37
__end_of_controle                              text4        00EA5
__end_of_deslocamento                          text5        0068B
__end_of_initMAX7219                           text1        00F17
__end_of_leds                                  text47       00CBC
__end_of_main                                  maintext     005D6
__end_of_recepcao                              text42       00A52
__end_of_spi1_configuration                    stringtext1  00803
__end_of_txMAX7219                             text2        00C54
__end_ofi1_PWM3_LoadDutyValue                  text73       00AEF
__end_ofi1_SPI1_WriteByte                      text49       00949
__end_ofi1___fltol                             text46       00F8B
__end_ofi1_deslocamento                        text69       007E3
__end_ofi1_txMAX7219                           text48       00BF6
__initialization                               cinit        00082
__pbssBANK0                                    bssBANK0     00069
__pbssBANK1                                    bssBANK1     000A0
__pbssBANK2                                    bssBANK2     00120
__pcstackBANK0                                 cstackBANK0  00020
__pcstackBANK1                                 cstackBANK1  000E2
__pcstackBANK2                                 cstackBANK2  0014A
__pcstackCOMMON                                cstackCOMMON 00070
__pdataBANK1                                   dataBANK1    000ED
__pidataBANK1                                  idataBANK1   00002
__pintentry                                    intentry     00004
__pmaintext                                    maintext     004AE
__pnvBANK1                                     nvBANK1      000D5
__pnvBANK2                                     nvBANK2      00140
__pstringtext1                                 stringtext1  007FF
__ptext1                                       text1        00EA5
__ptext10                                      text10       00B7C
__ptext11                                      text11       002FA
__ptext12                                      text12       00BF6
__ptext13                                      text13       00940
__ptext14                                      text14       00A98
__ptext15                                      text15       009EA
__ptext16                                      text16       00976
__ptext17                                      text17       00B06
__ptext18                                      text18       009E1
__ptext19                                      text19       009F3
__ptext2                                       text2        00C24
__ptext20                                      text20       009D8
__ptext21                                      text21       00C54
__ptext22                                      text22       009CF
__ptext23                                      text23       009C6
__ptext24                                      text24       00967
__ptext25                                      text25       0093C
__ptext26                                      text26       00D3D
__ptext27                                      text27       009BD
__ptext28                                      text28       009B4
__ptext29                                      text29       009AB
__ptext3                                       text3        0095B
__ptext30                                      text30       009A2
__ptext31                                      text31       00999
__ptext32                                      text32       00955
__ptext33                                      text33       00A0A
__ptext34                                      text34       009FE
__ptext35                                      text35       00A86
__ptext36                                      text36       00990
__ptext37                                      text37       0096E
__ptext38                                      text38       00D84
__ptext39                                      text39       00B3D
__ptext4                                       text4        00E37
__ptext41                                      text41       00CBC
__ptext42                                      text42       00A43
__ptext43                                      text43       00A34
__ptext44                                      text44       00933
__ptext45                                      text45       00DDB
__ptext46                                      text46       00F17
__ptext47                                      text47       00C86
__ptext48                                      text48       00BC8
__ptext49                                      text49       00944
__ptext5                                       text5        005D6
__ptext50                                      text50       00BA0
__ptext51                                      text51       00AEF
__ptext52                                      text52       00932
__ptext53                                      text53       00A63
__ptext54                                      text54       00A25
__ptext55                                      text55       00931
__ptext56                                      text56       00987
__ptext57                                      text57       00A16
__ptext58                                      text58       00930
__ptext59                                      text59       00A74
__ptext6                                       text6        007E3
__ptext60                                      text60       00B5B
__ptext61                                      text61       00938
__ptext62                                      text62       0092F
__ptext63                                      text63       00934
__ptext64                                      text64       00B21
__ptext65                                      text65       0094F
__ptext66                                      text66       00AC2
__ptext67                                      text67       00949
__ptext68                                      text68       0097E
__ptext69                                      text69       00738
__ptext7                                       text7        0068B
__ptext70                                      text70       00AAC
__ptext71                                      text71       0092E
__ptext72                                      text72       00CF9
__ptext73                                      text73       00AD8
__ptext74                                      text74       00A52
__ptext8                                       text8        00F8B
__ptext9                                       text9        000A3
__size_of_ADC_GetConversion                    (abs)        00000
__size_of_ADC_Initialize                       (abs)        00000
__size_of_CCP4_CaptureISR                      (abs)        00000
__size_of_CCP4_DefaultCallBack                 (abs)        00000
__size_of_CCP4_Initialize                      (abs)        00000
__size_of_CCP4_SetCallBack                     (abs)        00000
__size_of_CMP1_ISR                             (abs)        00000
__size_of_CMP1_Initialize                      (abs)        00000
__size_of_CMP2_ISR                             (abs)        00000
__size_of_CMP2_Initialize                      (abs)        00000
__size_of_DAC_Initialize                       (abs)        00000
__size_of_EUSART_DefaultErrorHandler           (abs)        00000
__size_of_EUSART_DefaultFramingErrorHandler    (abs)        00000
__size_of_EUSART_DefaultOverrunErrorHandler    (abs)        00000
__size_of_EUSART_Initialize                    (abs)        00000
__size_of_EUSART_Receive_ISR                   (abs)        00000
__size_of_EUSART_RxDataHandler                 (abs)        00000
__size_of_EUSART_SetErrorHandler               (abs)        00000
__size_of_EUSART_SetFramingErrorHandler        (abs)        00000
__size_of_EUSART_SetOverrunErrorHandler        (abs)        00000
__size_of_EUSART_SetRxInterruptHandler         (abs)        00000
__size_of_EUSART_SetTxInterruptHandler         (abs)        00000
__size_of_EUSART_Transmit_ISR                  (abs)        00000
__size_of_EUSART_Write                         (abs)        00000
__size_of_Enc                                  (abs)        00000
__size_of_FVR_Initialize                       (abs)        00000
__size_of_INTERRUPT_InterruptManager           (abs)        00000
__size_of_IOCBF0_DefaultInterruptHandler       (abs)        00000
__size_of_IOCBF0_ISR                           (abs)        00000
__size_of_IOCBF0_SetInterruptHandler           (abs)        00000
__size_of_IOCBF3_DefaultInterruptHandler       (abs)        00000
__size_of_IOCBF3_ISR                           (abs)        00000
__size_of_IOCBF3_SetInterruptHandler           (abs)        00000
__size_of_OSCILLATOR_Initialize                (abs)        00000
__size_of_PIN_MANAGER_IOC                      (abs)        00000
__size_of_PIN_MANAGER_Initialize               (abs)        00000
__size_of_PWM3_Initialize                      (abs)        00000
__size_of_PWM3_LoadDutyValue                   (abs)        00000
__size_of_S1                                   (abs)        00000
__size_of_S2                                   (abs)        00000
__size_of_S3                                   (abs)        00000
__size_of_S4                                   (abs)        00000
__size_of_SPI1_Initialize                      (abs)        00000
__size_of_SPI1_Open                            (abs)        00000
__size_of_SPI1_WriteByte                       (abs)        00000
__size_of_SYSTEM_Initialize                    (abs)        00000
__size_of_TMR1_DefaultInterruptHandler         (abs)        00000
__size_of_TMR1_ISR                             (abs)        00000
__size_of_TMR1_Initialize                      (abs)        00000
__size_of_TMR1_SetInterruptHandler             (abs)        00000
__size_of_TMR1_WriteTimer                      (abs)        00000
__size_of_TMR2_Initialize                      (abs)        00000
__size_of_TMR4_DefaultInterruptHandler         (abs)        00000
__size_of_TMR4_ISR                             (abs)        00000
__size_of_TMR4_Initialize                      (abs)        00000
__size_of_TMR4_SetInterruptHandler             (abs)        00000
__size_of_WDT_Initialize                       (abs)        00000
__size_of__Umul8_16                            (abs)        00000
__size_of___fldiv                              (abs)        00000
__size_of___flmul                              (abs)        00000
__size_of___fltol                              (abs)        00000
__size_of___xxtofl                             (abs)        00000
__size_of_comm                                 (abs)        00000
__size_of_controle                             (abs)        00000
__size_of_deslocamento                         (abs)        00000
__size_of_initMAX7219                          (abs)        00000
__size_of_leds                                 (abs)        00000
__size_of_main                                 (abs)        00000
__size_of_recepcao                             (abs)        00000
__size_of_txMAX7219                            (abs)        00000
__size_ofi1_PWM3_LoadDutyValue                 (abs)        00000
__size_ofi1_SPI1_WriteByte                     (abs)        00000
__size_ofi1___fltol                            (abs)        00000
__size_ofi1_deslocamento                       (abs)        00000
__size_ofi1_txMAX7219                          (abs)        00000
_colect_value                                  bssBANK1     000CB
_comm                                          text45       00DDB
_controle                                      text4        00E37
_deslocamento                                  text5        005D6
_eusartRxBuffer                                bssBANK2     00138
_eusartRxCount                                 bssBANK1     000C3
_eusartRxHead                                  bssBANK0     0006B
_eusartRxLastError                             bssBANK1     000C2
_eusartRxStatusBuffer                          bssBANK1     000A0
_eusartRxTail                                  bssBANK1     000C4
_eusartTxBuffer                                bssBANK1     000A8
_eusartTxBufferRemaining                       nvBANK1      000E1
_eusartTxHead                                  bssBANK1     000C6
_eusartTxTail                                  bssBANK1     000C5
_initMAX7219                                   text1        00EA5
_leds                                          text47       00C86
_main                                          maintext     004AE
_matrix                                        bssBANK2     00120
_motor                                         bssBANK1     000CF
_pos_atual                                     bssBANK0     00069
_pos_final                                     bssBANK1     000BC
_position                                      bssBANK1     000C7
_pulsos                                        bssBANK1     000CD
_recepcao                                      text42       00A43
_rxByte                                        bssBANK1     000C1
_speed                                         bssBANK1     000D1
_spi1_configuration                            stringtext1  007FF
_temp                                          bssBANK1     000D3
_timer1ReloadVal                               nvBANK1      000D9
_txByte                                        bssBANK1     000B0
_txMAX7219                                     text2        00C24
_u                                             bssBANK1     000BA
btemp                                          (abs)        0007E
clear_ram0                                     clrtext      00961
comm@i                                         cstackCOMMON 0007C
end_of_initialization                          cinit        0009F
i1PWM3_LoadDutyValue@dutyValue                 cstackCOMMON 00070
i1SPI1_WriteByte@byte                          cstackCOMMON 00070
i1_PWM3_LoadDutyValue                          text73       00AD8
i1_SPI1_WriteByte                              text49       00944
i1___fltol                                     text46       00F17
i1___fltol@exp1                                cstackCOMMON 0007A
i1___fltol@f1                                  cstackCOMMON 00070
i1___fltol@sign1                               cstackCOMMON 00079
i1_deslocamento                                text69       00738
i1_txMAX7219                                   text48       00BC8
i1txMAX7219@addr0                              cstackCOMMON 00074
i1txMAX7219@addr1                              cstackCOMMON 00072
i1txMAX7219@dat0                               cstackCOMMON 00071
i1txMAX7219@dat1                               cstackCOMMON 00073
int$flags                                      (abs)        0007E
intlevel0                                      functab      00000
intlevel1                                      functab      00000
intlevel2                                      functab      00000
intlevel3                                      functab      00000
intlevel4                                      functab      00000
intlevel5                                      functab      00000
leds@i                                         cstackCOMMON 0007A
reset_vec                                      reset_vec    00000
start                                          init         00080
start_initialization                           cinit        00082
txMAX7219@addr0                                cstackBANK0  00027
txMAX7219@addr1                                cstackBANK0  00025
txMAX7219@dat0                                 cstackBANK0  00024
txMAX7219@dat1                                 cstackBANK0  00026
wtemp0                                         (abs)        0007E


MODULE INFORMATION

Module		Function		Class		Link	Load	Size
mcc_generated_files/cmp1.c
		_CMP1_Initialize		CODE           	09FE	0000	12

mcc_generated_files/cmp1.c estimated size: 12

mcc_generated_files/fvr.c
		_FVR_Initialize		CODE           	093C	0000	4

mcc_generated_files/fvr.c estimated size: 4

mcc_generated_files/tmr4.c
		_TMR4_ISR      		CODE           	0A34	0000	15
		_TMR4_Initialize		CODE           	0A98	0000	20
		_TMR4_SetInterruptHandler		CODE           	09EA	0000	9
		_TMR4_DefaultInterruptHandler		CODE           	0933	0000	1

mcc_generated_files/tmr4.c estimated size: 45

ledMatrix.c
		_initMAX7219   		CODE           	0EA5	0000	114
		_txMAX7219     		CODE           	0C24	0000	48

ledMatrix.c estimated size: 162

mcc_generated_files/tmr2.c
		_TMR2_Initialize		CODE           	0976	0000	8

mcc_generated_files/tmr2.c estimated size: 8

mcc_generated_files/interrupt_manager.c
		_INTERRUPT_InterruptManager		CODE           	0004	0000	124

mcc_generated_files/interrupt_manager.c estimated size: 124

mcc_generated_files/pin_manager.c
		_IOCBF3_DefaultInterruptHandler		CODE           	0931	0000	1
		_IOCBF0_ISR    		CODE           	0A16	0000	15
		_PIN_MANAGER_Initialize		CODE           	0C54	0000	50
		_IOCBF3_ISR    		CODE           	0A25	0000	15
		_IOCBF0_SetInterruptHandler		CODE           	09C6	0000	9
		_IOCBF3_SetInterruptHandler		CODE           	09CF	0000	9
		_PIN_MANAGER_IOC		CODE           	0A63	0000	17
		_IOCBF0_DefaultInterruptHandler		CODE           	0930	0000	1

mcc_generated_files/pin_manager.c estimated size: 117

mcc_generated_files/spi1.c
		_SPI1_WriteByte		CODE           	095B	0000	6
		_SPI1_Open     		CODE           	0D84	0000	87
		_SPI1_Initialize		CODE           	09F3	0000	11

mcc_generated_files/spi1.c estimated size: 104

mcc_generated_files/ccp4.c
		_CCP4_SetCallBack		CODE           	0990	0000	9
		_CCP4_CaptureISR		CODE           	0AAC	0000	22
		_CCP4_DefaultCallBack		CODE           	092E	0000	1
		_CCP4_Initialize		CODE           	0A86	0000	18

mcc_generated_files/ccp4.c estimated size: 50

mcc_generated_files/adc.c
		_ADC_Initialize		CODE           	096E	0000	8
		_ADC_GetConversion		CODE           	0B3D	0000	30

mcc_generated_files/adc.c estimated size: 38

mcc_generated_files/cmp2.c
		_CMP2_Initialize		CODE           	0A0A	0000	12

mcc_generated_files/cmp2.c estimated size: 12

shared
		i1_SPI1_WriteByte		CODE           	0944	0000	5
		i1_txMAX7219   		CODE           	0BC8	0000	46
		i1_deslocamento		CODE           	0738	0000	171
		i1___fltol     		CODE           	0F17	0000	116
		__initialization		CODE           	0082	0000	29
		_spi1_configuration		STRCODE        	07FF	0000	4
		i1_PWM3_LoadDutyValue		CODE           	0AD8	0000	23

shared estimated size: 394

C:\Program Files\Microchip\xc8\v2.32\pic\sources\c99\common\sprcmul.c
		___flmul       		CODE           	00A3	0000	599

C:\Program Files\Microchip\xc8\v2.32\pic\sources\c99\common\sprcmul.c estimated size: 599

mcc_generated_files/mcc.c
		_WDT_Initialize		CODE           	0940	0000	4
		_OSCILLATOR_Initialize		CODE           	0967	0000	7
		_SYSTEM_Initialize		CODE           	0BF6	0000	46

mcc_generated_files/mcc.c estimated size: 57

C:\Program Files\Microchip\xc8\v2.32\pic\sources\c99\common\sprcdiv.c
		___fldiv       		CODE           	02FA	0000	436

C:\Program Files\Microchip\xc8\v2.32\pic\sources\c99\common\sprcdiv.c estimated size: 436

mcc_generated_files/pwm3.c
		_PWM3_Initialize		CODE           	09D8	0000	9
		_PWM3_LoadDutyValue		CODE           	07E3	0000	28

mcc_generated_files/pwm3.c estimated size: 37

C:\Program Files\Microchip\xc8\v2.32\pic\sources\c99\common\Umul8_16.c
		__Umul8_16     		CODE           	0B7C	0000	36

C:\Program Files\Microchip\xc8\v2.32\pic\sources\c99\common\Umul8_16.c estimated size: 36

mcc_generated_files/tmr1.c
		_TMR1_Initialize		CODE           	0B06	0000	27
		_TMR1_SetInterruptHandler		CODE           	09E1	0000	9
		_TMR1_DefaultInterruptHandler		CODE           	0932	0000	1
		_TMR1_WriteTimer		CODE           	0A52	0000	17
		_TMR1_ISR      		CODE           	0AEF	0000	23

mcc_generated_files/tmr1.c estimated size: 77

C:\Program Files\Microchip\xc8\v2.32\pic\sources\c99\common\fltol.c
		___fltol       		CODE           	0F8B	0000	117

C:\Program Files\Microchip\xc8\v2.32\pic\sources\c99\common\fltol.c estimated size: 117

C:\Program Files\Microchip\xc8\v2.32\pic\sources\c99\common\xxtofl.c
		___xxtofl      		CODE           	068B	0000	173

C:\Program Files\Microchip\xc8\v2.32\pic\sources\c99\common\xxtofl.c estimated size: 173

mcc_generated_files/eusart.c
		_EUSART_SetRxInterruptHandler		CODE           	09B4	0000	9
		_EUSART_SetTxInterruptHandler		CODE           	09BD	0000	9
		_EUSART_DefaultOverrunErrorHandler		CODE           	0938	0000	4
		_EUSART_Write  		CODE           	0BA0	0000	40
		_EUSART_DefaultErrorHandler		CODE           	0934	0000	4
		_EUSART_Transmit_ISR		CODE           	0B5B	0000	33
		_EUSART_Initialize		CODE           	0D3D	0000	71
		_EUSART_SetFramingErrorHandler		CODE           	09A2	0000	9
		_EUSART_SetErrorHandler		CODE           	0999	0000	9
		_EUSART_SetOverrunErrorHandler		CODE           	09AB	0000	9
		_EUSART_Receive_ISR		CODE           	0CBC	0000	61
		_EUSART_RxDataHandler		CODE           	0B21	0000	28
		_EUSART_DefaultFramingErrorHandler		CODE           	092F	0000	1

mcc_generated_files/eusart.c estimated size: 287

mcc_generated_files/dac.c
		_DAC_Initialize		CODE           	0955	0000	6

mcc_generated_files/dac.c estimated size: 6

main.c
		_S1            		CODE           	0A74	0000	18
		_S2            		CODE           	0987	0000	9
		_S3            		CODE           	097E	0000	9
		_S4            		CODE           	0AC2	0000	22
		_main          		CODE           	04AE	0000	296
		_controle      		CODE           	0E37	0000	110
		_Enc           		CODE           	0CF9	0000	68
		_recepcao      		CODE           	0A43	0000	15
		_deslocamento  		CODE           	05D6	0000	181
		_comm          		CODE           	0DDB	0000	92
		_leds          		CODE           	0C86	0000	54
		_CMP1_ISR      		CODE           	0949	0000	6
		_CMP2_ISR      		CODE           	094F	0000	6

main.c estimated size: 886

