Microchip MPLAB XC8 Compiler V2.32

Linker command line:

-W-3 --edf=C:\Program Files\Microchip\xc8\v2.32\pic\dat\en_msgs.txt -cn \
  -h+dist/default/debug\ProjetoFINAL.X.debug.sym \
  --cmf=dist/default/debug\ProjetoFINAL.X.debug.cmf -z -Q16F1827 \
  -oC:\Users\Alunos\AppData\Local\Temp\xcAs31c.5 --defsym=__MPLAB_BUILD=1 \
  -Mdist/default/debug/ProjetoFINAL.X.debug.map -E1 -ver=XC8 Compiler \
  --acfsm=1493 -ASTACK=0209Dh-0215Fh -pstack=STACK -ACODE=00h-07FFhx2 \
  -ASTRCODE=00h-0FFFh -ASTRING=00h-0FFhx16 -ACONST=00h-0FFhx16 \
  -AENTRY=00h-0FFhx16 -ACOMMON=070h-07Fh -ABANK0=020h-06Fh \
  -ABANK1=0A0h-0EFh -ABANK2=0120h-016Fh -ABANK3=01A0h-01EFh \
  -ABANK4=0220h-023Fh -ABIGRAM=02000h-0215Fh \
  -ARAM=020h-06Fh,0A0h-0EFh,0120h-016Fh,01A0h-01EFh,0220h-023Fh \
  -AABS1=020h-07Fh,0A0h-0EFh,0120h-016Fh,01A0h-01EFh,0220h-024Fh \
  -ASFR0=00h-01Fh -ASFR1=080h-09Fh -ASFR2=0100h-011Fh -ASFR3=0180h-019Fh \
  -ASFR4=0200h-021Fh -ASFR5=0280h-02EFh -ASFR6=0300h-036Fh \
  -ASFR7=0380h-03EFh -ASFR8=0400h-046Fh -ASFR9=0480h-04EFh \
  -ASFR10=0500h-056Fh -ASFR11=0580h-05EFh -ASFR12=0600h-066Fh \
  -ASFR13=0680h-06EFh -ASFR14=0700h-076Fh -ASFR15=0780h-07EFh \
  -ASFR16=0800h-086Fh -ASFR17=0880h-08EFh -ASFR18=0900h-096Fh \
  -ASFR19=0980h-09EFh -ASFR20=0A00h-0A6Fh -ASFR21=0A80h-0AEFh \
  -ASFR22=0B00h-0B6Fh -ASFR23=0B80h-0BEFh -ASFR24=0C00h-0C6Fh \
  -ASFR25=0C80h-0CEFh -ASFR26=0D00h-0D6Fh -ASFR27=0D80h-0DEFh \
  -ASFR28=0E00h-0E6Fh -ASFR29=0E80h-0EEFh -ASFR30=0F00h-0F6Fh \
  -ASFR31=0F80h-0FEFh -ACONFIG=08007h-08008h -DCONFIG=2 \
  -AIDLOC=08000h-08003h -DIDLOC=2 -AEEDATA=00h-0FFh/0F000h \
  -peeprom_data=EEDATA -DEEDATA=2 -DCODE=2 -DSTRCODE=2 -DSTRING=2 -DCONST=2 \
  -DENTRY=2 -preset_vec=00h,intentry=04h,init,end_init -ppowerup=CODE \
  -pcinit=CODE -pfunctab=ENTRY -k \
  C:\Users\Alunos\AppData\Local\Temp\xcAs31c.o \
  dist/default/debug\ProjetoFINAL.X.debug.o 

Object code version is 3.11

Machine type is 16F1827



                Name                               Link     Load   Length Selector   Space Scale
C:\Users\Alunos\AppData\Local\Temp\xcAs31c.o
                end_init                             5E       5E        2        8       0
                reset_vec                             0        0        3        0       0
                config                             8007     8007        2        0       4
                idloc                              8000     8000        4        0       5
dist/default/debug\ProjetoFINAL.X.debug.o
                cinit                                60       60       18        8       0
                intentry                              4        4       5A        8       0
                eeprom_data                           0     F000       28    1E000       3
                config                             8007     8007        2        0       4
                idloc                              8000     8000        4        0       5
                text64                              C61      C61       11     18C2       0
                text63                              F37      F37       5B     1E6E       0
                text62                              B4D      B4D        1     169A       0
                text61                              CA9      CA9       16     1952       0
                text60                              B85      B85        8     170A       0
                text59                              B8D      B8D        8     171A       0
                text58                              B60      B60        6     16C0       0
                text57                              B4E      B4E        1     169C       0
                text56                              C24      C24        F     1848       0
                text55                              B66      B66        6     16CC       0
                text54                              B4F      B4F        1     169E       0
                text53                              C33      C33        F     1866       0
                text52                              C72      C72       11     18E4       0
                text51                              B50      B50        1     16A0       0
                text50                              CBF      CBF       17     197E       0
                text49                              BF6      BF6        A     17EC       0
                text48                              6D7      6D7       74        8       0
                text47                              E8B      E8B       55     1D16       0
                text46                                3        3        1        0       0
                text45                              C42      C42        F     1884       0
                text43                              D29      D29       1E     1A52       0
                text42                              C51      C51       10     18A2       0
                text41                              B5B      B5B        5     16B6       0
                text40                              EE0      EE0       57     1DC0       0
                text39                              B95      B95        8     172A       0
                text38                              BA5      BA5        9     174A       0
                text37                              C83      C83       12     1906       0
                text36                              C00      C00        C     1800       0
                text35                              C0C      C0C        C     1818       0
                text34                              B6C      B6C        6     16D8       0
                text33                              BAE      BAE        9     175C       0
                text32                              BB7      BB7        9     176E       0
                text31                              BC0      BC0        9     1780       0
                text30                              D6B      D6B       25     1AD6       0
                text29                              B53      B53        4     16A6       0
                text28                              B7E      B7E        7     16FC       0
                text27                              BC9      BC9        9     1792       0
                text26                              BD2      BD2        9     17A4       0
                text25                              DE6      DE6       30     1BCC       0
                text24                              BDB      BDB        9     17B6       0
                text23                              C18      C18        C     1830       0
                text22                              BE4      BE4        9     17C8       0
                text21                              CD6      CD6       1B     19AC       0
                text20                              B9D      B9D        8     173A       0
                text19                              BED      BED        9     17DA       0
                text18                              C95      C95       14     192A       0
                text17                              B57      B57        4     16AE       0
                text16                              DB8      DB8       2E     1B70       0
                text15                              2CF      2CF      1B4        8       0
                text14                              D47      D47       24     1A8E       0
                text13                               78       78      257        8       0
                text12                              651      651       86        8       0
                text11                              5A4      5A4       AD        8       0
                text10                              7F3      7F3        D        8       0
                text9                               B72      B72        6     16E4       0
                text8                               CF1      CF1       1C     19E2       0
                text7                               E16      E16       31     1C2C       0
                text6                               E47      E47       44     1C8E       0
                text5                               D0D      D0D       1C     1A1A       0
                text4                               7BD      7BD       36        8       0
                text3                               F92      F92       6E     1F24       0
                text2                               74B      74B       72        8       0
                text1                               D90      D90       28     1B20       0
                maintext                            483      483      121        8       0
                cstackBANK0                          20       20       4C       20       1
                cstackCOMMON                         70       70        E       70       1
                cstackBANK1                          E0       E0        B       A0       1
                clrtext                             B78      B78        6     16F0       0
                dataBANK1                            EB       EB        2       A0       1
                bssBANK1                             A0       A0       2E       A0       1
                bssBANK0                             6C       6C        2       20       1
                nvBANK1                              CE       CE       12       A0       1
                stringtext1                         800      800        4     1000       0
                idataBANK1                          B51      B51        2     16A2       0

TOTAL           Name                               Link     Load   Length     Space
        CLASS   STACK          

        CLASS   CODE           
                end_init                             5E       5E        2         0
                cinit                                60       60       18         0
                intentry                              4        4       5A         0
                reset_vec                             0        0        3         0
                text64                              C61      C61       11         0
                text63                              F37      F37       5B         0
                text62                              B4D      B4D        1         0
                text61                              CA9      CA9       16         0
                text60                              B85      B85        8         0
                text59                              B8D      B8D        8         0
                text58                              B60      B60        6         0
                text57                              B4E      B4E        1         0
                text56                              C24      C24        F         0
                text55                              B66      B66        6         0
                text54                              B4F      B4F        1         0
                text53                              C33      C33        F         0
                text52                              C72      C72       11         0
                text51                              B50      B50        1         0
                text50                              CBF      CBF       17         0
                text49                              BF6      BF6        A         0
                text48                              6D7      6D7       74         0
                text47                              E8B      E8B       55         0
                text46                                3        3        1         0
                text45                              C42      C42        F         0
                text43                              D29      D29       1E         0
                text42                              C51      C51       10         0
                text41                              B5B      B5B        5         0
                text40                              EE0      EE0       57         0
                text39                              B95      B95        8         0
                text38                              BA5      BA5        9         0
                text37                              C83      C83       12         0
                text36                              C00      C00        C         0
                text35                              C0C      C0C        C         0
                text34                              B6C      B6C        6         0
                text33                              BAE      BAE        9         0
                text32                              BB7      BB7        9         0
                text31                              BC0      BC0        9         0
                text30                              D6B      D6B       25         0
                text29                              B53      B53        4         0
                text28                              B7E      B7E        7         0
                text27                              BC9      BC9        9         0
                text26                              BD2      BD2        9         0
                text25                              DE6      DE6       30         0
                text24                              BDB      BDB        9         0
                text23                              C18      C18        C         0
                text22                              BE4      BE4        9         0
                text21                              CD6      CD6       1B         0
                text20                              B9D      B9D        8         0
                text19                              BED      BED        9         0
                text18                              C95      C95       14         0
                text17                              B57      B57        4         0
                text16                              DB8      DB8       2E         0
                text15                              2CF      2CF      1B4         0
                text14                              D47      D47       24         0
                text13                               78       78      257         0
                text12                              651      651       86         0
                text11                              5A4      5A4       AD         0
                text10                              7F3      7F3        D         0
                text9                               B72      B72        6         0
                text8                               CF1      CF1       1C         0
                text7                               E16      E16       31         0
                text6                               E47      E47       44         0
                text5                               D0D      D0D       1C         0
                text4                               7BD      7BD       36         0
                text3                               F92      F92       6E         0
                text2                               74B      74B       72         0
                text1                               D90      D90       28         0
                maintext                            483      483      121         0
                clrtext                             B78      B78        6         0
                idataBANK1                          B51      B51        2         0

        CLASS   STRCODE        
                stringtext1                         800      800        4         0

        CLASS   STRING         

        CLASS   CONST          

        CLASS   ENTRY          

        CLASS   COMMON         
                cstackCOMMON                         70       70        E         1

        CLASS   BANK0          
                cstackBANK0                          20       20       4C         1
                bssBANK0                             6C       6C        2         1

        CLASS   BANK1          
                cstackBANK1                          E0       E0        B         1
                dataBANK1                            EB       EB        2         1
                bssBANK1                             A0       A0       2E         1
                nvBANK1                              CE       CE       12         1

        CLASS   BANK2          

        CLASS   BANK3          

        CLASS   BANK4          

        CLASS   BIGRAM         

        CLASS   RAM            

        CLASS   ABS1           
                abs_s1                               7E       7E        2         1

        CLASS   SFR0           

        CLASS   SFR1           

        CLASS   SFR2           

        CLASS   SFR3           

        CLASS   SFR4           

        CLASS   SFR5           

        CLASS   SFR6           

        CLASS   SFR7           

        CLASS   SFR8           

        CLASS   SFR9           

        CLASS   SFR10          

        CLASS   SFR11          

        CLASS   SFR12          

        CLASS   SFR13          

        CLASS   SFR14          

        CLASS   SFR15          

        CLASS   SFR16          

        CLASS   SFR17          

        CLASS   SFR18          

        CLASS   SFR19          

        CLASS   SFR20          

        CLASS   SFR21          

        CLASS   SFR22          

        CLASS   SFR23          

        CLASS   SFR24          

        CLASS   SFR25          

        CLASS   SFR26          

        CLASS   SFR27          

        CLASS   SFR28          

        CLASS   SFR29          

        CLASS   SFR30          

        CLASS   SFR31          

        CLASS   CONFIG         
                config                             8007     8007        2         4

        CLASS   IDLOC          
                idloc                              8000     8000        4         5

        CLASS   EEDATA         
                eeprom_data                           0     F000       28         3

        CLASS   BANK31         

        CLASS   BANK30         

        CLASS   BANK29         

        CLASS   BANK28         

        CLASS   BANK27         

        CLASS   BANK26         

        CLASS   BANK25         

        CLASS   BANK24         

        CLASS   BANK23         

        CLASS   BANK22         

        CLASS   BANK21         

        CLASS   BANK20         

        CLASS   BANK19         

        CLASS   BANK18         

        CLASS   BANK17         

        CLASS   BANK16         

        CLASS   BANK15         

        CLASS   BANK14         

        CLASS   BANK13         

        CLASS   BANK12         

        CLASS   BANK11         

        CLASS   BANK10         

        CLASS   BANK9          

        CLASS   BANK8          

        CLASS   BANK7          

        CLASS   BANK6          

        CLASS   BANK5          



SEGMENTS        Name                           Load    Length   Top    Selector   Space  Class     Delta

                reset_vec                      000000  000004  000004         0       0  CODE        2
                intentry                       000004  0007FC  000800         8       0  CODE        2
                cstackBANK0                    000020  00004E  00006E        20       1  BANK0       1
                cstackCOMMON                   000070  00000E  00007E        70       1  COMMON      1
                bssBANK1                       0000A0  00004D  0000ED        A0       1  BANK1       1
                stringtext1                    000800  000004  000804      1000       0  STRCODE     2
                text62                         000B4D  000001  000B4E      169A       0  CODE        2
                text57                         000B4E  000001  000B4F      169C       0  CODE        2
                text54                         000B4F  000001  000B50      169E       0  CODE        2
                text51                         000B50  000001  000B51      16A0       0  CODE        2
                idataBANK1                     000B51  000002  000B53      16A2       0  CODE        2
                text29                         000B53  000004  000B57      16A6       0  CODE        2
                text17                         000B57  000004  000B5B      16AE       0  CODE        2
                text41                         000B5B  000005  000B60      16B6       0  CODE        2
                text58                         000B60  000006  000B66      16C0       0  CODE        2
                text55                         000B66  000006  000B6C      16CC       0  CODE        2
                text34                         000B6C  000006  000B72      16D8       0  CODE        2
                text9                          000B72  000006  000B78      16E4       0  CODE        2
                clrtext                        000B78  000006  000B7E      16F0       0  CODE        2
                text28                         000B7E  000007  000B85      16FC       0  CODE        2
                text60                         000B85  000008  000B8D      170A       0  CODE        2
                text59                         000B8D  000008  000B95      171A       0  CODE        2
                text39                         000B95  000008  000B9D      172A       0  CODE        2
                text20                         000B9D  000008  000BA5      173A       0  CODE        2
                text38                         000BA5  000009  000BAE      174A       0  CODE        2
                text33                         000BAE  000009  000BB7      175C       0  CODE        2
                text32                         000BB7  000009  000BC0      176E       0  CODE        2
                text31                         000BC0  000009  000BC9      1780       0  CODE        2
                text27                         000BC9  000009  000BD2      1792       0  CODE        2
                text26                         000BD2  000009  000BDB      17A4       0  CODE        2
                text24                         000BDB  000009  000BE4      17B6       0  CODE        2
                text22                         000BE4  000009  000BED      17C8       0  CODE        2
                text19                         000BED  000009  000BF6      17DA       0  CODE        2
                text49                         000BF6  00000A  000C00      17EC       0  CODE        2
                text36                         000C00  00000C  000C0C      1800       0  CODE        2
                text35                         000C0C  00000C  000C18      1818       0  CODE        2
                text23                         000C18  00000C  000C24      1830       0  CODE        2
                text56                         000C24  00000F  000C33      1848       0  CODE        2
                text53                         000C33  00000F  000C42      1866       0  CODE        2
                text45                         000C42  00000F  000C51      1884       0  CODE        2
                text42                         000C51  000010  000C61      18A2       0  CODE        2
                text64                         000C61  000011  000C72      18C2       0  CODE        2
                text52                         000C72  000011  000C83      18E4       0  CODE        2
                text37                         000C83  000012  000C95      1906       0  CODE        2
                text18                         000C95  000014  000CA9      192A       0  CODE        2
                text61                         000CA9  000016  000CBF      1952       0  CODE        2
                text50                         000CBF  000017  000CD6      197E       0  CODE        2
                text21                         000CD6  00001B  000CF1      19AC       0  CODE        2
                text8                          000CF1  00001C  000D0D      19E2       0  CODE        2
                text5                          000D0D  00001C  000D29      1A1A       0  CODE        2
                text43                         000D29  00001E  000D47      1A52       0  CODE        2
                text14                         000D47  000024  000D6B      1A8E       0  CODE        2
                text30                         000D6B  000025  000D90      1AD6       0  CODE        2
                text1                          000D90  000028  000DB8      1B20       0  CODE        2
                text16                         000DB8  00002E  000DE6      1B70       0  CODE        2
                text25                         000DE6  000030  000E16      1BCC       0  CODE        2
                text7                          000E16  000031  000E47      1C2C       0  CODE        2
                text6                          000E47  000044  000E8B      1C8E       0  CODE        2
                text47                         000E8B  000055  000EE0      1D16       0  CODE        2
                text40                         000EE0  000057  000F37      1DC0       0  CODE        2
                text63                         000F37  00005B  000F92      1E6E       0  CODE        2
                text3                          000F92  00006E  001000      1F24       0  CODE        2
                eeprom_data                    00F000  000028  00F028     1E000       3  EEDATA      2


UNUSED ADDRESS RANGES

        Name                Unused          Largest block    Delta
        BANK0            0006E-0006F               2           1
        BANK1            000ED-000EF               3           1
        BANK2            00120-0016F              50           1
        BANK3            001A0-001EF              50           1
        BANK4            00220-0023F              20           1
        BIGRAM           02000-0215F             160           1
        CODE             00804-00B4C             349           2
        CONST            00804-00B4C             100           2
        EEDATA           0F028-0F0FF              D8           2
        ENTRY            00804-00B4C             100           2
        RAM              0006E-0006F               2           1
                         000ED-000EF               3
                         00120-0016F              50
                         001A0-001EF              50
                         00220-0023F              20
        SFR0             00000-0001F              20           1
        SFR1             00080-0009F              20           1
        SFR10            00500-0056F              70           1
        SFR11            00580-005EF              70           1
        SFR12            00600-0066F              70           1
        SFR13            00680-006EF              70           1
        SFR14            00700-0076F              70           1
        SFR15            00780-007EF              70           1
        SFR16            00800-0086F              70           1
        SFR17            00880-008EF              70           1
        SFR18            00900-0096F              70           1
        SFR19            00980-009EF              70           1
        SFR2             00100-0011F              20           1
        SFR20            00A00-00A6F              70           1
        SFR21            00A80-00AEF              70           1
        SFR22            00B00-00B6F              70           1
        SFR23            00B80-00BEF              70           1
        SFR24            00C00-00C6F              70           1
        SFR25            00C80-00CEF              70           1
        SFR26            00D00-00D6F              70           1
        SFR27            00D80-00DEF              70           1
        SFR28            00E00-00E6F              70           1
        SFR29            00E80-00EEF              70           1
        SFR3             00180-0019F              20           1
        SFR30            00F00-00F6F              70           1
        SFR31            00F80-00FEF              70           1
        SFR4             00200-0021F              20           1
        SFR5             00280-002EF              70           1
        SFR6             00300-0036F              70           1
        SFR7             00380-003EF              70           1
        SFR8             00400-0046F              70           1
        SFR9             00480-004EF              70           1
        STACK            0209D-0215F              C3           1
        STRCODE          00804-00B4C             349           2
        STRING           00804-00B4C             100           2

                                  Symbol Table

?_ADC_GetConversion                            cstackBANK0  00022
?__Umul8_16                                    cstackBANK0  00022
?___fldiv                                      cstackBANK0  0004E
?___flmul                                      cstackBANK0  00034
?___fltol                                      cstackBANK0  00068
?___xxtofl                                     cstackBANK0  00026
?i1___fltol                                    cstackCOMMON 00070
ADC_GetConversion@channel                      cstackBANK0  00025
CCP4_CaptureISR@module                         cstackCOMMON 00076
CCP4_SetCallBack@customCallBack                cstackBANK0  00022
DATAEE_ReadByte@bAdd                           cstackBANK0  00022
EUSART_SetErrorHandler@interruptHandler        cstackBANK0  00022
EUSART_SetFramingErrorHandler@interruptHandler cstackBANK0  00022
EUSART_SetOverrunErrorHandler@interruptHandler cstackBANK0  00022
EUSART_Write@txData                            cstackCOMMON 00070
Enc@enc_value                                  cstackCOMMON 00072
IOCBF0_SetInterruptHandler@InterruptHandler    cstackBANK0  00022
IOCBF3_SetInterruptHandler@InterruptHandler    cstackBANK0  00022
PWM3_LoadDutyValue@dutyValue                   cstackBANK0  00022
SPI1_Open@spi1UniqueConfiguration              cstackBANK0  00025
SPI1_WriteByte@byte                            cstackBANK0  00022
TMR1_SetInterruptHandler@InterruptHandler      cstackBANK0  00022
TMR1_WriteTimer@timerVal                       cstackCOMMON 00070
TMR4_SetInterruptHandler@InterruptHandler      cstackBANK0  00022
_ADCON0                                        (abs)        0009D
_ADCON0bits                                    (abs)        0009D
_ADCON1                                        (abs)        0009E
_ADC_GetConversion                             text43       00D29
_ADC_Initialize                                text39       00B95
_ADRESH                                        (abs)        0009C
_ADRESL                                        (abs)        0009B
_ANSELA                                        (abs)        0018C
_ANSELB                                        (abs)        0018D
_APFCON0                                       (abs)        0011D
_APFCON1                                       (abs)        0011E
_BAUDCON                                       (abs)        0019F
_BORCON                                        (abs)        00116
_CCP3CON                                       (abs)        00313
_CCP4CON                                       (abs)        0031A
_CCP4_CallBack                                 nvBANK1      000CE
_CCP4_CaptureISR                               text61       00CA9
_CCP4_DefaultCallBack                          text62       00B4D
_CCP4_Initialize                               text37       00C83
_CCP4_SetCallBack                              text38       00BA5
_CCPR3H                                        (abs)        00312
_CCPR3L                                        (abs)        00311
_CCPR4H                                        (abs)        00319
_CCPR4L                                        (abs)        00318
_CCPTMRS0bits                                  (abs)        0029E
_CM1CON0                                       (abs)        00111
_CM1CON1                                       (abs)        00112
_CM2CON0                                       (abs)        00113
_CM2CON1                                       (abs)        00114
_CMOUTbits                                     (abs)        00115
_CMP1_ISR                                      text60       00B85
_CMP1_Initialize                               text36       00C00
_CMP2_ISR                                      text59       00B8D
_CMP2_Initialize                               text35       00C0C
_DACCON0                                       (abs)        00118
_DACCON1                                       (abs)        00119
_DAC_Initialize                                text34       00B6C
_DATAEE_ReadByte                               text10       007F3
_EEADRH                                        (abs)        00192
_EEADRL                                        (abs)        00191
_EECON1bits                                    (abs)        00195
_EECON2                                        (abs)        00196
_EEDATH                                        (abs)        00194
_EEDATL                                        (abs)        00193
_EUSART_DefaultErrorHandler                    (abs)        00000
_EUSART_DefaultFramingErrorHandler             (abs)        00000
_EUSART_DefaultOverrunErrorHandler             (abs)        00000
_EUSART_ErrorHandler                           nvBANK1      000D6
_EUSART_FramingErrorHandler                    nvBANK1      000DA
_EUSART_Initialize                             text30       00D6B
_EUSART_OverrunErrorHandler                    nvBANK1      000D8
_EUSART_Read                                   text42       00C51
_EUSART_SetErrorHandler                        text33       00BAE
_EUSART_SetFramingErrorHandler                 text32       00BB7
_EUSART_SetOverrunErrorHandler                 text31       00BC0
_EUSART_Write                                  text49       00BF6
_EUSART_is_rx_ready                            text41       00B5B
_Enc                                           text63       00F37
_FVRCON                                        (abs)        00117
_FVRCONbits                                    (abs)        00117
_FVR_Initialize                                text29       00B53
_INTCONbits                                    (abs)        0000B
_INTERRUPT_InterruptManager                    intentry     00004
_IOCBF0_DefaultInterruptHandler                text57       00B4E
_IOCBF0_ISR                                    text56       00C24
_IOCBF0_InterruptHandler                       nvBANK1      000DE
_IOCBF0_SetInterruptHandler                    text27       00BC9
_IOCBF3_DefaultInterruptHandler                text54       00B4F
_IOCBF3_ISR                                    text53       00C33
_IOCBF3_InterruptHandler                       nvBANK1      000DC
_IOCBF3_SetInterruptHandler                    text26       00BD2
_IOCBFbits                                     (abs)        00396
_IOCBNbits                                     (abs)        00395
_IOCBPbits                                     (abs)        00394
_LATA                                          (abs)        0010C
_LATAbits                                      (abs)        0010C
_LATB                                          (abs)        0010D
_LATBbits                                      (abs)        0010D
_LED                                           bssBANK1     000B0
_OPTION_REGbits                                (abs)        00095
_OSCCON                                        (abs)        00099
_OSCILLATOR_Initialize                         text28       00B7E
_OSCTUNE                                       (abs)        00098
_PIE1bits                                      (abs)        00091
_PIE2bits                                      (abs)        00092
_PIE3bits                                      (abs)        00093
_PIN_MANAGER_IOC                               text52       00C72
_PIN_MANAGER_Initialize                        text25       00DE6
_PIR1bits                                      (abs)        00011
_PIR2bits                                      (abs)        00012
_PIR3bits                                      (abs)        00013
_PORTAbits                                     (abs)        0000C
_PORTBbits                                     (abs)        0000D
_PR2                                           (abs)        0001B
_PR4                                           (abs)        00416
_PWM3_Initialize                               text24       00BDB
_PWM3_LoadDutyValue                            text5        00D0D
_RCREG                                         (abs)        00199
_RCSTA                                         (abs)        0019D
_RCSTAbits                                     (abs)        0019D
_S1                                            text58       00B60
_S2                                            text55       00B66
_SPBRGH                                        (abs)        0019C
_SPBRGL                                        (abs)        0019B
_SPI1_Initialize                               text23       00C18
_SPI1_Open                                     text40       00EE0
_SPI1_WriteByte                                text9        00B72
_SSP1ADD                                       (abs)        00212
_SSP1BUF                                       (abs)        00211
_SSP1CON1                                      (abs)        00215
_SSP1CON1bits                                  (abs)        00215
_SSP1CON2                                      (abs)        00216
_SSP1STAT                                      (abs)        00214
_SYSTEM_Initialize                             text16       00DB8
_T1CON                                         (abs)        00018
_T1CONbits                                     (abs)        00018
_T1GCON                                        (abs)        00019
_T1GCONbits                                    (abs)        00019
_T2CON                                         (abs)        0001C
_T2CONbits                                     (abs)        0001C
_T4CON                                         (abs)        00417
_T4CONbits                                     (abs)        00417
_TMR1H                                         (abs)        00017
_TMR1L                                         (abs)        00016
_TMR1_DefaultInterruptHandler                  text51       00B50
_TMR1_ISR                                      text50       00CBF
_TMR1_Initialize                               text21       00CD6
_TMR1_InterruptHandler                         nvBANK1      000D2
_TMR1_SetInterruptHandler                      text22       00BE4
_TMR1_WriteTimer                               text64       00C61
_TMR2                                          (abs)        0001A
_TMR2_Initialize                               text20       00B9D
_TMR4                                          (abs)        00415
_TMR4_DefaultInterruptHandler                  text46       00003
_TMR4_ISR                                      text45       00C42
_TMR4_Initialize                               text18       00C95
_TMR4_InterruptHandler                         nvBANK1      000D0
_TMR4_SetInterruptHandler                      text19       00BED
_TRISA                                         (abs)        0008C
_TRISB                                         (abs)        0008D
_TRISBbits                                     (abs)        0008D
_TXREG                                         (abs)        0019A
_TXSTA                                         (abs)        0019E
_TXSTAbits                                     (abs)        0019E
_WDTCON                                        (abs)        00097
_WDT_Initialize                                text17       00B57
_WPUA                                          (abs)        0020C
_WPUB                                          (abs)        0020D
__Beeprom_data                                 eeprom_data  0F000
__Habs1                                        abs1         00000
__Hbank0                                       bank0        00000
__Hbank1                                       bank1        00000
__Hbank10                                      bank10       00000
__Hbank11                                      bank11       00000
__Hbank12                                      bank12       00000
__Hbank13                                      bank13       00000
__Hbank14                                      bank14       00000
__Hbank15                                      bank15       00000
__Hbank16                                      bank16       00000
__Hbank17                                      bank17       00000
__Hbank18                                      bank18       00000
__Hbank19                                      bank19       00000
__Hbank2                                       bank2        00000
__Hbank20                                      bank20       00000
__Hbank21                                      bank21       00000
__Hbank22                                      bank22       00000
__Hbank23                                      bank23       00000
__Hbank24                                      bank24       00000
__Hbank25                                      bank25       00000
__Hbank26                                      bank26       00000
__Hbank27                                      bank27       00000
__Hbank28                                      bank28       00000
__Hbank29                                      bank29       00000
__Hbank3                                       bank3        00000
__Hbank30                                      bank30       00000
__Hbank31                                      bank31       00000
__Hbank4                                       bank4        00000
__Hbank5                                       bank5        00000
__Hbank6                                       bank6        00000
__Hbank7                                       bank7        00000
__Hbank8                                       bank8        00000
__Hbank9                                       bank9        00000
__Hbigram                                      bigram       00000
__HbssBANK0                                    bssBANK0     00000
__HbssBANK1                                    bssBANK1     00000
__Hcinit                                       cinit        00078
__Hclrtext                                     clrtext      00000
__Hcode                                        code         00000
__Hcommon                                      common       00000
__Hconfig                                      config       08009
__HcstackBANK0                                 cstackBANK0  00000
__HcstackBANK1                                 cstackBANK1  00000
__HcstackCOMMON                                cstackCOMMON 00000
__HdataBANK1                                   dataBANK1    00000
__Heeprom_data                                 eeprom_data  00028
__Hend_init                                    end_init     00060
__Hfunctab                                     functab      00000
__HidataBANK1                                  idataBANK1   00000
__Hidloc                                       idloc        08004
__Hinit                                        init         0005E
__Hintentry                                    intentry     0005E
__Hmaintext                                    maintext     00000
__HnvBANK1                                     nvBANK1      00000
__Hpowerup                                     powerup      00000
__Hram                                         ram          00000
__Hreset_vec                                   reset_vec    00003
__Hsfr0                                        sfr0         00000
__Hsfr1                                        sfr1         00000
__Hsfr10                                       sfr10        00000
__Hsfr11                                       sfr11        00000
__Hsfr12                                       sfr12        00000
__Hsfr13                                       sfr13        00000
__Hsfr14                                       sfr14        00000
__Hsfr15                                       sfr15        00000
__Hsfr16                                       sfr16        00000
__Hsfr17                                       sfr17        00000
__Hsfr18                                       sfr18        00000
__Hsfr19                                       sfr19        00000
__Hsfr2                                        sfr2         00000
__Hsfr20                                       sfr20        00000
__Hsfr21                                       sfr21        00000
__Hsfr22                                       sfr22        00000
__Hsfr23                                       sfr23        00000
__Hsfr24                                       sfr24        00000
__Hsfr25                                       sfr25        00000
__Hsfr26                                       sfr26        00000
__Hsfr27                                       sfr27        00000
__Hsfr28                                       sfr28        00000
__Hsfr29                                       sfr29        00000
__Hsfr3                                        sfr3         00000
__Hsfr30                                       sfr30        00000
__Hsfr31                                       sfr31        00000
__Hsfr4                                        sfr4         00000
__Hsfr5                                        sfr5         00000
__Hsfr6                                        sfr6         00000
__Hsfr7                                        sfr7         00000
__Hsfr8                                        sfr8         00000
__Hsfr9                                        sfr9         00000
__Hspace_0                                     (abs)        01000
__Hspace_1                                     (abs)        000ED
__Hspace_2                                     (abs)        00000
__Hspace_3                                     (abs)        00028
__Hspace_4                                     (abs)        10010
__Hstack                                       stack        00000
__Hstrings                                     strings      00000
__Hstringtext1                                 stringtext1  00000
__Htext                                        text         00000
__Labs1                                        abs1         00000
__Lbank0                                       bank0        00000
__Lbank1                                       bank1        00000
__Lbank10                                      bank10       00000
__Lbank11                                      bank11       00000
__Lbank12                                      bank12       00000
__Lbank13                                      bank13       00000
__Lbank14                                      bank14       00000
__Lbank15                                      bank15       00000
__Lbank16                                      bank16       00000
__Lbank17                                      bank17       00000
__Lbank18                                      bank18       00000
__Lbank19                                      bank19       00000
__Lbank2                                       bank2        00000
__Lbank20                                      bank20       00000
__Lbank21                                      bank21       00000
__Lbank22                                      bank22       00000
__Lbank23                                      bank23       00000
__Lbank24                                      bank24       00000
__Lbank25                                      bank25       00000
__Lbank26                                      bank26       00000
__Lbank27                                      bank27       00000
__Lbank28                                      bank28       00000
__Lbank29                                      bank29       00000
__Lbank3                                       bank3        00000
__Lbank30                                      bank30       00000
__Lbank31                                      bank31       00000
__Lbank4                                       bank4        00000
__Lbank5                                       bank5        00000
__Lbank6                                       bank6        00000
__Lbank7                                       bank7        00000
__Lbank8                                       bank8        00000
__Lbank9                                       bank9        00000
__Lbigram                                      bigram       00000
__LbssBANK0                                    bssBANK0     00000
__LbssBANK1                                    bssBANK1     00000
__Lcinit                                       cinit        00060
__Lclrtext                                     clrtext      00000
__Lcode                                        code         00000
__Lcommon                                      common       00000
__Lconfig                                      config       00000
__LcstackBANK0                                 cstackBANK0  00000
__LcstackBANK1                                 cstackBANK1  00000
__LcstackCOMMON                                cstackCOMMON 00000
__LdataBANK1                                   dataBANK1    00000
__Leeprom_data                                 eeprom_data  00000
__Lend_init                                    end_init     0005E
__Lfunctab                                     functab      00000
__LidataBANK1                                  idataBANK1   00000
__Lidloc                                       idloc        00000
__Linit                                        init         0005E
__Lintentry                                    intentry     00004
__Lmaintext                                    maintext     00000
__LnvBANK1                                     nvBANK1      00000
__Lpowerup                                     powerup      00000
__Lram                                         ram          00000
__Lreset_vec                                   reset_vec    00000
__Lsfr0                                        sfr0         00000
__Lsfr1                                        sfr1         00000
__Lsfr10                                       sfr10        00000
__Lsfr11                                       sfr11        00000
__Lsfr12                                       sfr12        00000
__Lsfr13                                       sfr13        00000
__Lsfr14                                       sfr14        00000
__Lsfr15                                       sfr15        00000
__Lsfr16                                       sfr16        00000
__Lsfr17                                       sfr17        00000
__Lsfr18                                       sfr18        00000
__Lsfr19                                       sfr19        00000
__Lsfr2                                        sfr2         00000
__Lsfr20                                       sfr20        00000
__Lsfr21                                       sfr21        00000
__Lsfr22                                       sfr22        00000
__Lsfr23                                       sfr23        00000
__Lsfr24                                       sfr24        00000
__Lsfr25                                       sfr25        00000
__Lsfr26                                       sfr26        00000
__Lsfr27                                       sfr27        00000
__Lsfr28                                       sfr28        00000
__Lsfr29                                       sfr29        00000
__Lsfr3                                        sfr3         00000
__Lsfr30                                       sfr30        00000
__Lsfr31                                       sfr31        00000
__Lsfr4                                        sfr4         00000
__Lsfr5                                        sfr5         00000
__Lsfr6                                        sfr6         00000
__Lsfr7                                        sfr7         00000
__Lsfr8                                        sfr8         00000
__Lsfr9                                        sfr9         00000
__Lspace_0                                     (abs)        00000
__Lspace_1                                     (abs)        00000
__Lspace_2                                     (abs)        00000
__Lspace_3                                     (abs)        00000
__Lspace_4                                     (abs)        00000
__Lstack                                       stack        00000
__Lstrings                                     strings      00000
__Lstringtext1                                 stringtext1  00000
__Ltext                                        text         00000
__S0                                           (abs)        01000
__S1                                           (abs)        000ED
__S2                                           (abs)        00000
__S3                                           (abs)        0F028
__Umul8_16                                     text14       00D47
__Umul8_16@multiplicand                        cstackBANK0  00022
__Umul8_16@multiplier                          cstackBANK0  0002A
__Umul8_16@product                             cstackBANK0  00026
__Umul8_16@word_mpld                           cstackBANK0  00028
___fldiv                                       text15       002CF
___fldiv@a                                     cstackBANK0  0004E
___fldiv@aexp                                  cstackBANK0  00067
___fldiv@b                                     cstackBANK0  00052
___fldiv@bexp                                  cstackBANK0  00066
___fldiv@grs                                   cstackBANK0  00062
___fldiv@new_exp                               cstackBANK0  00060
___fldiv@rem                                   cstackBANK0  0005B
___fldiv@sign                                  cstackBANK0  0005F
___flmul                                       text13       00078
___flmul@a                                     cstackBANK0  00038
___flmul@aexp                                  cstackBANK0  00046
___flmul@b                                     cstackBANK0  00034
___flmul@bexp                                  cstackBANK0  00047
___flmul@grs                                   cstackBANK0  00042
___flmul@prod                                  cstackBANK0  00048
___flmul@sign                                  cstackBANK0  00041
___flmul@temp                                  cstackBANK0  0004C
___fltol                                       text12       00651
___fltol@exp1                                  cstackBANK1  000E6
___fltol@f1                                    cstackBANK0  00068
___fltol@sign1                                 cstackBANK1  000E5
___int_sp                                      stack        00000
___latbits                                     (abs)        00001
___sp                                          stack        00000
___stackhi                                     (abs)        0215F
___stacklo                                     (abs)        0209D
___xxtofl                                      text11       005A4
___xxtofl@arg                                  cstackBANK0  00030
___xxtofl@exp                                  cstackBANK0  0002F
___xxtofl@sign                                 cstackBANK0  0002E
___xxtofl@val                                  cstackBANK0  00026
__end_of_ADC_GetConversion                     text43       00D47
__end_of_ADC_Initialize                        text39       00B9D
__end_of_CCP4_CaptureISR                       text61       00CBF
__end_of_CCP4_DefaultCallBack                  text62       00B4E
__end_of_CCP4_Initialize                       text37       00C95
__end_of_CCP4_SetCallBack                      text38       00BAE
__end_of_CMP1_ISR                              text60       00B8D
__end_of_CMP1_Initialize                       text36       00C0C
__end_of_CMP2_ISR                              text59       00B95
__end_of_CMP2_Initialize                       text35       00C18
__end_of_DAC_Initialize                        text34       00B72
__end_of_DATAEE_ReadByte                       text10       00800
__end_of_EUSART_Initialize                     text30       00D90
__end_of_EUSART_Read                           text42       00C61
__end_of_EUSART_SetErrorHandler                text33       00BB7
__end_of_EUSART_SetFramingErrorHandler         text32       00BC0
__end_of_EUSART_SetOverrunErrorHandler         text31       00BC9
__end_of_EUSART_Write                          text49       00C00
__end_of_EUSART_is_rx_ready                    text41       00B60
__end_of_Enc                                   text63       00F92
__end_of_FVR_Initialize                        text29       00B57
__end_of_INTERRUPT_InterruptManager            intentry     0005E
__end_of_IOCBF0_DefaultInterruptHandler        text57       00B4F
__end_of_IOCBF0_ISR                            text56       00C33
__end_of_IOCBF0_SetInterruptHandler            text27       00BD2
__end_of_IOCBF3_DefaultInterruptHandler        text54       00B50
__end_of_IOCBF3_ISR                            text53       00C42
__end_of_IOCBF3_SetInterruptHandler            text26       00BDB
__end_of_OSCILLATOR_Initialize                 text28       00B85
__end_of_PIN_MANAGER_IOC                       text52       00C83
__end_of_PIN_MANAGER_Initialize                text25       00E16
__end_of_PWM3_Initialize                       text24       00BE4
__end_of_PWM3_LoadDutyValue                    text5        00D29
__end_of_S1                                    text58       00B66
__end_of_S2                                    text55       00B6C
__end_of_SPI1_Initialize                       text23       00C24
__end_of_SPI1_Open                             text40       00F37
__end_of_SPI1_WriteByte                        text9        00B78
__end_of_SYSTEM_Initialize                     text16       00DE6
__end_of_TMR1_DefaultInterruptHandler          text51       00B51
__end_of_TMR1_ISR                              text50       00CD6
__end_of_TMR1_Initialize                       text21       00CF1
__end_of_TMR1_SetInterruptHandler              text22       00BED
__end_of_TMR1_WriteTimer                       text64       00C72
__end_of_TMR2_Initialize                       text20       00BA5
__end_of_TMR4_DefaultInterruptHandler          text46       00004
__end_of_TMR4_ISR                              text45       00C51
__end_of_TMR4_Initialize                       text18       00CA9
__end_of_TMR4_SetInterruptHandler              text19       00BF6
__end_of_WDT_Initialize                        text17       00B5B
__end_of__Umul8_16                             text14       00D6B
__end_of___fldiv                               text15       00483
__end_of___flmul                               text13       002CF
__end_of___fltol                               text12       006D7
__end_of___xxtofl                              text11       00651
__end_of__initialization                       cinit        00074
__end_of_andar                                 text6        00E8B
__end_of_comm                                  text47       00EE0
__end_of_controle                              text3        01000
__end_of_deslocamento                          text4        007F3
__end_of_initMAX7219                           text2        007BD
__end_of_leds                                  text7        00E47
__end_of_main                                  maintext     005A4
__end_of_spi1_configuration                    stringtext1  00804
__end_of_txMAX7219                             text8        00D0D
__end_of_verificacao                           text1        00DB8
__end_ofi1___fltol                             text48       0074B
__initialization                               cinit        00060
__pbssBANK0                                    bssBANK0     0006C
__pbssBANK1                                    bssBANK1     000A0
__pcstackBANK0                                 cstackBANK0  00020
__pcstackBANK1                                 cstackBANK1  000E0
__pcstackCOMMON                                cstackCOMMON 00070
__pdataBANK1                                   dataBANK1    000EB
__pidataBANK1                                  idataBANK1   00B51
__pintentry                                    intentry     00004
__pmaintext                                    maintext     00483
__pnvBANK1                                     nvBANK1      000CE
__pstringtext1                                 stringtext1  00800
__ptext1                                       text1        00D90
__ptext10                                      text10       007F3
__ptext11                                      text11       005A4
__ptext12                                      text12       00651
__ptext13                                      text13       00078
__ptext14                                      text14       00D47
__ptext15                                      text15       002CF
__ptext16                                      text16       00DB8
__ptext17                                      text17       00B57
__ptext18                                      text18       00C95
__ptext19                                      text19       00BED
__ptext2                                       text2        0074B
__ptext20                                      text20       00B9D
__ptext21                                      text21       00CD6
__ptext22                                      text22       00BE4
__ptext23                                      text23       00C18
__ptext24                                      text24       00BDB
__ptext25                                      text25       00DE6
__ptext26                                      text26       00BD2
__ptext27                                      text27       00BC9
__ptext28                                      text28       00B7E
__ptext29                                      text29       00B53
__ptext3                                       text3        00F92
__ptext30                                      text30       00D6B
__ptext31                                      text31       00BC0
__ptext32                                      text32       00BB7
__ptext33                                      text33       00BAE
__ptext34                                      text34       00B6C
__ptext35                                      text35       00C0C
__ptext36                                      text36       00C00
__ptext37                                      text37       00C83
__ptext38                                      text38       00BA5
__ptext39                                      text39       00B95
__ptext4                                       text4        007BD
__ptext40                                      text40       00EE0
__ptext41                                      text41       00B5B
__ptext42                                      text42       00C51
__ptext43                                      text43       00D29
__ptext45                                      text45       00C42
__ptext46                                      text46       00003
__ptext47                                      text47       00E8B
__ptext48                                      text48       006D7
__ptext49                                      text49       00BF6
__ptext5                                       text5        00D0D
__ptext50                                      text50       00CBF
__ptext51                                      text51       00B50
__ptext52                                      text52       00C72
__ptext53                                      text53       00C33
__ptext54                                      text54       00B4F
__ptext55                                      text55       00B66
__ptext56                                      text56       00C24
__ptext57                                      text57       00B4E
__ptext58                                      text58       00B60
__ptext59                                      text59       00B8D
__ptext6                                       text6        00E47
__ptext60                                      text60       00B85
__ptext61                                      text61       00CA9
__ptext62                                      text62       00B4D
__ptext63                                      text63       00F37
__ptext64                                      text64       00C61
__ptext7                                       text7        00E16
__ptext8                                       text8        00CF1
__ptext9                                       text9        00B72
__size_of_ADC_GetConversion                    (abs)        00000
__size_of_ADC_Initialize                       (abs)        00000
__size_of_CCP4_CaptureISR                      (abs)        00000
__size_of_CCP4_DefaultCallBack                 (abs)        00000
__size_of_CCP4_Initialize                      (abs)        00000
__size_of_CCP4_SetCallBack                     (abs)        00000
__size_of_CMP1_ISR                             (abs)        00000
__size_of_CMP1_Initialize                      (abs)        00000
__size_of_CMP2_ISR                             (abs)        00000
__size_of_CMP2_Initialize                      (abs)        00000
__size_of_DAC_Initialize                       (abs)        00000
__size_of_DATAEE_ReadByte                      (abs)        00000
__size_of_EUSART_Initialize                    (abs)        00000
__size_of_EUSART_Read                          (abs)        00000
__size_of_EUSART_SetErrorHandler               (abs)        00000
__size_of_EUSART_SetFramingErrorHandler        (abs)        00000
__size_of_EUSART_SetOverrunErrorHandler        (abs)        00000
__size_of_EUSART_Write                         (abs)        00000
__size_of_EUSART_is_rx_ready                   (abs)        00000
__size_of_Enc                                  (abs)        00000
__size_of_FVR_Initialize                       (abs)        00000
__size_of_INTERRUPT_InterruptManager           (abs)        00000
__size_of_IOCBF0_DefaultInterruptHandler       (abs)        00000
__size_of_IOCBF0_ISR                           (abs)        00000
__size_of_IOCBF0_SetInterruptHandler           (abs)        00000
__size_of_IOCBF3_DefaultInterruptHandler       (abs)        00000
__size_of_IOCBF3_ISR                           (abs)        00000
__size_of_IOCBF3_SetInterruptHandler           (abs)        00000
__size_of_OSCILLATOR_Initialize                (abs)        00000
__size_of_PIN_MANAGER_IOC                      (abs)        00000
__size_of_PIN_MANAGER_Initialize               (abs)        00000
__size_of_PWM3_Initialize                      (abs)        00000
__size_of_PWM3_LoadDutyValue                   (abs)        00000
__size_of_S1                                   (abs)        00000
__size_of_S2                                   (abs)        00000
__size_of_SPI1_Initialize                      (abs)        00000
__size_of_SPI1_Open                            (abs)        00000
__size_of_SPI1_WriteByte                       (abs)        00000
__size_of_SYSTEM_Initialize                    (abs)        00000
__size_of_TMR1_DefaultInterruptHandler         (abs)        00000
__size_of_TMR1_ISR                             (abs)        00000
__size_of_TMR1_Initialize                      (abs)        00000
__size_of_TMR1_SetInterruptHandler             (abs)        00000
__size_of_TMR1_WriteTimer                      (abs)        00000
__size_of_TMR2_Initialize                      (abs)        00000
__size_of_TMR4_DefaultInterruptHandler         (abs)        00000
__size_of_TMR4_ISR                             (abs)        00000
__size_of_TMR4_Initialize                      (abs)        00000
__size_of_TMR4_SetInterruptHandler             (abs)        00000
__size_of_WDT_Initialize                       (abs)        00000
__size_of__Umul8_16                            (abs)        00000
__size_of___fldiv                              (abs)        00000
__size_of___flmul                              (abs)        00000
__size_of___fltol                              (abs)        00000
__size_of___xxtofl                             (abs)        00000
__size_of_andar                                (abs)        00000
__size_of_comm                                 (abs)        00000
__size_of_controle                             (abs)        00000
__size_of_deslocamento                         (abs)        00000
__size_of_initMAX7219                          (abs)        00000
__size_of_leds                                 (abs)        00000
__size_of_main                                 (abs)        00000
__size_of_txMAX7219                            (abs)        00000
__size_of_verificacao                          (abs)        00000
__size_ofi1___fltol                            (abs)        00000
_andar                                         text6        00E47
_colect_value                                  bssBANK1     000C6
_comm                                          text47       00E8B
_controle                                      text3        00F92
_deslocamento                                  text4        007BD
_eusartRxLastError                             bssBANK1     000C1
_initMAX7219                                   text2        0074B
_leds                                          text7        00E16
_main                                          maintext     00483
_matrix                                        bssBANK1     000A0
_motor                                         bssBANK0     0006C
_pos_atual                                     dataBANK1    000EB
_pos_final                                     bssBANK1     000BC
_position                                      bssBANK1     000C2
_pulsos                                        bssBANK1     000C8
_rxByte                                        bssBANK1     000C0
_speed                                         bssBANK1     000CA
_spi1_configuration                            stringtext1  00800
_temp                                          bssBANK1     000CC
_timer1ReloadVal                               nvBANK1      000D4
_txByte                                        bssBANK1     000B8
_txMAX7219                                     text8        00CF1
_verificacao                                   text1        00D90
andar@i                                        cstackBANK0  0002E
btemp                                          (abs)        0007E
clear_ram0                                     clrtext      00B78
comm@i                                         cstackBANK0  00020
end_of_initialization                          cinit        00074
i1___fltol                                     text48       006D7
i1___fltol@exp1                                cstackCOMMON 0007A
i1___fltol@f1                                  cstackCOMMON 00070
i1___fltol@sign1                               cstackCOMMON 00079
int$flags                                      (abs)        0007E
intlevel0                                      functab      00000
intlevel1                                      functab      00000
intlevel2                                      functab      00000
intlevel3                                      functab      00000
intlevel4                                      functab      00000
intlevel5                                      functab      00000
leds@i                                         cstackBANK0  0002A
reset_vec                                      reset_vec    00000
start                                          init         0005E
start_initialization                           cinit        00060
txMAX7219@addr0                                cstackBANK0  00026
txMAX7219@addr1                                cstackBANK0  00024
txMAX7219@dat0                                 cstackBANK0  00023
txMAX7219@dat1                                 cstackBANK0  00025
wtemp0                                         (abs)        0007E


MODULE INFORMATION

Module		Function		Class		Link	Load	Size
mcc_generated_files/cmp1.c
		_CMP1_Initialize		CODE           	0C00	0000	12

mcc_generated_files/cmp1.c estimated size: 12

mcc_generated_files/fvr.c
		_FVR_Initialize		CODE           	0B53	0000	4

mcc_generated_files/fvr.c estimated size: 4

mcc_generated_files/tmr4.c
		_TMR4_ISR      		CODE           	0C42	0000	15
		_TMR4_Initialize		CODE           	0C95	0000	20
		_TMR4_SetInterruptHandler		CODE           	0BED	0000	9
		_TMR4_DefaultInterruptHandler		CODE           	0003	0000	1

mcc_generated_files/tmr4.c estimated size: 45

ledMatrix.c
		_initMAX7219   		CODE           	074B	0000	114
		_txMAX7219     		CODE           	0CF1	0000	28

ledMatrix.c estimated size: 142

mcc_generated_files/tmr2.c
		_TMR2_Initialize		CODE           	0B9D	0000	8

mcc_generated_files/tmr2.c estimated size: 8

mcc_generated_files/interrupt_manager.c
		_INTERRUPT_InterruptManager		CODE           	0004	0000	90

mcc_generated_files/interrupt_manager.c estimated size: 90

mcc_generated_files/pin_manager.c
		_IOCBF3_DefaultInterruptHandler		CODE           	0B4F	0000	1
		_IOCBF0_ISR    		CODE           	0C24	0000	15
		_PIN_MANAGER_Initialize		CODE           	0DE6	0000	48
		_IOCBF3_ISR    		CODE           	0C33	0000	15
		_IOCBF0_SetInterruptHandler		CODE           	0BC9	0000	9
		_IOCBF3_SetInterruptHandler		CODE           	0BD2	0000	9
		_PIN_MANAGER_IOC		CODE           	0C72	0000	17
		_IOCBF0_DefaultInterruptHandler		CODE           	0B4E	0000	1

mcc_generated_files/pin_manager.c estimated size: 115

mcc_generated_files/spi1.c
		_SPI1_WriteByte		CODE           	0B72	0000	6
		_SPI1_Open     		CODE           	0EE0	0000	87
		_SPI1_Initialize		CODE           	0C18	0000	12

mcc_generated_files/spi1.c estimated size: 105

mcc_generated_files/ccp4.c
		_CCP4_SetCallBack		CODE           	0BA5	0000	9
		_CCP4_CaptureISR		CODE           	0CA9	0000	22
		_CCP4_DefaultCallBack		CODE           	0B4D	0000	1
		_CCP4_Initialize		CODE           	0C83	0000	18

mcc_generated_files/ccp4.c estimated size: 50

mcc_generated_files/adc.c
		_ADC_Initialize		CODE           	0B95	0000	8
		_ADC_GetConversion		CODE           	0D29	0000	30

mcc_generated_files/adc.c estimated size: 38

mcc_generated_files/cmp2.c
		_CMP2_Initialize		CODE           	0C0C	0000	12

mcc_generated_files/cmp2.c estimated size: 12

shared
		i1___fltol     		CODE           	06D7	0000	116
		__initialization		CODE           	0060	0000	20
		_spi1_configuration		STRCODE        	0800	0000	4

shared estimated size: 140

C:\Program Files\Microchip\xc8\v2.32\pic\sources\c99\common\sprcmul.c
		___flmul       		CODE           	0078	0000	599

C:\Program Files\Microchip\xc8\v2.32\pic\sources\c99\common\sprcmul.c estimated size: 599

mcc_generated_files/mcc.c
		_WDT_Initialize		CODE           	0B57	0000	4
		_OSCILLATOR_Initialize		CODE           	0B7E	0000	7
		_SYSTEM_Initialize		CODE           	0DB8	0000	46

mcc_generated_files/mcc.c estimated size: 57

C:\Program Files\Microchip\xc8\v2.32\pic\sources\c99\common\sprcdiv.c
		___fldiv       		CODE           	02CF	0000	436

C:\Program Files\Microchip\xc8\v2.32\pic\sources\c99\common\sprcdiv.c estimated size: 436

mcc_generated_files/pwm3.c
		_PWM3_Initialize		CODE           	0BDB	0000	9
		_PWM3_LoadDutyValue		CODE           	0D0D	0000	28

mcc_generated_files/pwm3.c estimated size: 37

C:\Program Files\Microchip\xc8\v2.32\pic\sources\c99\common\Umul8_16.c
		__Umul8_16     		CODE           	0D47	0000	36

C:\Program Files\Microchip\xc8\v2.32\pic\sources\c99\common\Umul8_16.c estimated size: 36

mcc_generated_files/tmr1.c
		_TMR1_Initialize		CODE           	0CD6	0000	27
		_TMR1_SetInterruptHandler		CODE           	0BE4	0000	9
		_TMR1_DefaultInterruptHandler		CODE           	0B50	0000	1
		_TMR1_WriteTimer		CODE           	0C61	0000	17
		_TMR1_ISR      		CODE           	0CBF	0000	23

mcc_generated_files/tmr1.c estimated size: 77

C:\Program Files\Microchip\xc8\v2.32\pic\sources\c99\common\fltol.c
		___fltol       		CODE           	0651	0000	134

C:\Program Files\Microchip\xc8\v2.32\pic\sources\c99\common\fltol.c estimated size: 134

mcc_generated_files/memory.c
		_DATAEE_ReadByte		CODE           	07F3	0000	13

mcc_generated_files/memory.c estimated size: 13

C:\Program Files\Microchip\xc8\v2.32\pic\sources\c99\common\xxtofl.c
		___xxtofl      		CODE           	05A4	0000	173

C:\Program Files\Microchip\xc8\v2.32\pic\sources\c99\common\xxtofl.c estimated size: 173

mcc_generated_files/eusart.c
		_EUSART_Read   		CODE           	0C51	0000	16
		_EUSART_Write  		CODE           	0BF6	0000	10
		_EUSART_Initialize		CODE           	0D6B	0000	37
		_EUSART_SetFramingErrorHandler		CODE           	0BB7	0000	9
		_EUSART_SetErrorHandler		CODE           	0BAE	0000	9
		_EUSART_SetOverrunErrorHandler		CODE           	0BC0	0000	9
		_EUSART_is_rx_ready		CODE           	0B5B	0000	5

mcc_generated_files/eusart.c estimated size: 95

mcc_generated_files/dac.c
		_DAC_Initialize		CODE           	0B6C	0000	6

mcc_generated_files/dac.c estimated size: 6

main.c
		_S1            		CODE           	0B60	0000	6
		_S2            		CODE           	0B66	0000	6
		_verificacao   		CODE           	0D90	0000	40
		_main          		CODE           	0483	0000	289
		_controle      		CODE           	0F92	0000	110
		_Enc           		CODE           	0F37	0000	91
		_deslocamento  		CODE           	07BD	0000	54
		_comm          		CODE           	0E8B	0000	85
		_leds          		CODE           	0E16	0000	49
		_CMP1_ISR      		CODE           	0B85	0000	8
		_andar         		CODE           	0E47	0000	68
		_CMP2_ISR      		CODE           	0B8D	0000	8

main.c estimated size: 814

